/Users/liam/Documents/nezami_project/code/murata-sdk/Type2BP_SDK_UWBIOT_SR150_v04.06.05_MCUx/UWBIOT_SR150_v04.06.05_MCUx/uwbiot-top/libs/uwb-iot/uwb_api/Api/SE051_Wrapper/SE_Wrapper.c:41:13:Se_checkHandle	8	static
/Users/liam/Documents/nezami_project/code/murata-sdk/Type2BP_SDK_UWBIOT_SR150_v04.06.05_MCUx/UWBIOT_SR150_v04.06.05_MCUx/uwbiot-top/libs/uwb-iot/uwb_api/Api/SE051_Wrapper/SE_Wrapper.c:1024:20:Se_parseRspTunnel	40	static
/Users/liam/Documents/nezami_project/code/murata-sdk/Type2BP_SDK_UWBIOT_SR150_v04.06.05_MCUx/UWBIOT_SR150_v04.06.05_MCUx/uwbiot-top/libs/uwb-iot/uwb_api/Api/SE051_Wrapper/SE_Wrapper.c:152:13:Se_API_SetHandle	8	static
/Users/liam/Documents/nezami_project/code/murata-sdk/Type2BP_SDK_UWBIOT_SR150_v04.06.05_MCUx/UWBIOT_SR150_v04.06.05_MCUx/uwbiot-top/libs/uwb-iot/uwb_api/Api/SE051_Wrapper/SE_Wrapper.c:167:6:Se_API_ResetHandle	0	static
/Users/liam/Documents/nezami_project/code/murata-sdk/Type2BP_SDK_UWBIOT_SR150_v04.06.05_MCUx/UWBIOT_SR150_v04.06.05_MCUx/uwbiot-top/libs/uwb-iot/uwb_api/Api/SE051_Wrapper/SE_Wrapper.c:173:13:Se_API_Init	16	static
/Users/liam/Documents/nezami_project/code/murata-sdk/Type2BP_SDK_UWBIOT_SR150_v04.06.05_MCUx/UWBIOT_SR150_v04.06.05_MCUx/uwbiot-top/libs/uwb-iot/uwb_api/Api/SE051_Wrapper/SE_Wrapper.c:207:13:Se_API_GetBindingState	96	static
/Users/liam/Documents/nezami_project/code/murata-sdk/Type2BP_SDK_UWBIOT_SR150_v04.06.05_MCUx/UWBIOT_SR150_v04.06.05_MCUx/uwbiot-top/libs/uwb-iot/uwb_api/Api/SE051_Wrapper/SE_Wrapper.c:253:13:Se_API_GetVersion	24	static
/Users/liam/Documents/nezami_project/code/murata-sdk/Type2BP_SDK_UWBIOT_SR150_v04.06.05_MCUx/UWBIOT_SR150_v04.06.05_MCUx/uwbiot-top/libs/uwb-iot/uwb_api/Api/SE051_Wrapper/SE_Wrapper.c:316:13:Se_API_GetLifeCycle	96	static
/Users/liam/Documents/nezami_project/code/murata-sdk/Type2BP_SDK_UWBIOT_SR150_v04.06.05_MCUx/UWBIOT_SR150_v04.06.05_MCUx/uwbiot-top/libs/uwb-iot/uwb_api/Api/SE051_Wrapper/SE_Wrapper.c:350:13:Se_API_GetBindingHistory	96	static
/Users/liam/Documents/nezami_project/code/murata-sdk/Type2BP_SDK_UWBIOT_SR150_v04.06.05_MCUx/UWBIOT_SR150_v04.06.05_MCUx/uwbiot-top/libs/uwb-iot/uwb_api/Api/SE051_Wrapper/SE_Wrapper.c:385:13:Se_API_InitiateBinding	48	static
/Users/liam/Documents/nezami_project/code/murata-sdk/Type2BP_SDK_UWBIOT_SR150_v04.06.05_MCUx/UWBIOT_SR150_v04.06.05_MCUx/uwbiot-top/libs/uwb-iot/uwb_api/Api/SE051_Wrapper/SE_Wrapper.c:480:13:Se_API_WrapData	24	static
/Users/liam/Documents/nezami_project/code/murata-sdk/Type2BP_SDK_UWBIOT_SR150_v04.06.05_MCUx/UWBIOT_SR150_v04.06.05_MCUx/uwbiot-top/libs/uwb-iot/uwb_api/Api/SE051_Wrapper/SE_Wrapper.c:506:13:Se_API_SendReceive	40	static
/Users/liam/Documents/nezami_project/code/murata-sdk/Type2BP_SDK_UWBIOT_SR150_v04.06.05_MCUx/UWBIOT_SR150_v04.06.05_MCUx/uwbiot-top/libs/uwb-iot/uwb_api/Api/SE051_Wrapper/SE_Wrapper.c:539:13:Se_API_DeInit	64	static
/Users/liam/Documents/nezami_project/code/murata-sdk/Type2BP_SDK_UWBIOT_SR150_v04.06.05_MCUx/UWBIOT_SR150_v04.06.05_MCUx/uwbiot-top/libs/uwb-iot/uwb_api/Api/SE051_Wrapper/SE_Wrapper.c:414:13:Se_API_GetWrappedRDS	328	static
/Users/liam/Documents/nezami_project/code/murata-sdk/Type2BP_SDK_UWBIOT_SR150_v04.06.05_MCUx/UWBIOT_SR150_v04.06.05_MCUx/uwbiot-top/libs/uwb-iot/uwb_api/Api/SE051_Wrapper/SE_Wrapper.c:569:13:Se_API_SelectADF	320	static
/Users/liam/Documents/nezami_project/code/murata-sdk/Type2BP_SDK_UWBIOT_SR150_v04.06.05_MCUx/UWBIOT_SR150_v04.06.05_MCUx/uwbiot-top/libs/uwb-iot/uwb_api/Api/SE051_Wrapper/SE_Wrapper.c:604:13:Se_API_InitiateTransaction	320	static
/Users/liam/Documents/nezami_project/code/murata-sdk/Type2BP_SDK_UWBIOT_SR150_v04.06.05_MCUx/UWBIOT_SR150_v04.06.05_MCUx/uwbiot-top/libs/uwb-iot/uwb_api/Api/SE051_Wrapper/SE_Wrapper.c:644:13:Se_API_Dispatch	320	static
/Users/liam/Documents/nezami_project/code/murata-sdk/Type2BP_SDK_UWBIOT_SR150_v04.06.05_MCUx/UWBIOT_SR150_v04.06.05_MCUx/uwbiot-top/libs/uwb-iot/uwb_api/Api/SE051_Wrapper/SE_Wrapper.c:687:13:Se_API_RemoteGetData	584	static
/Users/liam/Documents/nezami_project/code/murata-sdk/Type2BP_SDK_UWBIOT_SR150_v04.06.05_MCUx/UWBIOT_SR150_v04.06.05_MCUx/uwbiot-top/libs/uwb-iot/uwb_api/Api/SE051_Wrapper/SE_Wrapper.c:726:13:Se_API_RemotePutData	584	static
/Users/liam/Documents/nezami_project/code/murata-sdk/Type2BP_SDK_UWBIOT_SR150_v04.06.05_MCUx/UWBIOT_SR150_v04.06.05_MCUx/uwbiot-top/libs/uwb-iot/uwb_api/Api/SE051_Wrapper/SE_Wrapper.c:765:13:Se_API_LocalGetData	32	static
/Users/liam/Documents/nezami_project/code/murata-sdk/Type2BP_SDK_UWBIOT_SR150_v04.06.05_MCUx/UWBIOT_SR150_v04.06.05_MCUx/uwbiot-top/libs/uwb-iot/uwb_api/Api/SE051_Wrapper/SE_Wrapper.c:279:13:Se_API_GetFiraLiteVersion	120	static
/Users/liam/Documents/nezami_project/code/murata-sdk/Type2BP_SDK_UWBIOT_SR150_v04.06.05_MCUx/UWBIOT_SR150_v04.06.05_MCUx/uwbiot-top/libs/uwb-iot/uwb_api/Api/SE051_Wrapper/SE_Wrapper.c:788:13:Se_API_LocalPutData	24	static
/Users/liam/Documents/nezami_project/code/murata-sdk/Type2BP_SDK_UWBIOT_SR150_v04.06.05_MCUx/UWBIOT_SR150_v04.06.05_MCUx/uwbiot-top/libs/uwb-iot/uwb_api/Api/SE051_Wrapper/SE_Wrapper.c:811:13:Se_API_RemotePutData_WithoutTunnel	40	static
/Users/liam/Documents/nezami_project/code/murata-sdk/Type2BP_SDK_UWBIOT_SR150_v04.06.05_MCUx/UWBIOT_SR150_v04.06.05_MCUx/uwbiot-top/libs/uwb-iot/uwb_api/Api/SE051_Wrapper/SE_Wrapper.c:838:13:Se_API_RemoteGetData_WithoutTunnel	40	static
