C:/Users/lr228/UWBIOT_SR150_LiamRoth/uwbiot-top/libs/uwb-iot/uwb_api/PrintUtility/PrintUtility.c:20:14:printGenericErrorStatus	8	static
C:/Users/lr228/UWBIOT_SR150_LiamRoth/uwbiot-top/libs/uwb-iot/uwb_api/PrintUtility/PrintUtility.c:27:14:printSessionStatusData	16	static
C:/Users/lr228/UWBIOT_SR150_LiamRoth/uwbiot-top/libs/uwb-iot/uwb_api/PrintUtility/PrintUtility.c:39:14:printUwbSessionData	40	static
C:/Users/lr228/UWBIOT_SR150_LiamRoth/uwbiot-top/libs/uwb-iot/uwb_api/PrintUtility/PrintUtility.c:56:14:printMulticastListStatus	40	static
C:/Users/lr228/UWBIOT_SR150_LiamRoth/uwbiot-top/libs/uwb-iot/uwb_api/PrintUtility/PrintUtility.c:83:14:printRangingParams	8	static
C:/Users/lr228/UWBIOT_SR150_LiamRoth/uwbiot-top/libs/uwb-iot/uwb_api/PrintUtility/PrintUtility.c:106:14:printRangingData	48	static
C:/Users/lr228/UWBIOT_SR150_LiamRoth/uwbiot-top/libs/uwb-iot/uwb_api/PrintUtility/PrintUtility.c:401:14:printTransmitStatus	16	static
C:/Users/lr228/UWBIOT_SR150_LiamRoth/uwbiot-top/libs/uwb-iot/uwb_api/PrintUtility/PrintUtility.c:418:14:printRcvDataStatus	24	static
C:/Users/lr228/UWBIOT_SR150_LiamRoth/uwbiot-top/libs/uwb-iot/uwb_api/PrintUtility/PrintUtility.c:474:14:printWiFiCoExIndNtf	0	static
C:/Users/lr228/UWBIOT_SR150_LiamRoth/uwbiot-top/libs/uwb-iot/uwb_api/PrintUtility/PrintUtility.c:485:14:printAliroRangingData	8	static
C:/Users/lr228/UWBIOT_SR150_LiamRoth/uwbiot-top/libs/uwb-iot/uwb_api/PrintUtility/PrintUtility.c:537:14:printDataTxPhaseCfgNtf	16	static
