/Users/liam/Documents/nezami_project/code/murata-sdk/Type2BP_SDK_UWBIOT_SR150_v04.06.05_MCUx/UWBIOT_SR150_v04.06.05_MCUx/uwbiot-top/ext/boards/qn9090/devices/QN9090/drivers/fsl_dma.c:79:17:DMA_GetInstance	8	static
/Users/liam/Documents/nezami_project/code/murata-sdk/Type2BP_SDK_UWBIOT_SR150_v04.06.05_MCUx/UWBIOT_SR150_v04.06.05_MCUx/uwbiot-top/ext/boards/qn9090/devices/QN9090/drivers/fsl_dma.c:119:6:DMA_Init	8	static
/Users/liam/Documents/nezami_project/code/murata-sdk/Type2BP_SDK_UWBIOT_SR150_v04.06.05_MCUx/UWBIOT_SR150_v04.06.05_MCUx/uwbiot-top/ext/boards/qn9090/devices/QN9090/drivers/fsl_dma.c:144:6:DMA_Deinit	8	static
/Users/liam/Documents/nezami_project/code/murata-sdk/Type2BP_SDK_UWBIOT_SR150_v04.06.05_MCUx/UWBIOT_SR150_v04.06.05_MCUx/uwbiot-top/ext/boards/qn9090/devices/QN9090/drivers/fsl_dma.c:161:6:DMA_ConfigureChannelTrigger	8	static
/Users/liam/Documents/nezami_project/code/murata-sdk/Type2BP_SDK_UWBIOT_SR150_v04.06.05_MCUx/UWBIOT_SR150_v04.06.05_MCUx/uwbiot-top/ext/boards/qn9090/devices/QN9090/drivers/fsl_dma.c:180:10:DMA_GetRemainingBytes	8	static
/Users/liam/Documents/nezami_project/code/murata-sdk/Type2BP_SDK_UWBIOT_SR150_v04.06.05_MCUx/UWBIOT_SR150_v04.06.05_MCUx/uwbiot-top/ext/boards/qn9090/devices/QN9090/drivers/fsl_dma.c:253:6:DMA_SetupDescriptor	16	static
/Users/liam/Documents/nezami_project/code/murata-sdk/Type2BP_SDK_UWBIOT_SR150_v04.06.05_MCUx/UWBIOT_SR150_v04.06.05_MCUx/uwbiot-top/ext/boards/qn9090/devices/QN9090/drivers/fsl_dma.c:302:6:DMA_SetupChannelDescriptor	24	static
/Users/liam/Documents/nezami_project/code/murata-sdk/Type2BP_SDK_UWBIOT_SR150_v04.06.05_MCUx/UWBIOT_SR150_v04.06.05_MCUx/uwbiot-top/ext/boards/qn9090/devices/QN9090/drivers/fsl_dma.c:376:6:DMA_CreateDescriptor	32	static
/Users/liam/Documents/nezami_project/code/murata-sdk/Type2BP_SDK_UWBIOT_SR150_v04.06.05_MCUx/UWBIOT_SR150_v04.06.05_MCUx/uwbiot-top/ext/boards/qn9090/devices/QN9090/drivers/fsl_dma.c:397:6:DMA_AbortTransfer	8	static
/Users/liam/Documents/nezami_project/code/murata-sdk/Type2BP_SDK_UWBIOT_SR150_v04.06.05_MCUx/UWBIOT_SR150_v04.06.05_MCUx/uwbiot-top/ext/boards/qn9090/devices/QN9090/drivers/fsl_dma.c:420:6:DMA_CreateHandle	24	static
/Users/liam/Documents/nezami_project/code/murata-sdk/Type2BP_SDK_UWBIOT_SR150_v04.06.05_MCUx/UWBIOT_SR150_v04.06.05_MCUx/uwbiot-top/ext/boards/qn9090/devices/QN9090/drivers/fsl_dma.c:450:6:DMA_SetCallback	8	static
/Users/liam/Documents/nezami_project/code/murata-sdk/Type2BP_SDK_UWBIOT_SR150_v04.06.05_MCUx/UWBIOT_SR150_v04.06.05_MCUx/uwbiot-top/ext/boards/qn9090/devices/QN9090/drivers/fsl_dma.c:475:6:DMA_PrepareTransfer	32	static
/Users/liam/Documents/nezami_project/code/murata-sdk/Type2BP_SDK_UWBIOT_SR150_v04.06.05_MCUx/UWBIOT_SR150_v04.06.05_MCUx/uwbiot-top/ext/boards/qn9090/devices/QN9090/drivers/fsl_dma.c:540:6:DMA_SetChannelConfig	8	static
/Users/liam/Documents/nezami_project/code/murata-sdk/Type2BP_SDK_UWBIOT_SR150_v04.06.05_MCUx/UWBIOT_SR150_v04.06.05_MCUx/uwbiot-top/ext/boards/qn9090/devices/QN9090/drivers/fsl_dma.c:578:6:DMA_PrepareChannelTransfer	32	static
/Users/liam/Documents/nezami_project/code/murata-sdk/Type2BP_SDK_UWBIOT_SR150_v04.06.05_MCUx/UWBIOT_SR150_v04.06.05_MCUx/uwbiot-top/ext/boards/qn9090/devices/QN9090/drivers/fsl_dma.c:636:6:DMA_LoadChannelDescriptor	16	static
/Users/liam/Documents/nezami_project/code/murata-sdk/Type2BP_SDK_UWBIOT_SR150_v04.06.05_MCUx/UWBIOT_SR150_v04.06.05_MCUx/uwbiot-top/ext/boards/qn9090/devices/QN9090/drivers/fsl_dma.c:665:6:DMA_InstallDescriptorMemory	8	static
/Users/liam/Documents/nezami_project/code/murata-sdk/Type2BP_SDK_UWBIOT_SR150_v04.06.05_MCUx/UWBIOT_SR150_v04.06.05_MCUx/uwbiot-top/ext/boards/qn9090/devices/QN9090/drivers/fsl_dma.c:715:6:DMA_SubmitChannelTransferParameter	32	static
/Users/liam/Documents/nezami_project/code/murata-sdk/Type2BP_SDK_UWBIOT_SR150_v04.06.05_MCUx/UWBIOT_SR150_v04.06.05_MCUx/uwbiot-top/ext/boards/qn9090/devices/QN9090/drivers/fsl_dma.c:756:6:DMA_SubmitChannelDescriptor	8	static
/Users/liam/Documents/nezami_project/code/murata-sdk/Type2BP_SDK_UWBIOT_SR150_v04.06.05_MCUx/UWBIOT_SR150_v04.06.05_MCUx/uwbiot-top/ext/boards/qn9090/devices/QN9090/drivers/fsl_dma.c:820:10:DMA_SubmitChannelTransfer	40	static
/Users/liam/Documents/nezami_project/code/murata-sdk/Type2BP_SDK_UWBIOT_SR150_v04.06.05_MCUx/UWBIOT_SR150_v04.06.05_MCUx/uwbiot-top/ext/boards/qn9090/devices/QN9090/drivers/fsl_dma.c:863:10:DMA_SubmitTransfer	40	static
/Users/liam/Documents/nezami_project/code/murata-sdk/Type2BP_SDK_UWBIOT_SR150_v04.06.05_MCUx/UWBIOT_SR150_v04.06.05_MCUx/uwbiot-top/ext/boards/qn9090/devices/QN9090/drivers/fsl_dma.c:902:6:DMA_StartTransfer	8	static
/Users/liam/Documents/nezami_project/code/murata-sdk/Type2BP_SDK_UWBIOT_SR150_v04.06.05_MCUx/UWBIOT_SR150_v04.06.05_MCUx/uwbiot-top/ext/boards/qn9090/devices/QN9090/drivers/fsl_dma.c:919:6:DMA_IRQHandle	40	static
/Users/liam/Documents/nezami_project/code/murata-sdk/Type2BP_SDK_UWBIOT_SR150_v04.06.05_MCUx/UWBIOT_SR150_v04.06.05_MCUx/uwbiot-top/ext/boards/qn9090/devices/QN9090/drivers/fsl_dma.c:969:6:DMA0_DriverIRQHandler	8	static
