/Users/liam/Documents/nezami_project/code/murata-sdk/Type2BP_SDK_UWBIOT_SR150_v04.06.05_MCUx/UWBIOT_SR150_LiamRoth/uwbiot-top/ext/boards/qn9090/devices/QN9090/drivers/fsl_clock.c:1207:16:CLOCK_u8OscCapConvert	0	static
/Users/liam/Documents/nezami_project/code/murata-sdk/Type2BP_SDK_UWBIOT_SR150_v04.06.05_MCUx/UWBIOT_SR150_LiamRoth/uwbiot-top/ext/boards/qn9090/devices/QN9090/drivers/fsl_clock.c:82:6:CLOCK_AttachClk	0	static
/Users/liam/Documents/nezami_project/code/murata-sdk/Type2BP_SDK_UWBIOT_SR150_v04.06.05_MCUx/UWBIOT_SR150_LiamRoth/uwbiot-top/ext/boards/qn9090/devices/QN9090/drivers/fsl_clock.c:194:6:CLOCK_SetClkDiv	4	static
/Users/liam/Documents/nezami_project/code/murata-sdk/Type2BP_SDK_UWBIOT_SR150_v04.06.05_MCUx/UWBIOT_SR150_LiamRoth/uwbiot-top/ext/boards/qn9090/devices/QN9090/drivers/fsl_clock.c:221:10:CLOCK_GetClkDiv	0	static
/Users/liam/Documents/nezami_project/code/murata-sdk/Type2BP_SDK_UWBIOT_SR150_v04.06.05_MCUx/UWBIOT_SR150_LiamRoth/uwbiot-top/ext/boards/qn9090/devices/QN9090/drivers/fsl_clock.c:572:10:CLOCK_GetXtal32kFreq	0	static
/Users/liam/Documents/nezami_project/code/murata-sdk/Type2BP_SDK_UWBIOT_SR150_v04.06.05_MCUx/UWBIOT_SR150_LiamRoth/uwbiot-top/ext/boards/qn9090/devices/QN9090/drivers/fsl_clock.c:584:10:CLOCK_GetXtal32MFreq	0	static
/Users/liam/Documents/nezami_project/code/murata-sdk/Type2BP_SDK_UWBIOT_SR150_v04.06.05_MCUx/UWBIOT_SR150_LiamRoth/uwbiot-top/ext/boards/qn9090/devices/QN9090/drivers/fsl_clock.c:589:10:CLOCK_GetFro32kFreq	0	static
/Users/liam/Documents/nezami_project/code/murata-sdk/Type2BP_SDK_UWBIOT_SR150_v04.06.05_MCUx/UWBIOT_SR150_LiamRoth/uwbiot-top/ext/boards/qn9090/devices/QN9090/drivers/fsl_clock.c:544:10:CLOCK_GetOsc32kFreq	8	static
/Users/liam/Documents/nezami_project/code/murata-sdk/Type2BP_SDK_UWBIOT_SR150_v04.06.05_MCUx/UWBIOT_SR150_LiamRoth/uwbiot-top/ext/boards/qn9090/devices/QN9090/drivers/fsl_clock.c:601:10:CLOCK_GetFro1MFreq	0	static
/Users/liam/Documents/nezami_project/code/murata-sdk/Type2BP_SDK_UWBIOT_SR150_v04.06.05_MCUx/UWBIOT_SR150_LiamRoth/uwbiot-top/ext/boards/qn9090/devices/QN9090/drivers/fsl_clock.c:606:10:CLOCK_GetFro12MFreq	0	static
/Users/liam/Documents/nezami_project/code/murata-sdk/Type2BP_SDK_UWBIOT_SR150_v04.06.05_MCUx/UWBIOT_SR150_LiamRoth/uwbiot-top/ext/boards/qn9090/devices/QN9090/drivers/fsl_clock.c:618:10:CLOCK_GetFro32MFreq	0	static
/Users/liam/Documents/nezami_project/code/murata-sdk/Type2BP_SDK_UWBIOT_SR150_v04.06.05_MCUx/UWBIOT_SR150_LiamRoth/uwbiot-top/ext/boards/qn9090/devices/QN9090/drivers/fsl_clock.c:558:10:CLOCK_GetOsc32MFreq	8	static
/Users/liam/Documents/nezami_project/code/murata-sdk/Type2BP_SDK_UWBIOT_SR150_v04.06.05_MCUx/UWBIOT_SR150_LiamRoth/uwbiot-top/ext/boards/qn9090/devices/QN9090/drivers/fsl_clock.c:338:10:CLOCK_GetWdtOscFreq	8	static
/Users/liam/Documents/nezami_project/code/murata-sdk/Type2BP_SDK_UWBIOT_SR150_v04.06.05_MCUx/UWBIOT_SR150_LiamRoth/uwbiot-top/ext/boards/qn9090/devices/QN9090/drivers/fsl_clock.c:630:10:CLOCK_GetFro48MFreq	0	static
/Users/liam/Documents/nezami_project/code/murata-sdk/Type2BP_SDK_UWBIOT_SR150_v04.06.05_MCUx/UWBIOT_SR150_LiamRoth/uwbiot-top/ext/boards/qn9090/devices/QN9090/drivers/fsl_clock.c:398:10:CLOCK_GetPWMClockFreq	8	static
/Users/liam/Documents/nezami_project/code/murata-sdk/Type2BP_SDK_UWBIOT_SR150_v04.06.05_MCUx/UWBIOT_SR150_LiamRoth/uwbiot-top/ext/boards/qn9090/devices/QN9090/drivers/fsl_clock.c:506:10:CLOCK_GetMainClockRate	8	static
/Users/liam/Documents/nezami_project/code/murata-sdk/Type2BP_SDK_UWBIOT_SR150_v04.06.05_MCUx/UWBIOT_SR150_LiamRoth/uwbiot-top/ext/boards/qn9090/devices/QN9090/drivers/fsl_clock.c:499:10:CLOCK_GetCoreSysClkFreq	8	static
/Users/liam/Documents/nezami_project/code/murata-sdk/Type2BP_SDK_UWBIOT_SR150_v04.06.05_MCUx/UWBIOT_SR150_LiamRoth/uwbiot-top/ext/boards/qn9090/devices/QN9090/drivers/fsl_clock.c:232:10:CLOCK_GetFRGInputClock	8	static
/Users/liam/Documents/nezami_project/code/murata-sdk/Type2BP_SDK_UWBIOT_SR150_v04.06.05_MCUx/UWBIOT_SR150_LiamRoth/uwbiot-top/ext/boards/qn9090/devices/QN9090/drivers/fsl_clock.c:261:10:CLOCK_SetFRGClock	8	static
/Users/liam/Documents/nezami_project/code/murata-sdk/Type2BP_SDK_UWBIOT_SR150_v04.06.05_MCUx/UWBIOT_SR150_LiamRoth/uwbiot-top/ext/boards/qn9090/devices/QN9090/drivers/fsl_clock.c:279:10:CLOCK_GetFRGClock	8	static
/Users/liam/Documents/nezami_project/code/murata-sdk/Type2BP_SDK_UWBIOT_SR150_v04.06.05_MCUx/UWBIOT_SR150_LiamRoth/uwbiot-top/ext/boards/qn9090/devices/QN9090/drivers/fsl_clock.c:642:10:CLOCK_GetFro64MFreq	0	static
/Users/liam/Documents/nezami_project/code/murata-sdk/Type2BP_SDK_UWBIOT_SR150_v04.06.05_MCUx/UWBIOT_SR150_LiamRoth/uwbiot-top/ext/boards/qn9090/devices/QN9090/drivers/fsl_clock.c:293:10:CLOCK_GetClkOutFreq	8	static
/Users/liam/Documents/nezami_project/code/murata-sdk/Type2BP_SDK_UWBIOT_SR150_v04.06.05_MCUx/UWBIOT_SR150_LiamRoth/uwbiot-top/ext/boards/qn9090/devices/QN9090/drivers/fsl_clock.c:368:10:CLOCK_GetSpifiOscFreq	8	static
/Users/liam/Documents/nezami_project/code/murata-sdk/Type2BP_SDK_UWBIOT_SR150_v04.06.05_MCUx/UWBIOT_SR150_LiamRoth/uwbiot-top/ext/boards/qn9090/devices/QN9090/drivers/fsl_clock.c:657:10:CLOCK_GetSpifiClkFreq	8	static
/Users/liam/Documents/nezami_project/code/murata-sdk/Type2BP_SDK_UWBIOT_SR150_v04.06.05_MCUx/UWBIOT_SR150_LiamRoth/uwbiot-top/ext/boards/qn9090/devices/QN9090/drivers/fsl_clock.c:695:10:CLOCK_GetAdcClock	8	static
/Users/liam/Documents/nezami_project/code/murata-sdk/Type2BP_SDK_UWBIOT_SR150_v04.06.05_MCUx/UWBIOT_SR150_LiamRoth/uwbiot-top/ext/boards/qn9090/devices/QN9090/drivers/fsl_clock.c:731:10:CLOCK_GetApbCLkFreq	8	static
/Users/liam/Documents/nezami_project/code/murata-sdk/Type2BP_SDK_UWBIOT_SR150_v04.06.05_MCUx/UWBIOT_SR150_LiamRoth/uwbiot-top/ext/boards/qn9090/devices/QN9090/drivers/fsl_clock.c:427:10:CLOCK_GetFreq	8	static
/Users/liam/Documents/nezami_project/code/murata-sdk/Type2BP_SDK_UWBIOT_SR150_v04.06.05_MCUx/UWBIOT_SR150_LiamRoth/uwbiot-top/ext/boards/qn9090/devices/QN9090/drivers/fsl_clock.c:838:6:CLOCK_DisableClock	0	static
/Users/liam/Documents/nezami_project/code/murata-sdk/Type2BP_SDK_UWBIOT_SR150_v04.06.05_MCUx/UWBIOT_SR150_LiamRoth/uwbiot-top/ext/boards/qn9090/devices/QN9090/drivers/fsl_clock.c:896:6:CLOCK_IsClockEnable	0	static
/Users/liam/Documents/nezami_project/code/murata-sdk/Type2BP_SDK_UWBIOT_SR150_v04.06.05_MCUx/UWBIOT_SR150_LiamRoth/uwbiot-top/ext/boards/qn9090/devices/QN9090/drivers/fsl_clock.c:902:6:CLOCK_EnableAPBBridge	0	static
/Users/liam/Documents/nezami_project/code/murata-sdk/Type2BP_SDK_UWBIOT_SR150_v04.06.05_MCUx/UWBIOT_SR150_LiamRoth/uwbiot-top/ext/boards/qn9090/devices/QN9090/drivers/fsl_clock.c:907:6:CLOCK_DisableAPBBridge	0	static
/Users/liam/Documents/nezami_project/code/murata-sdk/Type2BP_SDK_UWBIOT_SR150_v04.06.05_MCUx/UWBIOT_SR150_LiamRoth/uwbiot-top/ext/boards/qn9090/devices/QN9090/drivers/fsl_clock.c:1015:6:CLOCK_Xtal32M_Trim	32	static
/Users/liam/Documents/nezami_project/code/murata-sdk/Type2BP_SDK_UWBIOT_SR150_v04.06.05_MCUx/UWBIOT_SR150_LiamRoth/uwbiot-top/ext/boards/qn9090/devices/QN9090/drivers/fsl_clock.c:959:6:CLOCK_XtalBasicTrim	8	static
/Users/liam/Documents/nezami_project/code/murata-sdk/Type2BP_SDK_UWBIOT_SR150_v04.06.05_MCUx/UWBIOT_SR150_LiamRoth/uwbiot-top/ext/boards/qn9090/devices/QN9090/drivers/fsl_clock.c:1099:6:CLOCK_Xtal32k_Trim	32	static
/Users/liam/Documents/nezami_project/code/murata-sdk/Type2BP_SDK_UWBIOT_SR150_v04.06.05_MCUx/UWBIOT_SR150_LiamRoth/uwbiot-top/ext/boards/qn9090/devices/QN9090/drivers/fsl_clock.c:1163:6:CLOCK_SetXtal32M_LDO	0	static
/Users/liam/Documents/nezami_project/code/murata-sdk/Type2BP_SDK_UWBIOT_SR150_v04.06.05_MCUx/UWBIOT_SR150_LiamRoth/uwbiot-top/ext/boards/qn9090/devices/QN9090/drivers/fsl_clock.c:1246:6:DelayLoopN	0	static
/Users/liam/Documents/nezami_project/code/murata-sdk/Type2BP_SDK_UWBIOT_SR150_v04.06.05_MCUx/UWBIOT_SR150_LiamRoth/uwbiot-top/ext/boards/qn9090/devices/QN9090/drivers/fsl_clock.c:916:6:CLOCK_uDelay	8	static
/Users/liam/Documents/nezami_project/code/murata-sdk/Type2BP_SDK_UWBIOT_SR150_v04.06.05_MCUx/UWBIOT_SR150_LiamRoth/uwbiot-top/ext/boards/qn9090/devices/QN9090/drivers/fsl_clock.c:1196:6:CLOCK_Xtal32M_WaitUntilStable	8	static
/Users/liam/Documents/nezami_project/code/murata-sdk/Type2BP_SDK_UWBIOT_SR150_v04.06.05_MCUx/UWBIOT_SR150_LiamRoth/uwbiot-top/ext/boards/qn9090/devices/QN9090/drivers/fsl_clock.c:762:6:CLOCK_EnableClock	8	static
/Users/liam/Documents/nezami_project/code/murata-sdk/Type2BP_SDK_UWBIOT_SR150_v04.06.05_MCUx/UWBIOT_SR150_LiamRoth/uwbiot-top/ext/boards/qn9090/devices/QN9090/drivers/fsl_clock.c:1240:6:DelayUsecMHz	8	static
