C:/Users/lr228/UWBIOT_SR150_LiamRoth/uwbiot-top/ext/boards/qn9090/devices/QN9090/drivers/fsl_pwm.c:37:6:PWM_GetDefaultConfig	8	static
C:/Users/lr228/UWBIOT_SR150_LiamRoth/uwbiot-top/ext/boards/qn9090/devices/QN9090/drivers/fsl_pwm.c:47:10:PWM_Init	8	static
C:/Users/lr228/UWBIOT_SR150_LiamRoth/uwbiot-top/ext/boards/qn9090/devices/QN9090/drivers/fsl_pwm.c:86:6:PWM_Deinit	8	static
C:/Users/lr228/UWBIOT_SR150_LiamRoth/uwbiot-top/ext/boards/qn9090/devices/QN9090/drivers/fsl_pwm.c:97:10:PWM_SetupPwm	12	static
C:/Users/lr228/UWBIOT_SR150_LiamRoth/uwbiot-top/ext/boards/qn9090/devices/QN9090/drivers/fsl_pwm.c:137:10:PWM_GetStatusFlags	0	static
C:/Users/lr228/UWBIOT_SR150_LiamRoth/uwbiot-top/ext/boards/qn9090/devices/QN9090/drivers/fsl_pwm.c:152:6:PWM_ClearStatusFlags	4	static
C:/Users/lr228/UWBIOT_SR150_LiamRoth/uwbiot-top/ext/boards/qn9090/devices/QN9090/drivers/fsl_pwm.c:166:10:PWM_ReadPeriodValue	0	static
C:/Users/lr228/UWBIOT_SR150_LiamRoth/uwbiot-top/ext/boards/qn9090/devices/QN9090/drivers/fsl_pwm.c:177:10:PWM_ReadCompareValue	0	static
