/Users/liam/Documents/nezami_project/code/murata-sdk/Type2BP_SDK_UWBIOT_SR150_v04.06.05_MCUx/UWBIOT_SR150_v04.06.05_MCUx/uwbiot-top/ext/boards/qn9090/devices/QN9090/drivers/fsl_spifi.c:50:10:SPIFI_GetInstance	8	static
/Users/liam/Documents/nezami_project/code/murata-sdk/Type2BP_SDK_UWBIOT_SR150_v04.06.05_MCUx/UWBIOT_SR150_v04.06.05_MCUx/uwbiot-top/ext/boards/qn9090/devices/QN9090/drivers/fsl_spifi.c:73:6:SPIFI_GetDefaultConfig	8	static
/Users/liam/Documents/nezami_project/code/murata-sdk/Type2BP_SDK_UWBIOT_SR150_v04.06.05_MCUx/UWBIOT_SR150_v04.06.05_MCUx/uwbiot-top/ext/boards/qn9090/devices/QN9090/drivers/fsl_spifi.c:96:6:SPIFI_Init	16	static
/Users/liam/Documents/nezami_project/code/murata-sdk/Type2BP_SDK_UWBIOT_SR150_v04.06.05_MCUx/UWBIOT_SR150_v04.06.05_MCUx/uwbiot-top/ext/boards/qn9090/devices/QN9090/drivers/fsl_spifi.c:124:6:SPIFI_Deinit	8	static
/Users/liam/Documents/nezami_project/code/murata-sdk/Type2BP_SDK_UWBIOT_SR150_v04.06.05_MCUx/UWBIOT_SR150_v04.06.05_MCUx/uwbiot-top/ext/boards/qn9090/devices/QN9090/drivers/fsl_spifi.c:138:6:SPIFI_SetCommand	0	static
/Users/liam/Documents/nezami_project/code/murata-sdk/Type2BP_SDK_UWBIOT_SR150_v04.06.05_MCUx/UWBIOT_SR150_v04.06.05_MCUx/uwbiot-top/ext/boards/qn9090/devices/QN9090/drivers/fsl_spifi.c:165:6:SPIFI_SetMemoryCommand	0	static
/Users/liam/Documents/nezami_project/code/murata-sdk/Type2BP_SDK_UWBIOT_SR150_v04.06.05_MCUx/UWBIOT_SR150_v04.06.05_MCUx/uwbiot-top/ext/boards/qn9090/devices/QN9090/drivers/fsl_spifi.c:181:6:SPIFI_WriteBuffer	20	static
/Users/liam/Documents/nezami_project/code/murata-sdk/Type2BP_SDK_UWBIOT_SR150_v04.06.05_MCUx/UWBIOT_SR150_v04.06.05_MCUx/uwbiot-top/ext/boards/qn9090/devices/QN9090/drivers/fsl_spifi.c:231:6:SPIFI_WritePartialWord	0	static
/Users/liam/Documents/nezami_project/code/murata-sdk/Type2BP_SDK_UWBIOT_SR150_v04.06.05_MCUx/UWBIOT_SR150_v04.06.05_MCUx/uwbiot-top/ext/boards/qn9090/devices/QN9090/drivers/fsl_spifi.c:258:10:SPIFI_ReadPartialWord	0	static
/Users/liam/Documents/nezami_project/code/murata-sdk/Type2BP_SDK_UWBIOT_SR150_v04.06.05_MCUx/UWBIOT_SR150_v04.06.05_MCUx/uwbiot-top/ext/boards/qn9090/devices/QN9090/drivers/fsl_spifi.c:296:6:SPIFI_WriteDataHalfword	0	static
/Users/liam/Documents/nezami_project/code/murata-sdk/Type2BP_SDK_UWBIOT_SR150_v04.06.05_MCUx/UWBIOT_SR150_v04.06.05_MCUx/uwbiot-top/ext/boards/qn9090/devices/QN9090/drivers/fsl_spifi.c:311:10:SPIFI_ReadDataHalfword	0	static
