/Users/liam/Documents/nezami_project/code/murata-sdk/Type2BP_SDK_UWBIOT_SR150_v04.06.05_MCUx/UWBIOT_SR150_LiamRoth/uwbiot-top/ext/boards/qn9090/devices/QN9090/drivers/fsl_rtc.c:59:13:RTC_CheckDatetimeFormat	24	static
/Users/liam/Documents/nezami_project/code/murata-sdk/Type2BP_SDK_UWBIOT_SR150_v04.06.05_MCUx/UWBIOT_SR150_LiamRoth/uwbiot-top/ext/boards/qn9090/devices/QN9090/drivers/fsl_rtc.c:91:17:RTC_ConvertDatetimeToSeconds	40	static
/Users/liam/Documents/nezami_project/code/murata-sdk/Type2BP_SDK_UWBIOT_SR150_v04.06.05_MCUx/UWBIOT_SR150_LiamRoth/uwbiot-top/ext/boards/qn9090/devices/QN9090/drivers/fsl_rtc.c:121:13:RTC_ConvertSecondsToDatetime	32	static
/Users/liam/Documents/nezami_project/code/murata-sdk/Type2BP_SDK_UWBIOT_SR150_v04.06.05_MCUx/UWBIOT_SR150_LiamRoth/uwbiot-top/ext/boards/qn9090/devices/QN9090/drivers/fsl_rtc.c:199:6:RTC_Init	8	static
/Users/liam/Documents/nezami_project/code/murata-sdk/Type2BP_SDK_UWBIOT_SR150_v04.06.05_MCUx/UWBIOT_SR150_LiamRoth/uwbiot-top/ext/boards/qn9090/devices/QN9090/drivers/fsl_rtc.c:230:10:RTC_SetDatetime	16	static
/Users/liam/Documents/nezami_project/code/murata-sdk/Type2BP_SDK_UWBIOT_SR150_v04.06.05_MCUx/UWBIOT_SR150_LiamRoth/uwbiot-top/ext/boards/qn9090/devices/QN9090/drivers/fsl_rtc.c:252:6:RTC_GetDatetime	8	static
/Users/liam/Documents/nezami_project/code/murata-sdk/Type2BP_SDK_UWBIOT_SR150_v04.06.05_MCUx/UWBIOT_SR150_LiamRoth/uwbiot-top/ext/boards/qn9090/devices/QN9090/drivers/fsl_rtc.c:275:10:RTC_SetAlarm	16	static
/Users/liam/Documents/nezami_project/code/murata-sdk/Type2BP_SDK_UWBIOT_SR150_v04.06.05_MCUx/UWBIOT_SR150_LiamRoth/uwbiot-top/ext/boards/qn9090/devices/QN9090/drivers/fsl_rtc.c:311:6:RTC_GetAlarm	8	static
