C:/Users/lr228/UWBIOT_SR150_LiamRoth/uwbiot-top/ext/boards/qn9090/devices/QN9090/drivers/fsl_adc.c:24:17:ADC_GetInstance	8	static
C:/Users/lr228/UWBIOT_SR150_LiamRoth/uwbiot-top/ext/boards/qn9090/devices/QN9090/drivers/fsl_adc.c:48:6:ADC_Init	16	static
C:/Users/lr228/UWBIOT_SR150_LiamRoth/uwbiot-top/ext/boards/qn9090/devices/QN9090/drivers/fsl_adc.c:149:6:ADC_GetDefaultConfig	8	static
C:/Users/lr228/UWBIOT_SR150_LiamRoth/uwbiot-top/ext/boards/qn9090/devices/QN9090/drivers/fsl_adc.c:182:6:ADC_Deinit	8	static
C:/Users/lr228/UWBIOT_SR150_LiamRoth/uwbiot-top/ext/boards/qn9090/devices/QN9090/drivers/fsl_adc.c:304:6:ADC_SetConvSeqAConfig	8	static
C:/Users/lr228/UWBIOT_SR150_LiamRoth/uwbiot-top/ext/boards/qn9090/devices/QN9090/drivers/fsl_adc.c:408:6:ADC_GetConvSeqAGlobalConversionResult	8	static
C:/Users/lr228/UWBIOT_SR150_LiamRoth/uwbiot-top/ext/boards/qn9090/devices/QN9090/drivers/fsl_adc.c:471:6:ADC_GetChannelConversionResult	8	static
C:/Users/lr228/UWBIOT_SR150_LiamRoth/uwbiot-top/ext/boards/qn9090/devices/QN9090/drivers/fsl_adc.c:510:6:ADC_EnableTemperatureSensor	0	static
