C:/Users/lr228/UWBIOT_SR150_LiamRoth/uwbiot-top/ext/boards/qn9090/bluetooth/framework/TimersManager/source/TimersManager.c:306:13:TMR_SetTimerStatus	0	static
C:/Users/lr228/UWBIOT_SR150_LiamRoth/uwbiot-top/ext/boards/qn9090/bluetooth/framework/TimersManager/source/TimersManager.c:558:6:StackTimer_ISR	8	static
C:/Users/lr228/UWBIOT_SR150_LiamRoth/uwbiot-top/ext/boards/qn9090/bluetooth/framework/TimersManager/source/TimersManager.c:407:19:TmrTicksFromMilliseconds	8	static
C:/Users/lr228/UWBIOT_SR150_LiamRoth/uwbiot-top/ext/boards/qn9090/bluetooth/framework/TimersManager/source/TimersManager.c:467:6:TMR_ReInit	8	static
C:/Users/lr228/UWBIOT_SR150_LiamRoth/uwbiot-top/ext/boards/qn9090/bluetooth/framework/TimersManager/source/TimersManager.c:476:6:TMR_NotifyClkChanged	8	static
C:/Users/lr228/UWBIOT_SR150_LiamRoth/uwbiot-top/ext/boards/qn9090/bluetooth/framework/TimersManager/source/TimersManager.c:415:6:TMR_Init	8	static
C:/Users/lr228/UWBIOT_SR150_LiamRoth/uwbiot-top/ext/boards/qn9090/bluetooth/framework/TimersManager/source/TimersManager.c:491:14:TMR_AllocateTimer	8	static
C:/Users/lr228/UWBIOT_SR150_LiamRoth/uwbiot-top/ext/boards/qn9090/bluetooth/framework/TimersManager/source/TimersManager.c:520:8:TMR_AreAllTimersOff	0	static
C:/Users/lr228/UWBIOT_SR150_LiamRoth/uwbiot-top/ext/boards/qn9090/bluetooth/framework/TimersManager/source/TimersManager.c:586:8:TMR_IsTimerActive	0	static
C:/Users/lr228/UWBIOT_SR150_LiamRoth/uwbiot-top/ext/boards/qn9090/bluetooth/framework/TimersManager/source/TimersManager.c:598:8:TMR_IsTimerReady	0	static
C:/Users/lr228/UWBIOT_SR150_LiamRoth/uwbiot-top/ext/boards/qn9090/bluetooth/framework/TimersManager/source/TimersManager.c:609:10:TMR_GetRemainingTime	16	static
C:/Users/lr228/UWBIOT_SR150_LiamRoth/uwbiot-top/ext/boards/qn9090/bluetooth/framework/TimersManager/source/TimersManager.c:657:10:TMR_GetFirstExpireTime	24	static
C:/Users/lr228/UWBIOT_SR150_LiamRoth/uwbiot-top/ext/boards/qn9090/bluetooth/framework/TimersManager/source/TimersManager.c:686:14:TMR_GetFirstWithParam	4	static
C:/Users/lr228/UWBIOT_SR150_LiamRoth/uwbiot-top/ext/boards/qn9090/bluetooth/framework/TimersManager/source/TimersManager.c:936:14:TMR_StopTimer	8	static
C:/Users/lr228/UWBIOT_SR150_LiamRoth/uwbiot-top/ext/boards/qn9090/bluetooth/framework/TimersManager/source/TimersManager.c:531:14:TMR_FreeTimer	8	static
C:/Users/lr228/UWBIOT_SR150_LiamRoth/uwbiot-top/ext/boards/qn9090/bluetooth/framework/TimersManager/source/TimersManager.c:986:6:TMR_Task	64	static
C:/Users/lr228/UWBIOT_SR150_LiamRoth/uwbiot-top/ext/boards/qn9090/bluetooth/framework/TimersManager/source/TimersManager.c:1201:6:TMR_EnableTimer	8	static
C:/Users/lr228/UWBIOT_SR150_LiamRoth/uwbiot-top/ext/boards/qn9090/bluetooth/framework/TimersManager/source/TimersManager.c:714:14:TMR_StartTimer	32	static
C:/Users/lr228/UWBIOT_SR150_LiamRoth/uwbiot-top/ext/boards/qn9090/bluetooth/framework/TimersManager/source/TimersManager.c:776:14:TMR_StartLowPowerTimer	16	static
C:/Users/lr228/UWBIOT_SR150_LiamRoth/uwbiot-top/ext/boards/qn9090/bluetooth/framework/TimersManager/source/TimersManager.c:854:14:TMR_StartMinuteTimer	16	static
C:/Users/lr228/UWBIOT_SR150_LiamRoth/uwbiot-top/ext/boards/qn9090/bluetooth/framework/TimersManager/source/TimersManager.c:876:14:TMR_StartSecondTimer	16	static
C:/Users/lr228/UWBIOT_SR150_LiamRoth/uwbiot-top/ext/boards/qn9090/bluetooth/framework/TimersManager/source/TimersManager.c:897:14:TMR_StartIntervalTimer	16	static
C:/Users/lr228/UWBIOT_SR150_LiamRoth/uwbiot-top/ext/boards/qn9090/bluetooth/framework/TimersManager/source/TimersManager.c:917:14:TMR_StartSingleShotTimer	16	static
C:/Users/lr228/UWBIOT_SR150_LiamRoth/uwbiot-top/ext/boards/qn9090/bluetooth/framework/TimersManager/source/TimersManager.c:831:14:TMR_StartLowPowerSecondTimer	16	static
C:/Users/lr228/UWBIOT_SR150_LiamRoth/uwbiot-top/ext/boards/qn9090/bluetooth/framework/TimersManager/source/TimersManager.c:809:14:TMR_StartLowPowerMinuteTimer	16	static
C:/Users/lr228/UWBIOT_SR150_LiamRoth/uwbiot-top/ext/boards/qn9090/bluetooth/framework/TimersManager/source/TimersManager.c:1227:10:TMR_NotCountedTicksBeforeSleep	8	static
C:/Users/lr228/UWBIOT_SR150_LiamRoth/uwbiot-top/ext/boards/qn9090/bluetooth/framework/TimersManager/source/TimersManager.c:1256:6:TMR_SyncLpmTimers	24	static
C:/Users/lr228/UWBIOT_SR150_LiamRoth/uwbiot-top/ext/boards/qn9090/bluetooth/framework/TimersManager/source/TimersManager.c:1312:6:TMR_MakeTMRThreadReady	8	static
C:/Users/lr228/UWBIOT_SR150_LiamRoth/uwbiot-top/ext/boards/qn9090/bluetooth/framework/TimersManager/source/TimersManager.c:1324:10:TMR_GetTimerFreq	0	static
C:/Users/lr228/UWBIOT_SR150_LiamRoth/uwbiot-top/ext/boards/qn9090/bluetooth/framework/TimersManager/source/TimersManager.c:1332:6:TMR_TimeStampInit	8	static
C:/Users/lr228/UWBIOT_SR150_LiamRoth/uwbiot-top/ext/boards/qn9090/bluetooth/framework/TimersManager/source/TimersManager.c:1350:10:TMR_GetTimestamp	8	static
C:/Users/lr228/UWBIOT_SR150_LiamRoth/uwbiot-top/ext/boards/qn9090/bluetooth/framework/TimersManager/source/TimersManager.c:2053:6:TMR_PITInit	0	static
C:/Users/lr228/UWBIOT_SR150_LiamRoth/uwbiot-top/ext/boards/qn9090/bluetooth/framework/TimersManager/source/TimersManager.c:2058:10:TMR_PITGetTimestamp	0	static
