C:/Users/lr228/UWBIOT_SR150_LiamRoth/uwbiot-top/ext/boards/qn9090/bluetooth/framework/RNG/source/RNG.c:670:9:RNG_Specific_GetRandomU32	8	static
C:/Users/lr228/UWBIOT_SR150_LiamRoth/uwbiot-top/ext/boards/qn9090/bluetooth/framework/RNG/source/RNG.c:143:9:RNG_Init	16	static
C:/Users/lr228/UWBIOT_SR150_LiamRoth/uwbiot-top/ext/boards/qn9090/bluetooth/framework/RNG/source/RNG.c:195:9:RNG_HwGetRandomNo	16	static
C:/Users/lr228/UWBIOT_SR150_LiamRoth/uwbiot-top/ext/boards/qn9090/bluetooth/framework/RNG/source/RNG.c:222:6:RNG_GetRandomNo	16	static
C:/Users/lr228/UWBIOT_SR150_LiamRoth/uwbiot-top/ext/boards/qn9090/bluetooth/framework/RNG/source/RNG.c:247:6:RNG_SetPseudoRandomNoSeed	48	static
C:/Users/lr228/UWBIOT_SR150_LiamRoth/uwbiot-top/ext/boards/qn9090/bluetooth/framework/RNG/source/RNG.c:350:9:RNG_GetPseudoRandomNo	24	static
C:/Users/lr228/UWBIOT_SR150_LiamRoth/uwbiot-top/ext/boards/qn9090/bluetooth/framework/RNG/source/RNG.c:383:5:PRNG_GetRandomData	8	static
C:/Users/lr228/UWBIOT_SR150_LiamRoth/uwbiot-top/ext/boards/qn9090/bluetooth/framework/RNG/source/RNG.c:403:13:RNG_GetPrngFunc	0	static
C:/Users/lr228/UWBIOT_SR150_LiamRoth/uwbiot-top/ext/boards/qn9090/bluetooth/framework/RNG/source/RNG.c:416:7:RNG_GetPrngContext	0	static
C:/Users/lr228/UWBIOT_SR150_LiamRoth/uwbiot-top/ext/boards/qn9090/bluetooth/framework/RNG/source/RNG.c:427:10:RND_u32GetRand256	16	static
C:/Users/lr228/UWBIOT_SR150_LiamRoth/uwbiot-top/ext/boards/qn9090/bluetooth/framework/RNG/source/RNG.c:445:10:RND_u32GetRand	24	static
