/Users/liam/Documents/nezami_project/code/murata-sdk/Type2BP_SDK_UWBIOT_SR150_v04.06.05_MCUx/UWBIOT_SR150_LiamRoth/uwbiot-top/libs/halimpl/transport/SPI/SR1XX/uwb_uwbs_tml_interface.c:50:13:uwb_uwbs_tml_init	16	static
/Users/liam/Documents/nezami_project/code/murata-sdk/Type2BP_SDK_UWBIOT_SR150_v04.06.05_MCUx/UWBIOT_SR150_LiamRoth/uwbiot-top/libs/halimpl/transport/SPI/SR1XX/uwb_uwbs_tml_interface.c:83:13:uwb_uwbs_tml_setmode	8	static
/Users/liam/Documents/nezami_project/code/murata-sdk/Type2BP_SDK_UWBIOT_SR150_v04.06.05_MCUx/UWBIOT_SR150_LiamRoth/uwbiot-top/libs/halimpl/transport/SPI/SR1XX/uwb_uwbs_tml_interface.c:93:13:uwb_uwbs_tml_deinit	8	static
/Users/liam/Documents/nezami_project/code/murata-sdk/Type2BP_SDK_UWBIOT_SR150_v04.06.05_MCUx/UWBIOT_SR150_LiamRoth/uwbiot-top/libs/halimpl/transport/SPI/SR1XX/uwb_uwbs_tml_interface.c:101:13:uwb_uwbs_tml_data_tx	16	static
/Users/liam/Documents/nezami_project/code/murata-sdk/Type2BP_SDK_UWBIOT_SR150_v04.06.05_MCUx/UWBIOT_SR150_LiamRoth/uwbiot-top/libs/halimpl/transport/SPI/SR1XX/uwb_uwbs_tml_interface.c:164:13:uwb_uwbs_tml_data_rx	32	static
/Users/liam/Documents/nezami_project/code/murata-sdk/Type2BP_SDK_UWBIOT_SR150_v04.06.05_MCUx/UWBIOT_SR150_LiamRoth/uwbiot-top/libs/halimpl/transport/SPI/SR1XX/uwb_uwbs_tml_interface.c:331:13:uwb_uwbs_tml_data_trx	16	static
/Users/liam/Documents/nezami_project/code/murata-sdk/Type2BP_SDK_UWBIOT_SR150_v04.06.05_MCUx/UWBIOT_SR150_LiamRoth/uwbiot-top/libs/halimpl/transport/SPI/SR1XX/uwb_uwbs_tml_interface.c:357:13:uwb_uwbs_tml_data_trx_with_Len	24	static
/Users/liam/Documents/nezami_project/code/murata-sdk/Type2BP_SDK_UWBIOT_SR150_v04.06.05_MCUx/UWBIOT_SR150_LiamRoth/uwbiot-top/libs/halimpl/transport/SPI/SR1XX/uwb_uwbs_tml_interface.c:397:13:uwb_uwbs_tml_reset	8	static
/Users/liam/Documents/nezami_project/code/murata-sdk/Type2BP_SDK_UWBIOT_SR150_v04.06.05_MCUx/UWBIOT_SR150_LiamRoth/uwbiot-top/libs/halimpl/transport/SPI/SR1XX/uwb_uwbs_tml_interface.c:405:6:uwb_uwbs_tml_flush_read_buffer	0	static
/Users/liam/Documents/nezami_project/code/murata-sdk/Type2BP_SDK_UWBIOT_SR150_v04.06.05_MCUx/UWBIOT_SR150_LiamRoth/uwbiot-top/libs/halimpl/transport/SPI/SR1XX/uwb_uwbs_tml_interface.c:411:13:uwb_uwbs_tml_helios_hardreset	0	static
