/Users/liam/Documents/nezami_project/code/murata-sdk/Type2BP_SDK_UWBIOT_SR150_v04.06.05_MCUx/UWBIOT_SR150_LiamRoth/uwbiot-top/libs/halimpl/hal/phNxpUciHal.c:114:30:phNxpUciHal_client_thread	40	static
/Users/liam/Documents/nezami_project/code/murata-sdk/Type2BP_SDK_UWBIOT_SR150_v04.06.05_MCUx/UWBIOT_SR150_LiamRoth/uwbiot-top/libs/halimpl/hal/phNxpUciHal.c:460:13:phNxpUciHal_read_complete	16	static
/Users/liam/Documents/nezami_project/code/murata-sdk/Type2BP_SDK_UWBIOT_SR150_v04.06.05_MCUx/UWBIOT_SR150_LiamRoth/uwbiot-top/libs/halimpl/hal/phNxpUciHal.c:206:5:phNxpUciHal_open	64	static
/Users/liam/Documents/nezami_project/code/murata-sdk/Type2BP_SDK_UWBIOT_SR150_v04.06.05_MCUx/UWBIOT_SR150_LiamRoth/uwbiot-top/libs/halimpl/hal/phNxpUciHal.c:335:6:phNxpUciHal_register_appdata_callback	0	static
/Users/liam/Documents/nezami_project/code/murata-sdk/Type2BP_SDK_UWBIOT_SR150_v04.06.05_MCUx/UWBIOT_SR150_LiamRoth/uwbiot-top/libs/halimpl/hal/phNxpUciHal.c:378:10:phNxpUciHal_write_unlocked	16	static
/Users/liam/Documents/nezami_project/code/murata-sdk/Type2BP_SDK_UWBIOT_SR150_v04.06.05_MCUx/UWBIOT_SR150_LiamRoth/uwbiot-top/libs/halimpl/hal/phNxpUciHal.c:351:5:phNxpUciHal_write	16	static
/Users/liam/Documents/nezami_project/code/murata-sdk/Type2BP_SDK_UWBIOT_SR150_v04.06.05_MCUx/UWBIOT_SR150_LiamRoth/uwbiot-top/libs/halimpl/hal/phNxpUciHal.c:571:5:phNxpUciHal_close	16	static
/Users/liam/Documents/nezami_project/code/murata-sdk/Type2BP_SDK_UWBIOT_SR150_v04.06.05_MCUx/UWBIOT_SR150_LiamRoth/uwbiot-top/libs/halimpl/hal/phNxpUciHal.c:658:5:phNxpUciHal_ioctl	32	static
/Users/liam/Documents/nezami_project/code/murata-sdk/Type2BP_SDK_UWBIOT_SR150_v04.06.05_MCUx/UWBIOT_SR150_LiamRoth/uwbiot-top/libs/halimpl/hal/phNxpUciHal.c:727:5:phNxpUciHal_applyVendorConfig	32	static
/Users/liam/Documents/nezami_project/code/murata-sdk/Type2BP_SDK_UWBIOT_SR150_v04.06.05_MCUx/UWBIOT_SR150_LiamRoth/uwbiot-top/libs/halimpl/hal/phNxpUciHal.c:759:5:phNxpUciHal_uwbDeviceInit	32	static
/Users/liam/Documents/nezami_project/code/murata-sdk/Type2BP_SDK_UWBIOT_SR150_v04.06.05_MCUx/UWBIOT_SR150_LiamRoth/uwbiot-top/libs/halimpl/hal/phNxpUciHal.c:937:6:phNxpUciHal_SetOperatingMode	0	static
