/Users/liam/Documents/nezami_project/code/murata-sdk/Type2BP_SDK_UWBIOT_SR150_v04.06.05_MCUx/UWBIOT_SR150_v04.06.05_MCUx/uwbiot-top/se_mw/se_hostlib/hostLib/libCommon/smCom/T1oI2C/phNxpEsePal_i2c.c:60:6:phPalEse_i2c_close	8	static
/Users/liam/Documents/nezami_project/code/murata-sdk/Type2BP_SDK_UWBIOT_SR150_v04.06.05_MCUx/UWBIOT_SR150_v04.06.05_MCUx/uwbiot-top/se_mw/se_hostlib/hostLib/libCommon/smCom/T1oI2C/phNxpEsePal_i2c.c:86:11:phPalEse_i2c_open_and_configure	40	static
/Users/liam/Documents/nezami_project/code/murata-sdk/Type2BP_SDK_UWBIOT_SR150_v04.06.05_MCUx/UWBIOT_SR150_v04.06.05_MCUx/uwbiot-top/se_mw/se_hostlib/hostLib/libCommon/smCom/T1oI2C/phNxpEsePal_i2c.c:131:5:phPalEse_i2c_read	40	static
/Users/liam/Documents/nezami_project/code/murata-sdk/Type2BP_SDK_UWBIOT_SR150_v04.06.05_MCUx/UWBIOT_SR150_v04.06.05_MCUx/uwbiot-top/se_mw/se_hostlib/hostLib/libCommon/smCom/T1oI2C/phNxpEsePal_i2c.c:174:5:phPalEse_i2c_write	40	static
