C:/Users/lr228/UWBIOT_SR150_LiamRoth/uwbiot-top/se_mw/se_hostlib/hostLib/libCommon/smCom/T1oI2C/phNxpEse_Api.c:177:11:phNxpEse_Transceive	8	static
C:/Users/lr228/UWBIOT_SR150_LiamRoth/uwbiot-top/se_mw/se_hostlib/hostLib/libCommon/smCom/T1oI2C/phNxpEse_Api.c:262:11:phNxpEse_EndOfApdu	8	static
C:/Users/lr228/UWBIOT_SR150_LiamRoth/uwbiot-top/se_mw/se_hostlib/hostLib/libCommon/smCom/T1oI2C/phNxpEse_Api.c:284:11:phNxpEse_chipReset	16	static
C:/Users/lr228/UWBIOT_SR150_LiamRoth/uwbiot-top/se_mw/se_hostlib/hostLib/libCommon/smCom/T1oI2C/phNxpEse_Api.c:238:11:phNxpEse_reset	8	static
C:/Users/lr228/UWBIOT_SR150_LiamRoth/uwbiot-top/se_mw/se_hostlib/hostLib/libCommon/smCom/T1oI2C/phNxpEse_Api.c:379:6:phNxpEse_clearReadBuffer	272	static
C:/Users/lr228/UWBIOT_SR150_LiamRoth/uwbiot-top/se_mw/se_hostlib/hostLib/libCommon/smCom/T1oI2C/phNxpEse_Api.c:415:11:phNxpEse_read	56	static
C:/Users/lr228/UWBIOT_SR150_LiamRoth/uwbiot-top/se_mw/se_hostlib/hostLib/libCommon/smCom/T1oI2C/phNxpEse_Api.c:659:11:phNxpEse_setIfsc	8	static
C:/Users/lr228/UWBIOT_SR150_LiamRoth/uwbiot-top/se_mw/se_hostlib/hostLib/libCommon/smCom/T1oI2C/phNxpEse_Api.c:679:7:phNxpEse_memset	8	static
C:/Users/lr228/UWBIOT_SR150_LiamRoth/uwbiot-top/se_mw/se_hostlib/hostLib/libCommon/smCom/T1oI2C/phNxpEse_Api.c:60:11:phNxpEse_init	48	static
C:/Users/lr228/UWBIOT_SR150_LiamRoth/uwbiot-top/se_mw/se_hostlib/hostLib/libCommon/smCom/T1oI2C/phNxpEse_Api.c:317:11:phNxpEse_deInit	8	static
C:/Users/lr228/UWBIOT_SR150_LiamRoth/uwbiot-top/se_mw/se_hostlib/hostLib/libCommon/smCom/T1oI2C/phNxpEse_Api.c:697:7:phNxpEse_memcpy	8	static
C:/Users/lr228/UWBIOT_SR150_LiamRoth/uwbiot-top/se_mw/se_hostlib/hostLib/libCommon/smCom/T1oI2C/phNxpEse_Api.c:609:11:phNxpEse_WriteFrame	16	static
C:/Users/lr228/UWBIOT_SR150_LiamRoth/uwbiot-top/se_mw/se_hostlib/hostLib/libCommon/smCom/T1oI2C/phNxpEse_Api.c:109:11:phNxpEse_open	40	static
C:/Users/lr228/UWBIOT_SR150_LiamRoth/uwbiot-top/se_mw/se_hostlib/hostLib/libCommon/smCom/T1oI2C/phNxpEse_Api.c:712:7:phNxpEse_memalloc	8	static
C:/Users/lr228/UWBIOT_SR150_LiamRoth/uwbiot-top/se_mw/se_hostlib/hostLib/libCommon/smCom/T1oI2C/phNxpEse_Api.c:728:6:phNxpEse_free	16	static
C:/Users/lr228/UWBIOT_SR150_LiamRoth/uwbiot-top/se_mw/se_hostlib/hostLib/libCommon/smCom/T1oI2C/phNxpEse_Api.c:344:11:phNxpEse_close	8	static
C:/Users/lr228/UWBIOT_SR150_LiamRoth/uwbiot-top/se_mw/se_hostlib/hostLib/libCommon/smCom/T1oI2C/phNxpEse_Api.c:747:11:phNxpEse_getAtr	8	static
