C:/Users/lr228/UWBIOT_SR150_LiamRoth/uwbiot-top/se_mw/se_hostlib/hostLib/libCommon/smCom/T1oI2C/phNxpEseProto7816_3.c:630:15:phNxpEseProto7816_RecoverySteps	0	static
C:/Users/lr228/UWBIOT_SR150_LiamRoth/uwbiot-top/se_mw/se_hostlib/hostLib/libCommon/smCom/T1oI2C/phNxpEseProto7816_3.c:125:17:phNxpEseProto7816_ComputeCRC	16	static
C:/Users/lr228/UWBIOT_SR150_LiamRoth/uwbiot-top/se_mw/se_hostlib/hostLib/libCommon/smCom/T1oI2C/phNxpEseProto7816_3.c:666:13:phNxpEseProto7816_DecodeSFrameData	16	static
C:/Users/lr228/UWBIOT_SR150_LiamRoth/uwbiot-top/se_mw/se_hostlib/hostLib/libCommon/smCom/T1oI2C/phNxpEseProto7816_3.c:573:15:phNxpEseProro7816_SaveRxframeData	16	static
C:/Users/lr228/UWBIOT_SR150_LiamRoth/uwbiot-top/se_mw/se_hostlib/hostLib/libCommon/smCom/T1oI2C/phNxpEseProto7816_3.c:73:15:phNxpEseProto7816_SendRawFrame	8	static
C:/Users/lr228/UWBIOT_SR150_LiamRoth/uwbiot-top/se_mw/se_hostlib/hostLib/libCommon/smCom/T1oI2C/phNxpEseProto7816_3.c:425:15:phNxpEseProto7816_SendIframe	296	static
C:/Users/lr228/UWBIOT_SR150_LiamRoth/uwbiot-top/se_mw/se_hostlib/hostLib/libCommon/smCom/T1oI2C/phNxpEseProto7816_3.c:366:16:phNxpEseProto7816_sendRframe	16	static
C:/Users/lr228/UWBIOT_SR150_LiamRoth/uwbiot-top/se_mw/se_hostlib/hostLib/libCommon/smCom/T1oI2C/phNxpEseProto7816_3.c:225:15:phNxpEseProto7816_SendSFrame	24	static
C:/Users/lr228/UWBIOT_SR150_LiamRoth/uwbiot-top/se_mw/se_hostlib/hostLib/libCommon/smCom/T1oI2C/phNxpEseProto7816_3.c:209:9:getMaxSupportedSendIFrameSize	0	static
C:/Users/lr228/UWBIOT_SR150_LiamRoth/uwbiot-top/se_mw/se_hostlib/hostLib/libCommon/smCom/T1oI2C/phNxpEseProto7816_3.c:1379:8:phNxpEseProto7816_ResetProtoParams	16	static
C:/Users/lr228/UWBIOT_SR150_LiamRoth/uwbiot-top/se_mw/se_hostlib/hostLib/libCommon/smCom/T1oI2C/phNxpEseProto7816_3.c:1216:15:TransceiveProcess	64	static
C:/Users/lr228/UWBIOT_SR150_LiamRoth/uwbiot-top/se_mw/se_hostlib/hostLib/libCommon/smCom/T1oI2C/phNxpEseProto7816_3.c:1316:8:phNxpEseProto7816_Transceive	16	static
C:/Users/lr228/UWBIOT_SR150_LiamRoth/uwbiot-top/se_mw/se_hostlib/hostLib/libCommon/smCom/T1oI2C/phNxpEseProto7816_3.c:1428:8:phNxpEseProto7816_Reset	8	static
C:/Users/lr228/UWBIOT_SR150_LiamRoth/uwbiot-top/se_mw/se_hostlib/hostLib/libCommon/smCom/T1oI2C/phNxpEseProto7816_3.c:1504:8:phNxpEseProto7816_Close	8	static
C:/Users/lr228/UWBIOT_SR150_LiamRoth/uwbiot-top/se_mw/se_hostlib/hostLib/libCommon/smCom/T1oI2C/phNxpEseProto7816_3.c:1551:8:phNxpEseProto7816_IntfReset	24	static
C:/Users/lr228/UWBIOT_SR150_LiamRoth/uwbiot-top/se_mw/se_hostlib/hostLib/libCommon/smCom/T1oI2C/phNxpEseProto7816_3.c:1589:8:phNxpEseProto7816_ChipReset	8	static
C:/Users/lr228/UWBIOT_SR150_LiamRoth/uwbiot-top/se_mw/se_hostlib/hostLib/libCommon/smCom/T1oI2C/phNxpEseProto7816_3.c:1686:8:phNxpEseProto7816_SetIfscSize	0	static
C:/Users/lr228/UWBIOT_SR150_LiamRoth/uwbiot-top/se_mw/se_hostlib/hostLib/libCommon/smCom/T1oI2C/phNxpEseProto7816_3.c:1705:8:phNxpEseProto7816_GetAtr	24	static
C:/Users/lr228/UWBIOT_SR150_LiamRoth/uwbiot-top/se_mw/se_hostlib/hostLib/libCommon/smCom/T1oI2C/phNxpEseProto7816_3.c:1449:8:phNxpEseProto7816_Open	40	static
