C:/Users/lr228/UWBIOT_SR150_LiamRoth/uwbiot-top/libs/uwb-iot/uwb_api/Api/SR1XX/SR150/UWB_Wrapper.c:21:23:ValidateResponse	8	static
C:/Users/lr228/UWBIOT_SR150_LiamRoth/uwbiot-top/libs/uwb-iot/uwb_api/Api/SR1XX/SR150/UWB_Wrapper.c:61:16:Get_Init_Binding_Data	16	static
C:/Users/lr228/UWBIOT_SR150_LiamRoth/uwbiot-top/libs/uwb-iot/uwb_api/Api/SR1XX/SR150/UWB_Wrapper.c:117:16:Set_Se_Binding_Data	8	static
C:/Users/lr228/UWBIOT_SR150_LiamRoth/uwbiot-top/libs/uwb-iot/uwb_api/Api/SR1XX/SR150/UWB_Wrapper.c:163:16:Get_Se_Init_Update_Apdu	8	static
C:/Users/lr228/UWBIOT_SR150_LiamRoth/uwbiot-top/libs/uwb-iot/uwb_api/Api/SR1XX/SR150/UWB_Wrapper.c:201:16:Set_Se_Ext_Auth_Cmd	8	static
C:/Users/lr228/UWBIOT_SR150_LiamRoth/uwbiot-top/libs/uwb-iot/uwb_api/Api/SR1XX/SR150/UWB_Wrapper.c:244:16:Set_SE_Apdu_Enc	8	static
C:/Users/lr228/UWBIOT_SR150_LiamRoth/uwbiot-top/libs/uwb-iot/uwb_api/Api/SR1XX/SR150/UWB_Wrapper.c:278:16:Validate_Se_Apdu_Resp_Cmd	8	static
C:/Users/lr228/UWBIOT_SR150_LiamRoth/uwbiot-top/libs/uwb-iot/uwb_api/Api/SR1XX/SR150/UWB_Wrapper.c:328:16:Commit_Bdi	8	static
C:/Users/lr228/UWBIOT_SR150_LiamRoth/uwbiot-top/libs/uwb-iot/uwb_api/Api/SR1XX/SR150/UWB_Wrapper.c:400:16:ReinjectBdi	32	static
