C:/Users/lr228/UWBIOT_SR150_LiamRoth/uwbiot-top/ext/boards/qn9090/bluetooth/framework/FunctionLib/source/FunctionLib.c:75:6:FLib_MemCpy	0	static
C:/Users/lr228/UWBIOT_SR150_LiamRoth/uwbiot-top/ext/boards/qn9090/bluetooth/framework/FunctionLib/source/FunctionLib.c:114:6:FLib_MemCpyAligned32bit	8	static
C:/Users/lr228/UWBIOT_SR150_LiamRoth/uwbiot-top/ext/boards/qn9090/bluetooth/framework/FunctionLib/source/FunctionLib.c:209:6:FLib_MemCpyDir	8	static
C:/Users/lr228/UWBIOT_SR150_LiamRoth/uwbiot-top/ext/boards/qn9090/bluetooth/framework/FunctionLib/source/FunctionLib.c:240:6:FLib_MemCpyReverseOrder	0	static
C:/Users/lr228/UWBIOT_SR150_LiamRoth/uwbiot-top/ext/boards/qn9090/bluetooth/framework/FunctionLib/source/FunctionLib.c:277:8:FLib_MemCmp	0	static
C:/Users/lr228/UWBIOT_SR150_LiamRoth/uwbiot-top/ext/boards/qn9090/bluetooth/framework/FunctionLib/source/FunctionLib.c:321:8:FLib_MemCmpToVal	0	static
C:/Users/lr228/UWBIOT_SR150_LiamRoth/uwbiot-top/ext/boards/qn9090/bluetooth/framework/FunctionLib/source/FunctionLib.c:355:6:FLib_MemSet	0	static
C:/Users/lr228/UWBIOT_SR150_LiamRoth/uwbiot-top/ext/boards/qn9090/bluetooth/framework/FunctionLib/source/FunctionLib.c:388:6:FLib_MemInPlaceCpy	0	static
C:/Users/lr228/UWBIOT_SR150_LiamRoth/uwbiot-top/ext/boards/qn9090/bluetooth/framework/FunctionLib/source/FunctionLib.c:433:6:FLib_ReverseByteOrderInPlace	16	static
C:/Users/lr228/UWBIOT_SR150_LiamRoth/uwbiot-top/ext/boards/qn9090/bluetooth/framework/FunctionLib/source/FunctionLib.c:484:6:FLib_MemCopy16Unaligned	0	static
C:/Users/lr228/UWBIOT_SR150_LiamRoth/uwbiot-top/ext/boards/qn9090/bluetooth/framework/FunctionLib/source/FunctionLib.c:504:6:FLib_MemCopy32Unaligned	0	static
C:/Users/lr228/UWBIOT_SR150_LiamRoth/uwbiot-top/ext/boards/qn9090/bluetooth/framework/FunctionLib/source/FunctionLib.c:526:6:FLib_MemCopy64Unaligned	0	static
C:/Users/lr228/UWBIOT_SR150_LiamRoth/uwbiot-top/ext/boards/qn9090/bluetooth/framework/FunctionLib/source/FunctionLib.c:556:6:FLib_AddOffsetToPointer	0	static
C:/Users/lr228/UWBIOT_SR150_LiamRoth/uwbiot-top/ext/boards/qn9090/bluetooth/framework/FunctionLib/source/FunctionLib.c:571:10:FLib_StrLen	0	static
C:/Users/lr228/UWBIOT_SR150_LiamRoth/uwbiot-top/ext/boards/qn9090/bluetooth/framework/FunctionLib/source/FunctionLib.c:602:8:FLib_CopyFromFlash	184	static
