C:/Users/lr228/UWBIOT_SR150_LiamRoth/uwbiot-top/ext/boards/qn9090/bluetooth/framework/MemManager/source/MemManager.c:135:13:MEM_Init	32	static
C:/Users/lr228/UWBIOT_SR150_LiamRoth/uwbiot-top/ext/boards/qn9090/bluetooth/framework/MemManager/source/MemManager.c:220:10:MEM_GetAvailableBlocks	16	static
C:/Users/lr228/UWBIOT_SR150_LiamRoth/uwbiot-top/ext/boards/qn9090/bluetooth/framework/MemManager/source/MemManager.c:269:7:MEM_BufferAllocWithId	16	static
C:/Users/lr228/UWBIOT_SR150_LiamRoth/uwbiot-top/ext/boards/qn9090/bluetooth/framework/MemManager/source/MemManager.c:413:13:MEM_BufferFree	16	static
C:/Users/lr228/UWBIOT_SR150_LiamRoth/uwbiot-top/ext/boards/qn9090/bluetooth/framework/MemManager/source/MemManager.c:515:10:MEM_BufferGetSize	0	static
C:/Users/lr228/UWBIOT_SR150_LiamRoth/uwbiot-top/ext/boards/qn9090/bluetooth/framework/MemManager/source/MemManager.c:795:7:MEM_CallocAlt	16	static
C:/Users/lr228/UWBIOT_SR150_LiamRoth/uwbiot-top/ext/boards/qn9090/bluetooth/framework/MemManager/source/MemManager.c:817:6:MEM_FreeAlt	8	static
