/Users/liam/Documents/nezami_project/code/murata-sdk/Type2BP_SDK_UWBIOT_SR150_v04.06.05_MCUx/UWBIOT_SR150_LiamRoth/uwbiot-top/ext/boards/qn9090/bluetooth/framework/PDM/source/pdm_port.c:164:23:pvHeap_Alloc	16	static
/Users/liam/Documents/nezami_project/code/murata-sdk/Type2BP_SDK_UWBIOT_SR150_v04.06.05_MCUx/UWBIOT_SR150_LiamRoth/uwbiot-top/ext/boards/qn9090/bluetooth/framework/PDM/source/pdm_port.c:198:22:vHeap_Free	8	static
/Users/liam/Documents/nezami_project/code/murata-sdk/Type2BP_SDK_UWBIOT_SR150_v04.06.05_MCUx/UWBIOT_SR150_LiamRoth/uwbiot-top/ext/boards/qn9090/bluetooth/framework/PDM/source/pdm_port.c:214:22:vHeap_ResetHeap	0	static
/Users/liam/Documents/nezami_project/code/murata-sdk/Type2BP_SDK_UWBIOT_SR150_v04.06.05_MCUx/UWBIOT_SR150_LiamRoth/uwbiot-top/ext/boards/qn9090/bluetooth/framework/PDM/source/pdm_port.c:219:22:vMicroIntEnableOnly	0	static
/Users/liam/Documents/nezami_project/code/murata-sdk/Type2BP_SDK_UWBIOT_SR150_v04.06.05_MCUx/UWBIOT_SR150_LiamRoth/uwbiot-top/ext/boards/qn9090/bluetooth/framework/PDM/source/pdm_port.c:228:22:vMicroIntRestoreState	0	static
/Users/liam/Documents/nezami_project/code/murata-sdk/Type2BP_SDK_UWBIOT_SR150_v04.06.05_MCUx/UWBIOT_SR150_LiamRoth/uwbiot-top/ext/boards/qn9090/bluetooth/framework/PDM/source/pdm_port.c:234:22:PDM_GetCounter	0	static
/Users/liam/Documents/nezami_project/code/murata-sdk/Type2BP_SDK_UWBIOT_SR150_v04.06.05_MCUx/UWBIOT_SR150_LiamRoth/uwbiot-top/ext/boards/qn9090/bluetooth/framework/PDM/source/pdm_port.c:250:6:PDM_EncryptionCallback	48	static
/Users/liam/Documents/nezami_project/code/murata-sdk/Type2BP_SDK_UWBIOT_SR150_v04.06.05_MCUx/UWBIOT_SR150_LiamRoth/uwbiot-top/ext/boards/qn9090/bluetooth/framework/PDM/source/pdm_port.c:382:5:PDM_Init	32	static
/Users/liam/Documents/nezami_project/code/murata-sdk/Type2BP_SDK_UWBIOT_SR150_v04.06.05_MCUx/UWBIOT_SR150_LiamRoth/uwbiot-top/ext/boards/qn9090/bluetooth/framework/PDM/source/pdm_port.c:483:14:PDM_SetEncryption	0	static
/Users/liam/Documents/nezami_project/code/murata-sdk/Type2BP_SDK_UWBIOT_SR150_v04.06.05_MCUx/UWBIOT_SR150_LiamRoth/uwbiot-top/ext/boards/qn9090/bluetooth/framework/PDM/source/pdm_port.c:495:6:PDM_vEnterCriticalSection	8	static
/Users/liam/Documents/nezami_project/code/murata-sdk/Type2BP_SDK_UWBIOT_SR150_v04.06.05_MCUx/UWBIOT_SR150_LiamRoth/uwbiot-top/ext/boards/qn9090/bluetooth/framework/PDM/source/pdm_port.c:514:6:PDM_vExitCriticalSection	8	static
