/Users/liam/Documents/nezami_project/code/murata-sdk/Type2BP_SDK_UWBIOT_SR150_v04.06.05_MCUx/UWBIOT_SR150_v04.06.05_MCUx/uwbiot-top/ext/boards/qn9090/devices/QN9090/drivers/fsl_usart_freertos.c:35:13:USART_RTOS_Callback	16	static
/Users/liam/Documents/nezami_project/code/murata-sdk/Type2BP_SDK_UWBIOT_SR150_v04.06.05_MCUx/UWBIOT_SR150_v04.06.05_MCUx/uwbiot-top/ext/boards/qn9090/devices/QN9090/drivers/fsl_usart_freertos.c:76:5:USART_RTOS_Init	32	static
/Users/liam/Documents/nezami_project/code/murata-sdk/Type2BP_SDK_UWBIOT_SR150_v04.06.05_MCUx/UWBIOT_SR150_v04.06.05_MCUx/uwbiot-top/ext/boards/qn9090/devices/QN9090/drivers/fsl_usart_freertos.c:162:5:USART_RTOS_Deinit	8	static
/Users/liam/Documents/nezami_project/code/murata-sdk/Type2BP_SDK_UWBIOT_SR150_v04.06.05_MCUx/UWBIOT_SR150_v04.06.05_MCUx/uwbiot-top/ext/boards/qn9090/devices/QN9090/drivers/fsl_usart_freertos.c:199:5:USART_RTOS_Send	24	static
/Users/liam/Documents/nezami_project/code/murata-sdk/Type2BP_SDK_UWBIOT_SR150_v04.06.05_MCUx/UWBIOT_SR150_v04.06.05_MCUx/uwbiot-top/ext/boards/qn9090/devices/QN9090/drivers/fsl_usart_freertos.c:262:5:USART_RTOS_Receive	40	static
