C:/Users/lr228/UWBIOT_SR150_LiamRoth/uwbiot-top/libs/uci-core/src/uwa_dm_api.c:51:6:UWA_Init	16	static
C:/Users/lr228/UWBIOT_SR150_LiamRoth/uwbiot-top/libs/uci-core/src/uwa_dm_api.c:88:13:UWA_Enable	16	static
C:/Users/lr228/UWBIOT_SR150_LiamRoth/uwbiot-top/libs/uci-core/src/uwa_dm_api.c:146:13:UWA_Disable	8	static
C:/Users/lr228/UWBIOT_SR150_LiamRoth/uwbiot-top/libs/uci-core/src/uwa_dm_api.c:174:13:UWA_RegisterExtCallback	8	static
C:/Users/lr228/UWBIOT_SR150_LiamRoth/uwbiot-top/libs/uci-core/src/uwa_dm_api.c:207:13:UWA_SendUciCommand	24	static
C:/Users/lr228/UWBIOT_SR150_LiamRoth/uwbiot-top/libs/uci-core/src/uwa_dm_api.c:241:13:UWA_SendRawCommand	24	static
