C:/Users/lr228/UWBIOT_SR150_LiamRoth/uwbiot-top/libs/uci-core/src/uwa_dm_act.c:42:6:uwa_dm_enable	16	static
C:/Users/lr228/UWBIOT_SR150_LiamRoth/uwbiot-top/libs/uci-core/src/uwa_dm_act.c:76:6:uwa_dm_disable	8	static
C:/Users/lr228/UWBIOT_SR150_LiamRoth/uwbiot-top/libs/uci-core/src/uwa_dm_act.c:96:6:uwa_dm_register_ext_cb	8	static
C:/Users/lr228/UWBIOT_SR150_LiamRoth/uwbiot-top/libs/uci-core/src/uwa_dm_act.c:124:6:uwa_dm_disable_complete	8	static
C:/Users/lr228/UWBIOT_SR150_LiamRoth/uwbiot-top/libs/uci-core/src/uwa_dm_act.c:151:6:uwa_dm_act_send_raw_cmd	8	static
