C:/Users/lr228/UWBIOT_SR150_LiamRoth/uwbiot-top/libs/uci-core/src/uwb_task.c:48:13:quick_timer_callback	8	static
C:/Users/lr228/UWBIOT_SR150_LiamRoth/uwbiot-top/libs/uci-core/src/uwb_task.c:56:6:uwb_start_quick_timer	8	static
C:/Users/lr228/UWBIOT_SR150_LiamRoth/uwbiot-top/libs/uci-core/src/uwb_task.c:84:6:uwb_stop_quick_timer	8	static
C:/Users/lr228/UWBIOT_SR150_LiamRoth/uwbiot-top/libs/uci-core/src/uwb_task.c:101:6:uwb_process_quick_timer_evt	8	static
C:/Users/lr228/UWBIOT_SR150_LiamRoth/uwbiot-top/libs/uci-core/src/uwb_task.c:122:6:uwb_task_shutdown_uwbc	8	static
C:/Users/lr228/UWBIOT_SR150_LiamRoth/uwbiot-top/libs/uci-core/src/uwb_task.c:150:23:uwb_task	40	static
