/Users/liam/Documents/nezami_project/code/murata-sdk/Type2BP_SDK_UWBIOT_SR150_v04.06.05_MCUx/UWBIOT_SR150_LiamRoth/uwbiot-top/se_mw/se_hostlib/hostLib/se05x_03_xx_xx/se05x_APDU_impl.h:20:12:Se05x_API_CreateSession	2104	static
/Users/liam/Documents/nezami_project/code/murata-sdk/Type2BP_SDK_UWBIOT_SR150_v04.06.05_MCUx/UWBIOT_SR150_LiamRoth/uwbiot-top/se_mw/se_hostlib/hostLib/se05x_03_xx_xx/se05x_APDU_impl.h:57:12:Se05x_API_ExchangeSessionData	2088	static
/Users/liam/Documents/nezami_project/code/murata-sdk/Type2BP_SDK_UWBIOT_SR150_v04.06.05_MCUx/UWBIOT_SR150_LiamRoth/uwbiot-top/se_mw/se_hostlib/hostLib/se05x_03_xx_xx/se05x_APDU_impl.h:82:12:Se05x_API_RefreshSession	1056	static
/Users/liam/Documents/nezami_project/code/murata-sdk/Type2BP_SDK_UWBIOT_SR150_v04.06.05_MCUx/UWBIOT_SR150_LiamRoth/uwbiot-top/se_mw/se_hostlib/hostLib/se05x_03_xx_xx/se05x_APDU_impl.h:104:12:Se05x_API_CloseSession	1040	static
/Users/liam/Documents/nezami_project/code/murata-sdk/Type2BP_SDK_UWBIOT_SR150_v04.06.05_MCUx/UWBIOT_SR150_LiamRoth/uwbiot-top/se_mw/se_hostlib/hostLib/se05x_03_xx_xx/se05x_APDU_impl.h:133:12:Se05x_API_VerifySessionUserID	1056	static
/Users/liam/Documents/nezami_project/code/murata-sdk/Type2BP_SDK_UWBIOT_SR150_v04.06.05_MCUx/UWBIOT_SR150_LiamRoth/uwbiot-top/se_mw/se_hostlib/hostLib/se05x_03_xx_xx/se05x_APDU_impl.h:155:12:Se05x_API_SetLockState	1056	static
/Users/liam/Documents/nezami_project/code/murata-sdk/Type2BP_SDK_UWBIOT_SR150_v04.06.05_MCUx/UWBIOT_SR150_LiamRoth/uwbiot-top/se_mw/se_hostlib/hostLib/se05x_03_xx_xx/se05x_APDU_impl.h:181:12:Se05x_API_SetPlatformSCPRequest	1048	static
/Users/liam/Documents/nezami_project/code/murata-sdk/Type2BP_SDK_UWBIOT_SR150_v04.06.05_MCUx/UWBIOT_SR150_LiamRoth/uwbiot-top/se_mw/se_hostlib/hostLib/se05x_03_xx_xx/se05x_APDU_impl.h:203:12:Se05x_API_SetAppletFeatures	1048	static
/Users/liam/Documents/nezami_project/code/murata-sdk/Type2BP_SDK_UWBIOT_SR150_v04.06.05_MCUx/UWBIOT_SR150_LiamRoth/uwbiot-top/se_mw/se_hostlib/hostLib/se05x_03_xx_xx/se05x_APDU_impl.h:225:12:Se05x_API_WriteECKey	1072	static
/Users/liam/Documents/nezami_project/code/murata-sdk/Type2BP_SDK_UWBIOT_SR150_v04.06.05_MCUx/UWBIOT_SR150_LiamRoth/uwbiot-top/se_mw/se_hostlib/hostLib/se05x_03_xx_xx/se05x_APDU_impl.h:287:12:Se05x_API_WriteRSAKey	1072	static
/Users/liam/Documents/nezami_project/code/murata-sdk/Type2BP_SDK_UWBIOT_SR150_v04.06.05_MCUx/UWBIOT_SR150_LiamRoth/uwbiot-top/se_mw/se_hostlib/hostLib/se05x_03_xx_xx/se05x_APDU_impl.h:382:12:Se05x_API_WriteSymmKey	1064	static
/Users/liam/Documents/nezami_project/code/murata-sdk/Type2BP_SDK_UWBIOT_SR150_v04.06.05_MCUx/UWBIOT_SR150_LiamRoth/uwbiot-top/se_mw/se_hostlib/hostLib/se05x_03_xx_xx/se05x_APDU_impl.h:429:12:Se05x_API_WriteBinary	1064	static
/Users/liam/Documents/nezami_project/code/murata-sdk/Type2BP_SDK_UWBIOT_SR150_v04.06.05_MCUx/UWBIOT_SR150_LiamRoth/uwbiot-top/se_mw/se_hostlib/hostLib/se05x_03_xx_xx/se05x_APDU_impl.h:474:12:Se05x_API_WriteUserID	1064	static
/Users/liam/Documents/nezami_project/code/murata-sdk/Type2BP_SDK_UWBIOT_SR150_v04.06.05_MCUx/UWBIOT_SR150_LiamRoth/uwbiot-top/se_mw/se_hostlib/hostLib/se05x_03_xx_xx/se05x_APDU_impl.h:515:12:Se05x_API_CreateCounter	1064	static
/Users/liam/Documents/nezami_project/code/murata-sdk/Type2BP_SDK_UWBIOT_SR150_v04.06.05_MCUx/UWBIOT_SR150_LiamRoth/uwbiot-top/se_mw/se_hostlib/hostLib/se05x_03_xx_xx/se05x_APDU_impl.h:550:12:Se05x_API_SetCounterValue	1080	static
/Users/liam/Documents/nezami_project/code/murata-sdk/Type2BP_SDK_UWBIOT_SR150_v04.06.05_MCUx/UWBIOT_SR150_LiamRoth/uwbiot-top/se_mw/se_hostlib/hostLib/se05x_03_xx_xx/se05x_APDU_impl.h:587:12:Se05x_API_IncCounter	1048	static
/Users/liam/Documents/nezami_project/code/murata-sdk/Type2BP_SDK_UWBIOT_SR150_v04.06.05_MCUx/UWBIOT_SR150_LiamRoth/uwbiot-top/se_mw/se_hostlib/hostLib/se05x_03_xx_xx/se05x_APDU_impl.h:625:12:Se05x_API_WritePCR_WithType	1064	static
/Users/liam/Documents/nezami_project/code/murata-sdk/Type2BP_SDK_UWBIOT_SR150_v04.06.05_MCUx/UWBIOT_SR150_LiamRoth/uwbiot-top/se_mw/se_hostlib/hostLib/se05x_03_xx_xx/se05x_APDU_impl.h:612:12:Se05x_API_WritePCR	24	static
/Users/liam/Documents/nezami_project/code/murata-sdk/Type2BP_SDK_UWBIOT_SR150_v04.06.05_MCUx/UWBIOT_SR150_LiamRoth/uwbiot-top/se_mw/se_hostlib/hostLib/se05x_03_xx_xx/se05x_APDU_impl.h:667:12:Se05x_API_ImportObject	1064	static
/Users/liam/Documents/nezami_project/code/murata-sdk/Type2BP_SDK_UWBIOT_SR150_v04.06.05_MCUx/UWBIOT_SR150_LiamRoth/uwbiot-top/se_mw/se_hostlib/hostLib/se05x_03_xx_xx/se05x_APDU_impl.h:704:12:Se05x_API_ImportExternalObject	1064	static
/Users/liam/Documents/nezami_project/code/murata-sdk/Type2BP_SDK_UWBIOT_SR150_v04.06.05_MCUx/UWBIOT_SR150_LiamRoth/uwbiot-top/se_mw/se_hostlib/hostLib/se05x_03_xx_xx/se05x_APDU_impl.h:742:12:Se05x_API_ReadObject	2104	static
/Users/liam/Documents/nezami_project/code/murata-sdk/Type2BP_SDK_UWBIOT_SR150_v04.06.05_MCUx/UWBIOT_SR150_LiamRoth/uwbiot-top/se_mw/se_hostlib/hostLib/se05x_03_xx_xx/se05x_APDU_impl.h:792:12:Se05x_API_ReadObject_W_Attst_V2	2104	static
/Users/liam/Documents/nezami_project/code/murata-sdk/Type2BP_SDK_UWBIOT_SR150_v04.06.05_MCUx/UWBIOT_SR150_LiamRoth/uwbiot-top/se_mw/se_hostlib/hostLib/se05x_03_xx_xx/se05x_APDU_impl.h:1002:12:Se05x_API_ReadRSA	2104	static
/Users/liam/Documents/nezami_project/code/murata-sdk/Type2BP_SDK_UWBIOT_SR150_v04.06.05_MCUx/UWBIOT_SR150_LiamRoth/uwbiot-top/se_mw/se_hostlib/hostLib/se05x_03_xx_xx/se05x_APDU_impl.h:1057:12:Se05x_API_ReadRSA_W_Attst_V2	2104	static
/Users/liam/Documents/nezami_project/code/murata-sdk/Type2BP_SDK_UWBIOT_SR150_v04.06.05_MCUx/UWBIOT_SR150_LiamRoth/uwbiot-top/se_mw/se_hostlib/hostLib/se05x_03_xx_xx/se05x_APDU_impl.h:1273:12:Se05x_API_ExportObject	2104	static
/Users/liam/Documents/nezami_project/code/murata-sdk/Type2BP_SDK_UWBIOT_SR150_v04.06.05_MCUx/UWBIOT_SR150_LiamRoth/uwbiot-top/se_mw/se_hostlib/hostLib/se05x_03_xx_xx/se05x_APDU_impl.h:1315:12:Se05x_API_ReadType	2104	static
/Users/liam/Documents/nezami_project/code/murata-sdk/Type2BP_SDK_UWBIOT_SR150_v04.06.05_MCUx/UWBIOT_SR150_LiamRoth/uwbiot-top/se_mw/se_hostlib/hostLib/se05x_03_xx_xx/se05x_APDU_impl.h:1359:12:Se05x_API_ReadSize	2104	static
/Users/liam/Documents/nezami_project/code/murata-sdk/Type2BP_SDK_UWBIOT_SR150_v04.06.05_MCUx/UWBIOT_SR150_LiamRoth/uwbiot-top/se_mw/se_hostlib/hostLib/se05x_03_xx_xx/se05x_APDU_impl.h:1395:12:Se05x_API_ReadIDList	2104	static
/Users/liam/Documents/nezami_project/code/murata-sdk/Type2BP_SDK_UWBIOT_SR150_v04.06.05_MCUx/UWBIOT_SR150_LiamRoth/uwbiot-top/se_mw/se_hostlib/hostLib/se05x_03_xx_xx/se05x_APDU_impl.h:1449:12:Se05x_API_CheckObjectExists	2104	static
/Users/liam/Documents/nezami_project/code/murata-sdk/Type2BP_SDK_UWBIOT_SR150_v04.06.05_MCUx/UWBIOT_SR150_LiamRoth/uwbiot-top/se_mw/se_hostlib/hostLib/se05x_03_xx_xx/se05x_APDU_impl.h:1485:12:Se05x_API_DeleteSecureObject	1048	static
/Users/liam/Documents/nezami_project/code/murata-sdk/Type2BP_SDK_UWBIOT_SR150_v04.06.05_MCUx/UWBIOT_SR150_LiamRoth/uwbiot-top/se_mw/se_hostlib/hostLib/se05x_03_xx_xx/se05x_APDU_impl.h:1508:12:Se05x_API_CreateECCurve	1048	static
/Users/liam/Documents/nezami_project/code/murata-sdk/Type2BP_SDK_UWBIOT_SR150_v04.06.05_MCUx/UWBIOT_SR150_LiamRoth/uwbiot-top/se_mw/se_hostlib/hostLib/se05x_03_xx_xx/se05x_APDU_impl.h:1530:12:Se05x_API_SetECCurveParam	1064	static
/Users/liam/Documents/nezami_project/code/murata-sdk/Type2BP_SDK_UWBIOT_SR150_v04.06.05_MCUx/UWBIOT_SR150_LiamRoth/uwbiot-top/se_mw/se_hostlib/hostLib/se05x_03_xx_xx/se05x_APDU_impl.h:1564:12:Se05x_API_GetECCurveId	2104	static
/Users/liam/Documents/nezami_project/code/murata-sdk/Type2BP_SDK_UWBIOT_SR150_v04.06.05_MCUx/UWBIOT_SR150_LiamRoth/uwbiot-top/se_mw/se_hostlib/hostLib/se05x_03_xx_xx/se05x_APDU_impl.h:1600:12:Se05x_API_ReadECCurveList	2096	static
/Users/liam/Documents/nezami_project/code/murata-sdk/Type2BP_SDK_UWBIOT_SR150_v04.06.05_MCUx/UWBIOT_SR150_LiamRoth/uwbiot-top/se_mw/se_hostlib/hostLib/se05x_03_xx_xx/se05x_APDU_impl.h:1631:12:Se05x_API_DeleteECCurve	1048	static
/Users/liam/Documents/nezami_project/code/murata-sdk/Type2BP_SDK_UWBIOT_SR150_v04.06.05_MCUx/UWBIOT_SR150_LiamRoth/uwbiot-top/se_mw/se_hostlib/hostLib/se05x_03_xx_xx/se05x_APDU_impl.h:1653:12:Se05x_API_CreateCryptoObject	1056	static
/Users/liam/Documents/nezami_project/code/murata-sdk/Type2BP_SDK_UWBIOT_SR150_v04.06.05_MCUx/UWBIOT_SR150_LiamRoth/uwbiot-top/se_mw/se_hostlib/hostLib/se05x_03_xx_xx/se05x_APDU_impl.h:1691:12:Se05x_API_ReadCryptoObjectList	2096	static
/Users/liam/Documents/nezami_project/code/murata-sdk/Type2BP_SDK_UWBIOT_SR150_v04.06.05_MCUx/UWBIOT_SR150_LiamRoth/uwbiot-top/se_mw/se_hostlib/hostLib/se05x_03_xx_xx/se05x_APDU_impl.h:1723:12:Se05x_API_DeleteCryptoObject	1048	static
/Users/liam/Documents/nezami_project/code/murata-sdk/Type2BP_SDK_UWBIOT_SR150_v04.06.05_MCUx/UWBIOT_SR150_LiamRoth/uwbiot-top/se_mw/se_hostlib/hostLib/se05x_03_xx_xx/se05x_APDU_impl.h:1745:12:Se05x_API_ECDSASign	2104	static
/Users/liam/Documents/nezami_project/code/murata-sdk/Type2BP_SDK_UWBIOT_SR150_v04.06.05_MCUx/UWBIOT_SR150_LiamRoth/uwbiot-top/se_mw/se_hostlib/hostLib/se05x_03_xx_xx/se05x_APDU_impl.h:1795:12:Se05x_API_EdDSASign	2104	static
/Users/liam/Documents/nezami_project/code/murata-sdk/Type2BP_SDK_UWBIOT_SR150_v04.06.05_MCUx/UWBIOT_SR150_LiamRoth/uwbiot-top/se_mw/se_hostlib/hostLib/se05x_03_xx_xx/se05x_APDU_impl.h:1846:12:Se05x_API_ECDAASign	2104	static
/Users/liam/Documents/nezami_project/code/murata-sdk/Type2BP_SDK_UWBIOT_SR150_v04.06.05_MCUx/UWBIOT_SR150_LiamRoth/uwbiot-top/se_mw/se_hostlib/hostLib/se05x_03_xx_xx/se05x_APDU_impl.h:1962:12:Se05x_API_ECDSAVerify	2104	static
/Users/liam/Documents/nezami_project/code/murata-sdk/Type2BP_SDK_UWBIOT_SR150_v04.06.05_MCUx/UWBIOT_SR150_LiamRoth/uwbiot-top/se_mw/se_hostlib/hostLib/se05x_03_xx_xx/se05x_APDU_impl.h:2017:12:Se05x_API_EdDSAVerify	2104	static
/Users/liam/Documents/nezami_project/code/murata-sdk/Type2BP_SDK_UWBIOT_SR150_v04.06.05_MCUx/UWBIOT_SR150_LiamRoth/uwbiot-top/se_mw/se_hostlib/hostLib/se05x_03_xx_xx/se05x_APDU_impl.h:2072:12:Se05x_API_ECDHGenerateSharedSecret	2104	static
/Users/liam/Documents/nezami_project/code/murata-sdk/Type2BP_SDK_UWBIOT_SR150_v04.06.05_MCUx/UWBIOT_SR150_LiamRoth/uwbiot-top/se_mw/se_hostlib/hostLib/se05x_03_xx_xx/se05x_APDU_impl.h:2117:12:Se05x_API_RSASign	2104	static
/Users/liam/Documents/nezami_project/code/murata-sdk/Type2BP_SDK_UWBIOT_SR150_v04.06.05_MCUx/UWBIOT_SR150_LiamRoth/uwbiot-top/se_mw/se_hostlib/hostLib/se05x_03_xx_xx/se05x_APDU_impl.h:2167:12:Se05x_API_RSAVerify	2104	static
/Users/liam/Documents/nezami_project/code/murata-sdk/Type2BP_SDK_UWBIOT_SR150_v04.06.05_MCUx/UWBIOT_SR150_LiamRoth/uwbiot-top/se_mw/se_hostlib/hostLib/se05x_03_xx_xx/se05x_APDU_impl.h:2222:12:Se05x_API_RSAEncrypt	2104	static
/Users/liam/Documents/nezami_project/code/murata-sdk/Type2BP_SDK_UWBIOT_SR150_v04.06.05_MCUx/UWBIOT_SR150_LiamRoth/uwbiot-top/se_mw/se_hostlib/hostLib/se05x_03_xx_xx/se05x_APDU_impl.h:2272:12:Se05x_API_RSADecrypt	2104	static
/Users/liam/Documents/nezami_project/code/murata-sdk/Type2BP_SDK_UWBIOT_SR150_v04.06.05_MCUx/UWBIOT_SR150_LiamRoth/uwbiot-top/se_mw/se_hostlib/hostLib/se05x_03_xx_xx/se05x_APDU_impl.h:2322:12:Se05x_API_CipherInit	2112	static
/Users/liam/Documents/nezami_project/code/murata-sdk/Type2BP_SDK_UWBIOT_SR150_v04.06.05_MCUx/UWBIOT_SR150_LiamRoth/uwbiot-top/se_mw/se_hostlib/hostLib/se05x_03_xx_xx/se05x_APDU_impl.h:2396:12:Se05x_API_CipherUpdate	2104	static
/Users/liam/Documents/nezami_project/code/murata-sdk/Type2BP_SDK_UWBIOT_SR150_v04.06.05_MCUx/UWBIOT_SR150_LiamRoth/uwbiot-top/se_mw/se_hostlib/hostLib/se05x_03_xx_xx/se05x_APDU_impl.h:2441:12:Se05x_API_CipherFinal	2104	static
/Users/liam/Documents/nezami_project/code/murata-sdk/Type2BP_SDK_UWBIOT_SR150_v04.06.05_MCUx/UWBIOT_SR150_LiamRoth/uwbiot-top/se_mw/se_hostlib/hostLib/se05x_03_xx_xx/se05x_APDU_impl.h:2489:12:Se05x_API_CipherOneShot	2112	static
/Users/liam/Documents/nezami_project/code/murata-sdk/Type2BP_SDK_UWBIOT_SR150_v04.06.05_MCUx/UWBIOT_SR150_LiamRoth/uwbiot-top/se_mw/se_hostlib/hostLib/se05x_03_xx_xx/se05x_APDU_impl.h:2576:12:Se05x_API_MACInit	1056	static
/Users/liam/Documents/nezami_project/code/murata-sdk/Type2BP_SDK_UWBIOT_SR150_v04.06.05_MCUx/UWBIOT_SR150_LiamRoth/uwbiot-top/se_mw/se_hostlib/hostLib/se05x_03_xx_xx/se05x_APDU_impl.h:2605:12:Se05x_API_MACUpdate	1064	static
/Users/liam/Documents/nezami_project/code/murata-sdk/Type2BP_SDK_UWBIOT_SR150_v04.06.05_MCUx/UWBIOT_SR150_LiamRoth/uwbiot-top/se_mw/se_hostlib/hostLib/se05x_03_xx_xx/se05x_APDU_impl.h:2633:12:Se05x_API_MACFinal	2104	static
/Users/liam/Documents/nezami_project/code/murata-sdk/Type2BP_SDK_UWBIOT_SR150_v04.06.05_MCUx/UWBIOT_SR150_LiamRoth/uwbiot-top/se_mw/se_hostlib/hostLib/se05x_03_xx_xx/se05x_APDU_impl.h:2685:12:Se05x_API_MACOneShot_G	2104	static
/Users/liam/Documents/nezami_project/code/murata-sdk/Type2BP_SDK_UWBIOT_SR150_v04.06.05_MCUx/UWBIOT_SR150_LiamRoth/uwbiot-top/se_mw/se_hostlib/hostLib/se05x_03_xx_xx/se05x_APDU_impl.h:2735:12:Se05x_API_MACOneShot_V	2104	static
/Users/liam/Documents/nezami_project/code/murata-sdk/Type2BP_SDK_UWBIOT_SR150_v04.06.05_MCUx/UWBIOT_SR150_LiamRoth/uwbiot-top/se_mw/se_hostlib/hostLib/se05x_03_xx_xx/se05x_APDU_impl.h:2792:12:Se05x_API_HKDF	2104	static
/Users/liam/Documents/nezami_project/code/murata-sdk/Type2BP_SDK_UWBIOT_SR150_v04.06.05_MCUx/UWBIOT_SR150_LiamRoth/uwbiot-top/se_mw/se_hostlib/hostLib/se05x_03_xx_xx/se05x_APDU_impl.h:2853:12:Se05x_API_HKDF_Extended	2104	static
/Users/liam/Documents/nezami_project/code/murata-sdk/Type2BP_SDK_UWBIOT_SR150_v04.06.05_MCUx/UWBIOT_SR150_LiamRoth/uwbiot-top/se_mw/se_hostlib/hostLib/se05x_03_xx_xx/se05x_APDU_impl.h:2941:12:Se05x_API_PBKDF2	2104	static
/Users/liam/Documents/nezami_project/code/murata-sdk/Type2BP_SDK_UWBIOT_SR150_v04.06.05_MCUx/UWBIOT_SR150_LiamRoth/uwbiot-top/se_mw/se_hostlib/hostLib/se05x_03_xx_xx/se05x_APDU_impl.h:2999:12:Se05x_API_DFDiversifyKey	1064	static
/Users/liam/Documents/nezami_project/code/murata-sdk/Type2BP_SDK_UWBIOT_SR150_v04.06.05_MCUx/UWBIOT_SR150_LiamRoth/uwbiot-top/se_mw/se_hostlib/hostLib/se05x_03_xx_xx/se05x_APDU_impl.h:3033:12:Se05x_API_DFAuthenticateFirstPart1	2104	static
/Users/liam/Documents/nezami_project/code/murata-sdk/Type2BP_SDK_UWBIOT_SR150_v04.06.05_MCUx/UWBIOT_SR150_LiamRoth/uwbiot-top/se_mw/se_hostlib/hostLib/se05x_03_xx_xx/se05x_APDU_impl.h:3078:12:Se05x_API_DFAuthenticateNonFirstPart1	2104	static
/Users/liam/Documents/nezami_project/code/murata-sdk/Type2BP_SDK_UWBIOT_SR150_v04.06.05_MCUx/UWBIOT_SR150_LiamRoth/uwbiot-top/se_mw/se_hostlib/hostLib/se05x_03_xx_xx/se05x_APDU_impl.h:3123:12:Se05x_API_DFAuthenticateFirstPart2	2104	static
/Users/liam/Documents/nezami_project/code/murata-sdk/Type2BP_SDK_UWBIOT_SR150_v04.06.05_MCUx/UWBIOT_SR150_LiamRoth/uwbiot-top/se_mw/se_hostlib/hostLib/se05x_03_xx_xx/se05x_APDU_impl.h:3163:12:Se05x_API_DFAuthenticateNonFirstPart2	1056	static
/Users/liam/Documents/nezami_project/code/murata-sdk/Type2BP_SDK_UWBIOT_SR150_v04.06.05_MCUx/UWBIOT_SR150_LiamRoth/uwbiot-top/se_mw/se_hostlib/hostLib/se05x_03_xx_xx/se05x_APDU_impl.h:3186:12:Se05x_API_DFDumpSessionKeys	2096	static
/Users/liam/Documents/nezami_project/code/murata-sdk/Type2BP_SDK_UWBIOT_SR150_v04.06.05_MCUx/UWBIOT_SR150_LiamRoth/uwbiot-top/se_mw/se_hostlib/hostLib/se05x_03_xx_xx/se05x_APDU_impl.h:3222:12:Se05x_API_DFChangeKeyPart1	2104	static
/Users/liam/Documents/nezami_project/code/murata-sdk/Type2BP_SDK_UWBIOT_SR150_v04.06.05_MCUx/UWBIOT_SR150_LiamRoth/uwbiot-top/se_mw/se_hostlib/hostLib/se05x_03_xx_xx/se05x_APDU_impl.h:3281:12:Se05x_API_DFChangeKeyPart2	2104	static
/Users/liam/Documents/nezami_project/code/murata-sdk/Type2BP_SDK_UWBIOT_SR150_v04.06.05_MCUx/UWBIOT_SR150_LiamRoth/uwbiot-top/se_mw/se_hostlib/hostLib/se05x_03_xx_xx/se05x_APDU_impl.h:3317:12:Se05x_API_DFKillAuthentication	1040	static
/Users/liam/Documents/nezami_project/code/murata-sdk/Type2BP_SDK_UWBIOT_SR150_v04.06.05_MCUx/UWBIOT_SR150_LiamRoth/uwbiot-top/se_mw/se_hostlib/hostLib/se05x_03_xx_xx/se05x_APDU_impl.h:3334:12:Se05x_API_TLSGenerateRandom	2096	static
/Users/liam/Documents/nezami_project/code/murata-sdk/Type2BP_SDK_UWBIOT_SR150_v04.06.05_MCUx/UWBIOT_SR150_LiamRoth/uwbiot-top/se_mw/se_hostlib/hostLib/se05x_03_xx_xx/se05x_APDU_impl.h:3365:12:Se05x_API_TLSCalculatePreMasterSecret	1064	static
/Users/liam/Documents/nezami_project/code/murata-sdk/Type2BP_SDK_UWBIOT_SR150_v04.06.05_MCUx/UWBIOT_SR150_LiamRoth/uwbiot-top/se_mw/se_hostlib/hostLib/se05x_03_xx_xx/se05x_APDU_impl.h:3406:12:Se05x_API_TLSPerformPRF	2104	static
/Users/liam/Documents/nezami_project/code/murata-sdk/Type2BP_SDK_UWBIOT_SR150_v04.06.05_MCUx/UWBIOT_SR150_LiamRoth/uwbiot-top/se_mw/se_hostlib/hostLib/se05x_03_xx_xx/se05x_APDU_impl.h:3471:12:Se05x_API_I2CM_ExecuteCommandSet	2104	static
/Users/liam/Documents/nezami_project/code/murata-sdk/Type2BP_SDK_UWBIOT_SR150_v04.06.05_MCUx/UWBIOT_SR150_LiamRoth/uwbiot-top/se_mw/se_hostlib/hostLib/se05x_03_xx_xx/se05x_APDU_impl.h:3648:12:Se05x_API_DigestInit	1048	static
/Users/liam/Documents/nezami_project/code/murata-sdk/Type2BP_SDK_UWBIOT_SR150_v04.06.05_MCUx/UWBIOT_SR150_LiamRoth/uwbiot-top/se_mw/se_hostlib/hostLib/se05x_03_xx_xx/se05x_APDU_impl.h:3670:12:Se05x_API_DigestUpdate	1064	static
/Users/liam/Documents/nezami_project/code/murata-sdk/Type2BP_SDK_UWBIOT_SR150_v04.06.05_MCUx/UWBIOT_SR150_LiamRoth/uwbiot-top/se_mw/se_hostlib/hostLib/se05x_03_xx_xx/se05x_APDU_impl.h:3697:12:Se05x_API_DigestFinal	2104	static
/Users/liam/Documents/nezami_project/code/murata-sdk/Type2BP_SDK_UWBIOT_SR150_v04.06.05_MCUx/UWBIOT_SR150_LiamRoth/uwbiot-top/se_mw/se_hostlib/hostLib/se05x_03_xx_xx/se05x_APDU_impl.h:3742:12:Se05x_API_DigestOneShot	2104	static
/Users/liam/Documents/nezami_project/code/murata-sdk/Type2BP_SDK_UWBIOT_SR150_v04.06.05_MCUx/UWBIOT_SR150_LiamRoth/uwbiot-top/se_mw/se_hostlib/hostLib/se05x_03_xx_xx/se05x_APDU_impl.h:3787:12:Se05x_API_GetVersion	2096	static
/Users/liam/Documents/nezami_project/code/murata-sdk/Type2BP_SDK_UWBIOT_SR150_v04.06.05_MCUx/UWBIOT_SR150_LiamRoth/uwbiot-top/se_mw/se_hostlib/hostLib/se05x_03_xx_xx/se05x_APDU_impl.h:3818:12:Se05x_API_GetTimestamp	2096	static
/Users/liam/Documents/nezami_project/code/murata-sdk/Type2BP_SDK_UWBIOT_SR150_v04.06.05_MCUx/UWBIOT_SR150_LiamRoth/uwbiot-top/se_mw/se_hostlib/hostLib/se05x_03_xx_xx/se05x_APDU_impl.h:3849:12:Se05x_API_GetFreeMemory	2104	static
/Users/liam/Documents/nezami_project/code/murata-sdk/Type2BP_SDK_UWBIOT_SR150_v04.06.05_MCUx/UWBIOT_SR150_LiamRoth/uwbiot-top/se_mw/se_hostlib/hostLib/se05x_03_xx_xx/se05x_APDU_impl.h:3885:12:Se05x_API_GetRandom	2104	static
/Users/liam/Documents/nezami_project/code/murata-sdk/Type2BP_SDK_UWBIOT_SR150_v04.06.05_MCUx/UWBIOT_SR150_LiamRoth/uwbiot-top/se_mw/se_hostlib/hostLib/se05x_03_xx_xx/se05x_APDU_impl.h:3922:12:Se05x_API_DeleteAll	1040	static
/Users/liam/Documents/nezami_project/code/murata-sdk/Type2BP_SDK_UWBIOT_SR150_v04.06.05_MCUx/UWBIOT_SR150_LiamRoth/uwbiot-top/se_mw/se_hostlib/hostLib/se05x_03_xx_xx/se05x_04_xx_APDU_impl.h:25:12:Se05x_API_AeadOneShot	2120	static
/Users/liam/Documents/nezami_project/code/murata-sdk/Type2BP_SDK_UWBIOT_SR150_v04.06.05_MCUx/UWBIOT_SR150_LiamRoth/uwbiot-top/se_mw/se_hostlib/hostLib/se05x_03_xx_xx/se05x_04_xx_APDU_impl.h:139:12:Se05x_API_AeadInit	2112	static
/Users/liam/Documents/nezami_project/code/murata-sdk/Type2BP_SDK_UWBIOT_SR150_v04.06.05_MCUx/UWBIOT_SR150_LiamRoth/uwbiot-top/se_mw/se_hostlib/hostLib/se05x_03_xx_xx/se05x_04_xx_APDU_impl.h:210:12:Se05x_API_AeadCCMInit	2112	static
/Users/liam/Documents/nezami_project/code/murata-sdk/Type2BP_SDK_UWBIOT_SR150_v04.06.05_MCUx/UWBIOT_SR150_LiamRoth/uwbiot-top/se_mw/se_hostlib/hostLib/se05x_03_xx_xx/se05x_04_xx_APDU_impl.h:296:12:Se05x_API_AeadUpdate_aad	1064	static
/Users/liam/Documents/nezami_project/code/murata-sdk/Type2BP_SDK_UWBIOT_SR150_v04.06.05_MCUx/UWBIOT_SR150_LiamRoth/uwbiot-top/se_mw/se_hostlib/hostLib/se05x_03_xx_xx/se05x_04_xx_APDU_impl.h:323:12:Se05x_API_AeadUpdate	2104	static
/Users/liam/Documents/nezami_project/code/murata-sdk/Type2BP_SDK_UWBIOT_SR150_v04.06.05_MCUx/UWBIOT_SR150_LiamRoth/uwbiot-top/se_mw/se_hostlib/hostLib/se05x_03_xx_xx/se05x_04_xx_APDU_impl.h:368:12:Se05x_API_AeadCCMLastUpdate	1064	static
/Users/liam/Documents/nezami_project/code/murata-sdk/Type2BP_SDK_UWBIOT_SR150_v04.06.05_MCUx/UWBIOT_SR150_LiamRoth/uwbiot-top/se_mw/se_hostlib/hostLib/se05x_03_xx_xx/se05x_04_xx_APDU_impl.h:395:12:Se05x_API_AeadCCMFinal	2112	static
/Users/liam/Documents/nezami_project/code/murata-sdk/Type2BP_SDK_UWBIOT_SR150_v04.06.05_MCUx/UWBIOT_SR150_LiamRoth/uwbiot-top/se_mw/se_hostlib/hostLib/se05x_03_xx_xx/se05x_04_xx_APDU_impl.h:462:12:Se05x_API_AeadFinal	2112	static
/Users/liam/Documents/nezami_project/code/murata-sdk/Type2BP_SDK_UWBIOT_SR150_v04.06.05_MCUx/UWBIOT_SR150_LiamRoth/uwbiot-top/se_mw/se_hostlib/hostLib/se05x_03_xx_xx/se05x_04_xx_APDU_impl.h:521:12:Se05x_API_DisableObjCreation	1056	static
/Users/liam/Documents/nezami_project/code/murata-sdk/Type2BP_SDK_UWBIOT_SR150_v04.06.05_MCUx/UWBIOT_SR150_LiamRoth/uwbiot-top/se_mw/se_hostlib/hostLib/se05x_03_xx_xx/se05x_04_xx_APDU_impl.h:550:12:Se05x_API_TriggerSelfTest	2104	static
/Users/liam/Documents/nezami_project/code/murata-sdk/Type2BP_SDK_UWBIOT_SR150_v04.06.05_MCUx/UWBIOT_SR150_LiamRoth/uwbiot-top/se_mw/se_hostlib/hostLib/se05x_03_xx_xx/se05x_04_xx_APDU_impl.h:589:12:Se05x_API_TriggerSelfTest_W_Attst	2104	static
/Users/liam/Documents/nezami_project/code/murata-sdk/Type2BP_SDK_UWBIOT_SR150_v04.06.05_MCUx/UWBIOT_SR150_LiamRoth/uwbiot-top/se_mw/se_hostlib/hostLib/se05x_03_xx_xx/se05x_04_xx_APDU_impl.h:756:12:Se05x_API_ReadObjectAttributes	2104	static
/Users/liam/Documents/nezami_project/code/murata-sdk/Type2BP_SDK_UWBIOT_SR150_v04.06.05_MCUx/UWBIOT_SR150_LiamRoth/uwbiot-top/se_mw/se_hostlib/hostLib/se05x_03_xx_xx/se05x_04_xx_APDU_impl.h:799:12:Se05x_API_ReadObjectAttributes_W_Attst_V2	2104	static
/Users/liam/Documents/nezami_project/code/murata-sdk/Type2BP_SDK_UWBIOT_SR150_v04.06.05_MCUx/UWBIOT_SR150_LiamRoth/uwbiot-top/se_mw/se_hostlib/hostLib/se05x_03_xx_xx/se05x_04_xx_APDU_impl.h:974:12:Se05x_API_ECDHGenerateSharedSecret_InObject	2096	static
/Users/liam/Documents/nezami_project/code/murata-sdk/Type2BP_SDK_UWBIOT_SR150_v04.06.05_MCUx/UWBIOT_SR150_LiamRoth/uwbiot-top/se_mw/se_hostlib/hostLib/se05x_03_xx_xx/se05x_04_xx_APDU_impl.h:1018:12:Se05x_API_TLSCalculateRsaPreMasterSecret	1064	static
/Users/liam/Documents/nezami_project/code/murata-sdk/Type2BP_SDK_UWBIOT_SR150_v04.06.05_MCUx/UWBIOT_SR150_LiamRoth/uwbiot-top/se_mw/se_hostlib/hostLib/se05x_03_xx_xx/se05x_04_xx_APDU_impl.h:1065:12:Se05x_API_WriteRSAKey_Ver	1064	static
/Users/liam/Documents/nezami_project/code/murata-sdk/Type2BP_SDK_UWBIOT_SR150_v04.06.05_MCUx/UWBIOT_SR150_LiamRoth/uwbiot-top/se_mw/se_hostlib/hostLib/se05x_03_xx_xx/se05x_04_xx_APDU_impl.h:1155:12:Se05x_API_WriteECKey_Ver	1064	static
/Users/liam/Documents/nezami_project/code/murata-sdk/Type2BP_SDK_UWBIOT_SR150_v04.06.05_MCUx/UWBIOT_SR150_LiamRoth/uwbiot-top/se_mw/se_hostlib/hostLib/se05x_03_xx_xx/se05x_04_xx_APDU_impl.h:1213:12:Se05x_API_WriteSymmKey_Ver	1072	static
/Users/liam/Documents/nezami_project/code/murata-sdk/Type2BP_SDK_UWBIOT_SR150_v04.06.05_MCUx/UWBIOT_SR150_LiamRoth/uwbiot-top/se_mw/se_hostlib/hostLib/se05x_03_xx_xx/se05x_04_xx_APDU_impl.h:1274:12:Se05x_API_WriteBinary_Ver	1064	static
/Users/liam/Documents/nezami_project/code/murata-sdk/Type2BP_SDK_UWBIOT_SR150_v04.06.05_MCUx/UWBIOT_SR150_LiamRoth/uwbiot-top/se_mw/se_hostlib/hostLib/se05x_03_xx_xx/se05x_04_xx_APDU_impl.h:1324:12:Se05x_API_ReadState	2096	static
/Users/liam/Documents/nezami_project/code/murata-sdk/Type2BP_SDK_UWBIOT_SR150_v04.06.05_MCUx/UWBIOT_SR150_LiamRoth/uwbiot-top/se_mw/se_hostlib/hostLib/se05x_03_xx_xx/se05x_04_xx_APDU_impl.h:1355:12:Se05x_API_GetExtVersion	2096	static
/Users/liam/Documents/nezami_project/code/murata-sdk/Type2BP_SDK_UWBIOT_SR150_v04.06.05_MCUx/UWBIOT_SR150_LiamRoth/uwbiot-top/se_mw/se_hostlib/hostLib/se05x_03_xx_xx/se05x_04_xx_APDU_impl.h:1386:12:Se05x_API_SendCardManagerCmd	2104	static
/Users/liam/Documents/nezami_project/code/murata-sdk/Type2BP_SDK_UWBIOT_SR150_v04.06.05_MCUx/UWBIOT_SR150_LiamRoth/uwbiot-top/se_mw/se_hostlib/hostLib/se05x_03_xx_xx/se05x_04_xx_APDU_impl.h:1423:12:Se05x_API_UpdateRSAKey_Ver	1072	static
/Users/liam/Documents/nezami_project/code/murata-sdk/Type2BP_SDK_UWBIOT_SR150_v04.06.05_MCUx/UWBIOT_SR150_LiamRoth/uwbiot-top/se_mw/se_hostlib/hostLib/se05x_03_xx_xx/se05x_04_xx_APDU_impl.h:1516:12:Se05x_API_UpdateECKey_Ver	1072	static
/Users/liam/Documents/nezami_project/code/murata-sdk/Type2BP_SDK_UWBIOT_SR150_v04.06.05_MCUx/UWBIOT_SR150_LiamRoth/uwbiot-top/se_mw/se_hostlib/hostLib/se05x_03_xx_xx/se05x_04_xx_APDU_impl.h:1579:12:Se05x_API_UpdateBinary_Ver	1064	static
/Users/liam/Documents/nezami_project/code/murata-sdk/Type2BP_SDK_UWBIOT_SR150_v04.06.05_MCUx/UWBIOT_SR150_LiamRoth/uwbiot-top/se_mw/se_hostlib/hostLib/se05x_03_xx_xx/se05x_04_xx_APDU_impl.h:1629:12:Se05x_API_UpdateSymmKey_Ver	1064	static
/Users/liam/Documents/nezami_project/code/murata-sdk/Type2BP_SDK_UWBIOT_SR150_v04.06.05_MCUx/UWBIOT_SR150_LiamRoth/uwbiot-top/se_mw/se_hostlib/hostLib/se05x_03_xx_xx/se05x_04_xx_APDU_impl.h:1681:12:Se05x_API_UpdatePCR	1064	static
/Users/liam/Documents/nezami_project/code/murata-sdk/Type2BP_SDK_UWBIOT_SR150_v04.06.05_MCUx/UWBIOT_SR150_LiamRoth/uwbiot-top/se_mw/se_hostlib/hostLib/se05x_03_xx_xx/se05x_04_xx_APDU_impl.h:1713:12:Se05x_API_UpdateCounter	1080	static
/Users/liam/Documents/nezami_project/code/murata-sdk/Type2BP_SDK_UWBIOT_SR150_v04.06.05_MCUx/UWBIOT_SR150_LiamRoth/uwbiot-top/se_mw/se_hostlib/hostLib/se05x_03_xx_xx/se05x_04_xx_APDU_impl.h:1755:12:Se05x_API_WriteSymmKey_Ver_extended	1072	static
/Users/liam/Documents/nezami_project/code/murata-sdk/Type2BP_SDK_UWBIOT_SR150_v04.06.05_MCUx/UWBIOT_SR150_LiamRoth/uwbiot-top/se_mw/se_hostlib/hostLib/se05x_03_xx_xx/se05x_04_xx_APDU_impl.h:1824:12:Se05x_API_PBKDF2_extended	2104	static
/Users/liam/Documents/nezami_project/code/murata-sdk/Type2BP_SDK_UWBIOT_SR150_v04.06.05_MCUx/UWBIOT_SR150_LiamRoth/uwbiot-top/se_mw/se_hostlib/hostLib/se05x_03_xx_xx/se05x_04_xx_APDU_impl.h:1911:12:Se05x_API_ECDHGenerateSharedSecret_InObject_extended	2096	static
/Users/liam/Documents/nezami_project/code/murata-sdk/Type2BP_SDK_UWBIOT_SR150_v04.06.05_MCUx/UWBIOT_SR150_LiamRoth/uwbiot-top/se_mw/se_hostlib/hostLib/se05x_03_xx_xx/se05x_04_xx_APDU_impl.h:1961:12:Se05x_API_ECPointMultiply_InputObj	2104	static
/Users/liam/Documents/nezami_project/code/murata-sdk/Type2BP_SDK_UWBIOT_SR150_v04.06.05_MCUx/UWBIOT_SR150_LiamRoth/uwbiot-top/se_mw/se_hostlib/hostLib/se05x_03_xx_xx/se05x_APDU.c:55:12:Se05x_API_I2CM_Send	2104	static
