C:/Users/lr228/UWBIOT_SR150_LiamRoth/uwbiot-top/ext/boards/qn9090/bluetooth/bluetooth/common/ble_service_discovery.c:340:13:BleServDisc_Reset	8	static
C:/Users/lr228/UWBIOT_SR150_LiamRoth/uwbiot-top/ext/boards/qn9090/bluetooth/bluetooth/common/ble_service_discovery.c:90:6:BleServDisc_RegisterCallback	0	static
C:/Users/lr228/UWBIOT_SR150_LiamRoth/uwbiot-top/ext/boards/qn9090/bluetooth/bluetooth/common/ble_service_discovery.c:99:13:BleServDisc_Start	24	static
C:/Users/lr228/UWBIOT_SR150_LiamRoth/uwbiot-top/ext/boards/qn9090/bluetooth/bluetooth/common/ble_service_discovery.c:138:13:BleServDisc_FindService	40	static
C:/Users/lr228/UWBIOT_SR150_LiamRoth/uwbiot-top/ext/boards/qn9090/bluetooth/bluetooth/common/ble_service_discovery.c:181:6:BleServDisc_Stop	8	static
C:/Users/lr228/UWBIOT_SR150_LiamRoth/uwbiot-top/ext/boards/qn9090/bluetooth/bluetooth/common/ble_service_discovery.c:361:13:BleServDisc_Finished	24	static
C:/Users/lr228/UWBIOT_SR150_LiamRoth/uwbiot-top/ext/boards/qn9090/bluetooth/bluetooth/common/ble_service_discovery.c:192:6:BleServDisc_SignalGattClientEvent	24	static
