C:/Users/lr228/UWBIOT_SR150_LiamRoth/uwbiot-top/ext/boards/qn9090/bluetooth/bluetooth/common/ble_conn_manager.c:859:13:BleConnManager_DataLengthUpdateProcedure	8	static
C:/Users/lr228/UWBIOT_SR150_LiamRoth/uwbiot-top/ext/boards/qn9090/bluetooth/bluetooth/common/ble_conn_manager.c:133:6:BleConnManager_GenericEvent	64	static
C:/Users/lr228/UWBIOT_SR150_LiamRoth/uwbiot-top/ext/boards/qn9090/bluetooth/bluetooth/common/ble_conn_manager.c:302:6:BleConnManager_GapPeripheralEvent	8	static
C:/Users/lr228/UWBIOT_SR150_LiamRoth/uwbiot-top/ext/boards/qn9090/bluetooth/bluetooth/common/ble_conn_manager.c:495:6:BleConnManager_GapCentralEvent	8	static
C:/Users/lr228/UWBIOT_SR150_LiamRoth/uwbiot-top/ext/boards/qn9090/bluetooth/bluetooth/common/ble_conn_manager.c:691:13:BleConnManager_EnablePrivacy	0	static
C:/Users/lr228/UWBIOT_SR150_LiamRoth/uwbiot-top/ext/boards/qn9090/bluetooth/bluetooth/common/ble_conn_manager.c:716:13:BleConnManager_DisablePrivacy	0	static
C:/Users/lr228/UWBIOT_SR150_LiamRoth/uwbiot-top/ext/boards/qn9090/bluetooth/bluetooth/common/ble_conn_manager.c:749:6:BleConnManager_GapCommonConfig	16	static
