C:/Users/lr228/UWBIOT_SR150_LiamRoth/uwbiot-top/boards/Rhodes4_SPI/board.c:492:13:FaultRecovery	8	static
C:/Users/lr228/UWBIOT_SR150_LiamRoth/uwbiot-top/boards/Rhodes4_SPI/board.c:464:6:BOARD_IsADCEnabled	0	static
C:/Users/lr228/UWBIOT_SR150_LiamRoth/uwbiot-top/boards/Rhodes4_SPI/board.c:506:10:BOARD_InitDebugConsole	8	static
C:/Users/lr228/UWBIOT_SR150_LiamRoth/uwbiot-top/boards/Rhodes4_SPI/board.c:523:10:BOARD_InitSwoDebugConsole	8	static
C:/Users/lr228/UWBIOT_SR150_LiamRoth/uwbiot-top/boards/Rhodes4_SPI/board.c:538:10:BOARD_DeinitDebugConsole	8	static
C:/Users/lr228/UWBIOT_SR150_LiamRoth/uwbiot-top/boards/Rhodes4_SPI/board.c:546:10:BOARD_DeinitSwoDebugConsole	8	static
C:/Users/lr228/UWBIOT_SR150_LiamRoth/uwbiot-top/boards/Rhodes4_SPI/board.c:553:6:BOARD_I2C_Init	32	static
C:/Users/lr228/UWBIOT_SR150_LiamRoth/uwbiot-top/boards/Rhodes4_SPI/board.c:562:10:BOARD_I2C_Send	32	static
C:/Users/lr228/UWBIOT_SR150_LiamRoth/uwbiot-top/boards/Rhodes4_SPI/board.c:583:10:BOARD_I2C_Receive	32	static
C:/Users/lr228/UWBIOT_SR150_LiamRoth/uwbiot-top/boards/Rhodes4_SPI/board.c:604:6:BOARD_Get_Rhodes4Version	32	static
C:/Users/lr228/UWBIOT_SR150_LiamRoth/uwbiot-top/boards/Rhodes4_SPI/board.c:693:6:BOARD_InitAdc	16	static
C:/Users/lr228/UWBIOT_SR150_LiamRoth/uwbiot-top/boards/Rhodes4_SPI/board.c:717:6:BOARD_ADCWakeupInit	8	static
C:/Users/lr228/UWBIOT_SR150_LiamRoth/uwbiot-top/boards/Rhodes4_SPI/board.c:734:6:BOARD_CheckADCReady	8	static
C:/Users/lr228/UWBIOT_SR150_LiamRoth/uwbiot-top/boards/Rhodes4_SPI/board.c:636:9:BOARD_GetBatteryLevel	32	static
C:/Users/lr228/UWBIOT_SR150_LiamRoth/uwbiot-top/boards/Rhodes4_SPI/board.c:750:6:BOARD_EnableAdc	0	static
C:/Users/lr228/UWBIOT_SR150_LiamRoth/uwbiot-top/boards/Rhodes4_SPI/board.c:763:6:BOARD_ADCMeasure	8	static
C:/Users/lr228/UWBIOT_SR150_LiamRoth/uwbiot-top/boards/Rhodes4_SPI/board.c:776:6:BOARD_DeInitAdc	8	static
C:/Users/lr228/UWBIOT_SR150_LiamRoth/uwbiot-top/boards/Rhodes4_SPI/board.c:785:10:BOARD_GetUsartClock	8	static
C:/Users/lr228/UWBIOT_SR150_LiamRoth/uwbiot-top/boards/Rhodes4_SPI/board.c:806:10:BOARD_GetCtimerClock	8	static
C:/Users/lr228/UWBIOT_SR150_LiamRoth/uwbiot-top/boards/Rhodes4_SPI/board.c:811:10:BOARD_GetPotentiometerLevel	16	static
C:/Users/lr228/UWBIOT_SR150_LiamRoth/uwbiot-top/boards/Rhodes4_SPI/board.c:819:6:BOARD_SetFaultBehaviour	0	static
C:/Users/lr228/UWBIOT_SR150_LiamRoth/uwbiot-top/boards/Rhodes4_SPI/board.c:831:49:BusFault_Handler	0	static
C:/Users/lr228/UWBIOT_SR150_LiamRoth/uwbiot-top/boards/Rhodes4_SPI/board.c:863:10:BOARD_GetSpiClock	8	static
C:/Users/lr228/UWBIOT_SR150_LiamRoth/uwbiot-top/boards/Rhodes4_SPI/board.c:884:6:BOARD_DbgLpIoSet	0	static
C:/Users/lr228/UWBIOT_SR150_LiamRoth/uwbiot-top/boards/Rhodes4_SPI/board.c:894:6:BOARD_DbgIoSet	0	static
C:/Users/lr228/UWBIOT_SR150_LiamRoth/uwbiot-top/boards/Rhodes4_SPI/board.c:905:6:BOARD_SetHeliosId	0	static
C:/Users/lr228/UWBIOT_SR150_LiamRoth/uwbiot-top/boards/Rhodes4_SPI/board.c:910:10:BOARD_GetHeliosId	0	static
C:/Users/lr228/UWBIOT_SR150_LiamRoth/uwbiot-top/boards/Rhodes4_SPI/board.c:918:6:BOARD_DbgSetIoUp	0	static
C:/Users/lr228/UWBIOT_SR150_LiamRoth/uwbiot-top/boards/Rhodes4_SPI/board.c:923:6:BOARD_DbgSetIoDown	0	static
C:/Users/lr228/UWBIOT_SR150_LiamRoth/uwbiot-top/boards/Rhodes4_SPI/board.c:1044:6:BOARD_DbgDiagIoConf	0	static
C:/Users/lr228/UWBIOT_SR150_LiamRoth/uwbiot-top/boards/Rhodes4_SPI/board.c:1047:6:BOARD_DbgDiagEnable	0	static
C:/Users/lr228/UWBIOT_SR150_LiamRoth/uwbiot-top/boards/Rhodes4_SPI/board.c:1052:6:BOARD_InitPMod_SPI_I2C	8	static
C:/Users/lr228/UWBIOT_SR150_LiamRoth/uwbiot-top/boards/Rhodes4_SPI/board.c:1057:6:BOARD_InitSPI	8	static
C:/Users/lr228/UWBIOT_SR150_LiamRoth/uwbiot-top/boards/Rhodes4_SPI/board.c:1191:6:BOARD_CpuClockUpdate	8	static
C:/Users/lr228/UWBIOT_SR150_LiamRoth/uwbiot-top/boards/Rhodes4_SPI/board.c:1467:6:BOARD_InitDEBUG_UART	8	static
C:/Users/lr228/UWBIOT_SR150_LiamRoth/uwbiot-top/boards/Rhodes4_SPI/board.c:1473:6:BOARD_SetDEBUG_UART_LowPower	0	static
C:/Users/lr228/UWBIOT_SR150_LiamRoth/uwbiot-top/boards/Rhodes4_SPI/board.c:1499:6:BOARD_CheckSwdAttached	24	static
C:/Users/lr228/UWBIOT_SR150_LiamRoth/uwbiot-top/boards/Rhodes4_SPI/board.c:1553:6:BOARD_BatteryLevelPinInit	0	static
C:/Users/lr228/UWBIOT_SR150_LiamRoth/uwbiot-top/boards/Rhodes4_SPI/board.c:1559:6:BOARD_SetPinsForRunMode	8	static
C:/Users/lr228/UWBIOT_SR150_LiamRoth/uwbiot-top/boards/Rhodes4_SPI/board.c:1265:6:BOARD_common_hw_init	8	static
C:/Users/lr228/UWBIOT_SR150_LiamRoth/uwbiot-top/boards/Rhodes4_SPI/board.c:1577:6:BOARD_SetPinsForPowerDown	24	static
C:/Users/lr228/UWBIOT_SR150_LiamRoth/uwbiot-top/boards/Rhodes4_SPI/board.c:1675:6:board_specific_action_on_idle	8	static
C:/Users/lr228/UWBIOT_SR150_LiamRoth/uwbiot-top/boards/Rhodes4_SPI/board.c:1956:22:psector_GetPage0Contents	16	static
C:/Users/lr228/UWBIOT_SR150_LiamRoth/uwbiot-top/boards/Rhodes4_SPI/board.c:1994:22:psector_GetPage0Handle	8	static
C:/Users/lr228/UWBIOT_SR150_LiamRoth/uwbiot-top/boards/Rhodes4_SPI/board.c:2012:5:psector_CommitPageUpdates	16	static
C:/Users/lr228/UWBIOT_SR150_LiamRoth/uwbiot-top/boards/Rhodes4_SPI/board.c:2031:5:psector_SetOtaEntry	16	static
C:/Users/lr228/UWBIOT_SR150_LiamRoth/uwbiot-top/boards/Rhodes4_SPI/board.c:2055:6:psector_SetPreferredApp	24	static
C:/Users/lr228/UWBIOT_SR150_LiamRoth/uwbiot-top/boards/Rhodes4_SPI/board.c:2109:5:psector_WriteBleMacAddress	24	static
C:/Users/lr228/UWBIOT_SR150_LiamRoth/uwbiot-top/boards/Rhodes4_SPI/board.c:2141:5:BOARD_Get_BLE_MAC_Id	40	static
C:/Users/lr228/UWBIOT_SR150_LiamRoth/uwbiot-top/boards/Rhodes4_SPI/board.c:2191:6:BOARD_DisplayMCUUid	24	static
C:/Users/lr228/UWBIOT_SR150_LiamRoth/uwbiot-top/boards/Rhodes4_SPI/board.c:2200:6:BOARD_GetMCUUid	24	static
C:/Users/lr228/UWBIOT_SR150_LiamRoth/uwbiot-top/boards/Rhodes4_SPI/board.c:2217:6:BOARD_MCUReset	0	static
C:/Users/lr228/UWBIOT_SR150_LiamRoth/uwbiot-top/boards/Rhodes4_SPI/board.c:2222:6:WDT_BOD_IRQHandler	0	static
