/Users/liam/Documents/nezami_project/code/murata-sdk/Type2BP_SDK_UWBIOT_SR150_v04.06.05_MCUx/UWBIOT_SR150_v04.06.05_MCUx/uwbiot-top/boards/Rhodes4_SPI/board_utility.c:511:12:iCapDeltaCalculation_MHz_x1000	4	static
/Users/liam/Documents/nezami_project/code/murata-sdk/Type2BP_SDK_UWBIOT_SR150_v04.06.05_MCUx/UWBIOT_SR150_v04.06.05_MCUx/uwbiot-top/boards/Rhodes4_SPI/board_utility.c:366:9:BOARD_GetTemperature	40	static
/Users/liam/Documents/nezami_project/code/murata-sdk/Type2BP_SDK_UWBIOT_SR150_v04.06.05_MCUx/UWBIOT_SR150_v04.06.05_MCUx/uwbiot-top/boards/Rhodes4_SPI/board_utility.c:415:5:BOARD_GetLastKnownTemperature	0	static
/Users/liam/Documents/nezami_project/code/murata-sdk/Type2BP_SDK_UWBIOT_SR150_v04.06.05_MCUx/UWBIOT_SR150_v04.06.05_MCUx/uwbiot-top/boards/Rhodes4_SPI/board_utility.c:434:39:BOARD_GetClock32MCapacitanceCharacteristics	0	static
/Users/liam/Documents/nezami_project/code/murata-sdk/Type2BP_SDK_UWBIOT_SR150_v04.06.05_MCUx/UWBIOT_SR150_v04.06.05_MCUx/uwbiot-top/boards/Rhodes4_SPI/board_utility.c:440:39:BOARD_GetClock32kCapacitanceCharacteristics	0	static
/Users/liam/Documents/nezami_project/code/murata-sdk/Type2BP_SDK_UWBIOT_SR150_v04.06.05_MCUx/UWBIOT_SR150_v04.06.05_MCUx/uwbiot-top/boards/Rhodes4_SPI/board_utility.c:722:16:CLOCK_GetAi32MXtalIecLoadFfVsTemp	0	static
/Users/liam/Documents/nezami_project/code/murata-sdk/Type2BP_SDK_UWBIOT_SR150_v04.06.05_MCUx/UWBIOT_SR150_v04.06.05_MCUx/uwbiot-top/boards/Rhodes4_SPI/board_utility.c:834:9:i16GetAteTemp	0	static
/Users/liam/Documents/nezami_project/code/murata-sdk/Type2BP_SDK_UWBIOT_SR150_v04.06.05_MCUx/UWBIOT_SR150_v04.06.05_MCUx/uwbiot-top/boards/Rhodes4_SPI/board_utility.c:548:9:Calculate_32MOscCapCompensation	16	static
/Users/liam/Documents/nezami_project/code/murata-sdk/Type2BP_SDK_UWBIOT_SR150_v04.06.05_MCUx/UWBIOT_SR150_v04.06.05_MCUx/uwbiot-top/boards/Rhodes4_SPI/board_utility.c:446:6:BOARD_tcxo32M_compensation_run	8	static
/Users/liam/Documents/nezami_project/code/murata-sdk/Type2BP_SDK_UWBIOT_SR150_v04.06.05_MCUx/UWBIOT_SR150_v04.06.05_MCUx/uwbiot-top/boards/Rhodes4_SPI/board_utility.c:857:6:BOARD_CpuClockUpdate48Mz	8	static
/Users/liam/Documents/nezami_project/code/murata-sdk/Type2BP_SDK_UWBIOT_SR150_v04.06.05_MCUx/UWBIOT_SR150_v04.06.05_MCUx/uwbiot-top/boards/Rhodes4_SPI/board_utility.c:865:6:BOARD_CpuClockUpdate32MhzFro	8	static
/Users/liam/Documents/nezami_project/code/murata-sdk/Type2BP_SDK_UWBIOT_SR150_v04.06.05_MCUx/UWBIOT_SR150_v04.06.05_MCUx/uwbiot-top/boards/Rhodes4_SPI/board_utility.c:873:6:BOARD_CpuClockUpdate32MhzXtal	8	static
