/Users/liam/Documents/nezami_project/code/murata-sdk/Type2BP_SDK_UWBIOT_SR150_v04.06.05_MCUx/UWBIOT_SR150_LiamRoth/uwbiot-top/boards/Rhodes4_SPI/i2c_rhodesv4.c:72:20:kinetisI2cStatusToAxStatus	8	static
/Users/liam/Documents/nezami_project/code/murata-sdk/Type2BP_SDK_UWBIOT_SR150_v04.06.05_MCUx/UWBIOT_SR150_LiamRoth/uwbiot-top/boards/Rhodes4_SPI/i2c_rhodesv4.c:59:6:axI2CResetBackoffDelay	0	static
/Users/liam/Documents/nezami_project/code/murata-sdk/Type2BP_SDK_UWBIOT_SR150_v04.06.05_MCUx/UWBIOT_SR150_LiamRoth/uwbiot-top/boards/Rhodes4_SPI/i2c_rhodesv4.c:121:13:axI2CInit	24	static
/Users/liam/Documents/nezami_project/code/murata-sdk/Type2BP_SDK_UWBIOT_SR150_v04.06.05_MCUx/UWBIOT_SR150_LiamRoth/uwbiot-top/boards/Rhodes4_SPI/i2c_rhodesv4.c:147:6:axI2CTerm	8	static
/Users/liam/Documents/nezami_project/code/murata-sdk/Type2BP_SDK_UWBIOT_SR150_v04.06.05_MCUx/UWBIOT_SR150_LiamRoth/uwbiot-top/boards/Rhodes4_SPI/i2c_rhodesv4.c:160:14:axI2CWrite	40	static
/Users/liam/Documents/nezami_project/code/murata-sdk/Type2BP_SDK_UWBIOT_SR150_v04.06.05_MCUx/UWBIOT_SR150_LiamRoth/uwbiot-top/boards/Rhodes4_SPI/i2c_rhodesv4.c:188:14:axI2CRead	40	static
