C:/Users/lr228/UWBIOT_SR150_LiamRoth/uwbiot-top/boards/Rhodes4_SPI/uwb_bus_io.c:22:13:uwb_bus_io_pint_generic_cb	8	static
C:/Users/lr228/UWBIOT_SR150_LiamRoth/uwbiot-top/boards/Rhodes4_SPI/uwb_bus_io.c:29:6:uwb_bus_io_irq_cb	8	static
C:/Users/lr228/UWBIOT_SR150_LiamRoth/uwbiot-top/boards/Rhodes4_SPI/uwb_bus_io.c:36:18:uwb_bus_io_deinit	8	static
C:/Users/lr228/UWBIOT_SR150_LiamRoth/uwbiot-top/boards/Rhodes4_SPI/uwb_bus_io.c:96:18:uwb_bus_io_val_set	8	static
C:/Users/lr228/UWBIOT_SR150_LiamRoth/uwbiot-top/boards/Rhodes4_SPI/uwb_bus_io.c:54:6:nfc_ven_val_set	80	static
C:/Users/lr228/UWBIOT_SR150_LiamRoth/uwbiot-top/boards/Rhodes4_SPI/uwb_bus_io.c:156:18:uwb_bus_io_val_get	24	static
C:/Users/lr228/UWBIOT_SR150_LiamRoth/uwbiot-top/boards/Rhodes4_SPI/uwb_bus_io.c:70:10:nfc_ven_val_get	80	static
C:/Users/lr228/UWBIOT_SR150_LiamRoth/uwbiot-top/boards/Rhodes4_SPI/uwb_bus_io.c:86:10:nfc_irq_val_get	80	static
C:/Users/lr228/UWBIOT_SR150_LiamRoth/uwbiot-top/boards/Rhodes4_SPI/uwb_bus_io.c:263:18:uwb_bus_io_irq_dis	8	static
C:/Users/lr228/UWBIOT_SR150_LiamRoth/uwbiot-top/boards/Rhodes4_SPI/uwb_bus_io.c:298:18:uwb_bus_io_irq_en	16	static
C:/Users/lr228/UWBIOT_SR150_LiamRoth/uwbiot-top/boards/Rhodes4_SPI/uwb_bus_io.c:361:18:uwb_bus_io_irq_wait	8	static
C:/Users/lr228/UWBIOT_SR150_LiamRoth/uwbiot-top/boards/Rhodes4_SPI/uwb_bus_io.c:375:18:uwb_bus_io_uwbs_irq_enable	16	static
C:/Users/lr228/UWBIOT_SR150_LiamRoth/uwbiot-top/boards/Rhodes4_SPI/uwb_bus_io.c:42:18:uwb_bus_io_init	8	static
