/Users/liam/Documents/nezami_project/code/murata-sdk/Type2BP_SDK_UWBIOT_SR150_v04.06.05_MCUx/UWBIOT_SR150_v04.06.05_MCUx/uwbiot-top/se_mw/nxp_iot_agent/src/common/nxp_iot_agent_utils_protobuf.c:11:6:copy_bytes_to_buffer	16	static
/Users/liam/Documents/nezami_project/code/murata-sdk/Type2BP_SDK_UWBIOT_SR150_v04.06.05_MCUx/UWBIOT_SR150_v04.06.05_MCUx/uwbiot-top/se_mw/nxp_iot_agent/src/common/nxp_iot_agent_utils_protobuf.c:28:6:decode_byte_field	8	static
/Users/liam/Documents/nezami_project/code/murata-sdk/Type2BP_SDK_UWBIOT_SR150_v04.06.05_MCUx/UWBIOT_SR150_v04.06.05_MCUx/uwbiot-top/se_mw/nxp_iot_agent/src/common/nxp_iot_agent_utils_protobuf.c:36:6:encode_byte_field	16	static
/Users/liam/Documents/nezami_project/code/murata-sdk/Type2BP_SDK_UWBIOT_SR150_v04.06.05_MCUx/UWBIOT_SR150_v04.06.05_MCUx/uwbiot-top/se_mw/nxp_iot_agent/src/common/nxp_iot_agent_utils_protobuf.c:53:6:decode_expect_field	16	static
/Users/liam/Documents/nezami_project/code/murata-sdk/Type2BP_SDK_UWBIOT_SR150_v04.06.05_MCUx/UWBIOT_SR150_v04.06.05_MCUx/uwbiot-top/se_mw/nxp_iot_agent/src/common/nxp_iot_agent_utils_protobuf.c:73:6:verify_return_value	8	static
/Users/liam/Documents/nezami_project/code/murata-sdk/Type2BP_SDK_UWBIOT_SR150_v04.06.05_MCUx/UWBIOT_SR150_v04.06.05_MCUx/uwbiot-top/se_mw/nxp_iot_agent/src/common/nxp_iot_agent_utils_protobuf.c:94:6:encode_varint_with_fixed_length	40	static
/Users/liam/Documents/nezami_project/code/murata-sdk/Type2BP_SDK_UWBIOT_SR150_v04.06.05_MCUx/UWBIOT_SR150_v04.06.05_MCUx/uwbiot-top/se_mw/nxp_iot_agent/src/common/nxp_iot_agent_utils_protobuf.c:115:19:decode_unionmessage_type	32	static
/Users/liam/Documents/nezami_project/code/murata-sdk/Type2BP_SDK_UWBIOT_SR150_v04.06.05_MCUx/UWBIOT_SR150_v04.06.05_MCUx/uwbiot-top/se_mw/nxp_iot_agent/src/common/nxp_iot_agent_utils_protobuf.c:143:14:pb_ostream_from_response_buffer	4	static
/Users/liam/Documents/nezami_project/code/murata-sdk/Type2BP_SDK_UWBIOT_SR150_v04.06.05_MCUx/UWBIOT_SR150_v04.06.05_MCUx/uwbiot-top/se_mw/nxp_iot_agent/src/common/nxp_iot_agent_utils_protobuf.c:157:30:pb_ostream_response_buffer_get_internal_buffer	0	static
/Users/liam/Documents/nezami_project/code/murata-sdk/Type2BP_SDK_UWBIOT_SR150_v04.06.05_MCUx/UWBIOT_SR150_v04.06.05_MCUx/uwbiot-top/se_mw/nxp_iot_agent/src/common/nxp_iot_agent_utils_protobuf.c:162:6:pb_response_buffer_consume_bytes	0	static
/Users/liam/Documents/nezami_project/code/murata-sdk/Type2BP_SDK_UWBIOT_SR150_v04.06.05_MCUx/UWBIOT_SR150_v04.06.05_MCUx/uwbiot-top/se_mw/nxp_iot_agent/src/common/nxp_iot_agent_utils_protobuf.c:149:6:pb_ostream_response_buffer_direct_write	16	static
/Users/liam/Documents/nezami_project/code/murata-sdk/Type2BP_SDK_UWBIOT_SR150_v04.06.05_MCUx/UWBIOT_SR150_v04.06.05_MCUx/uwbiot-top/se_mw/nxp_iot_agent/src/common/nxp_iot_agent_utils_protobuf.c:168:5:byte_array_to_hex_str	32	static
/Users/liam/Documents/nezami_project/code/murata-sdk/Type2BP_SDK_UWBIOT_SR150_v04.06.05_MCUx/UWBIOT_SR150_v04.06.05_MCUx/uwbiot-top/se_mw/nxp_iot_agent/src/common/nxp_iot_agent_utils_protobuf.c:192:7:pb_bytes_array_to_hex_str	16	static
