/Users/liam/Documents/nezami_project/code/murata-sdk/Type2BP_SDK_UWBIOT_SR150_v04.06.05_MCUx/UWBIOT_SR150_LiamRoth/uwbiot-top/se_mw/nxp_iot_agent/src/common/nxp_iot_agent_dispatcher.c:45:6:encode_responses_callback	16	static
/Users/liam/Documents/nezami_project/code/murata-sdk/Type2BP_SDK_UWBIOT_SR150_v04.06.05_MCUx/UWBIOT_SR150_LiamRoth/uwbiot-top/se_mw/nxp_iot_agent/src/common/nxp_iot_agent_dispatcher.c:209:6:handle_requests	32	static
/Users/liam/Documents/nezami_project/code/murata-sdk/Type2BP_SDK_UWBIOT_SR150_v04.06.05_MCUx/UWBIOT_SR150_LiamRoth/uwbiot-top/se_mw/nxp_iot_agent/src/common/nxp_iot_agent_dispatcher.c:64:6:encode_responses_from_payload	16	static
/Users/liam/Documents/nezami_project/code/murata-sdk/Type2BP_SDK_UWBIOT_SR150_v04.06.05_MCUx/UWBIOT_SR150_LiamRoth/uwbiot-top/se_mw/nxp_iot_agent/src/common/nxp_iot_agent_dispatcher.c:79:6:handle_request_payload	7216	static
/Users/liam/Documents/nezami_project/code/murata-sdk/Type2BP_SDK_UWBIOT_SR150_v04.06.05_MCUx/UWBIOT_SR150_LiamRoth/uwbiot-top/se_mw/nxp_iot_agent/src/common/nxp_iot_agent_dispatcher.c:229:20:iot_agent_dispatcher	4160	static
