/Users/liam/Documents/nezami_project/code/murata-sdk/Type2BP_SDK_UWBIOT_SR150_v04.06.05_MCUx/UWBIOT_SR150_LiamRoth/uwbiot-top/se_mw/se_hostlib/hostLib/libCommon/smCom/smComT1oI2C.c:149:12:smComT1oI2C_TransceiveRaw	24	static
/Users/liam/Documents/nezami_project/code/murata-sdk/Type2BP_SDK_UWBIOT_SR150_v04.06.05_MCUx/UWBIOT_SR150_LiamRoth/uwbiot-top/se_mw/se_hostlib/hostLib/libCommon/smCom/smComT1oI2C.c:136:12:smComT1oI2C_Transceive	24	static
/Users/liam/Documents/nezami_project/code/murata-sdk/Type2BP_SDK_UWBIOT_SR150_v04.06.05_MCUx/UWBIOT_SR150_LiamRoth/uwbiot-top/se_mw/se_hostlib/hostLib/libCommon/smCom/smComT1oI2C.c:39:5:smComT1oI2C_Close	8	static
/Users/liam/Documents/nezami_project/code/murata-sdk/Type2BP_SDK_UWBIOT_SR150_v04.06.05_MCUx/UWBIOT_SR150_LiamRoth/uwbiot-top/se_mw/se_hostlib/hostLib/libCommon/smCom/smComT1oI2C.c:72:5:smComT1oI2C_Init	8	static
/Users/liam/Documents/nezami_project/code/murata-sdk/Type2BP_SDK_UWBIOT_SR150_v04.06.05_MCUx/UWBIOT_SR150_LiamRoth/uwbiot-top/se_mw/se_hostlib/hostLib/libCommon/smCom/smComT1oI2C.c:90:5:smComT1oI2C_Resume	8	static
/Users/liam/Documents/nezami_project/code/murata-sdk/Type2BP_SDK_UWBIOT_SR150_v04.06.05_MCUx/UWBIOT_SR150_LiamRoth/uwbiot-top/se_mw/se_hostlib/hostLib/libCommon/smCom/smComT1oI2C.c:108:5:smComT1oI2C_Open	24	static
/Users/liam/Documents/nezami_project/code/murata-sdk/Type2BP_SDK_UWBIOT_SR150_v04.06.05_MCUx/UWBIOT_SR150_LiamRoth/uwbiot-top/se_mw/se_hostlib/hostLib/libCommon/smCom/smComT1oI2C.c:178:5:smComT1oI2C_AnswerToReset	32	static
/Users/liam/Documents/nezami_project/code/murata-sdk/Type2BP_SDK_UWBIOT_SR150_v04.06.05_MCUx/UWBIOT_SR150_LiamRoth/uwbiot-top/se_mw/se_hostlib/hostLib/libCommon/smCom/smComT1oI2C.c:211:5:smComT1oI2C_ComReset	8	static
