/Users/liam/Documents/nezami_project/code/murata-sdk/Type2BP_SDK_UWBIOT_SR150_v04.06.05_MCUx/UWBIOT_SR150_LiamRoth/uwbiot-top/se_mw/se_hostlib/hostLib/fira/src/se_FiRaLite_API.c:592:19:se_FiRaLite_API_GetPutData	32	static
/Users/liam/Documents/nezami_project/code/murata-sdk/Type2BP_SDK_UWBIOT_SR150_v04.06.05_MCUx/UWBIOT_SR150_LiamRoth/uwbiot-top/se_mw/se_hostlib/hostLib/fira/src/se_FiRaLite_API.c:648:19:select_applet	168	static
/Users/liam/Documents/nezami_project/code/murata-sdk/Type2BP_SDK_UWBIOT_SR150_v04.06.05_MCUx/UWBIOT_SR150_LiamRoth/uwbiot-top/se_mw/se_hostlib/hostLib/fira/src/se_FiRaLite_API.c:363:19:se_FiRaLite_API_DispatchTunnel	592	static
/Users/liam/Documents/nezami_project/code/murata-sdk/Type2BP_SDK_UWBIOT_SR150_v04.06.05_MCUx/UWBIOT_SR150_LiamRoth/uwbiot-top/se_mw/se_hostlib/hostLib/fira/src/se_FiRaLite_API.c:81:12:se_FiRaLite_API_Select	352	static
/Users/liam/Documents/nezami_project/code/murata-sdk/Type2BP_SDK_UWBIOT_SR150_v04.06.05_MCUx/UWBIOT_SR150_LiamRoth/uwbiot-top/se_mw/se_hostlib/hostLib/fira/src/se_FiRaLite_API.c:135:12:se_FiRaLite_API_SelectADF	600	static
/Users/liam/Documents/nezami_project/code/murata-sdk/Type2BP_SDK_UWBIOT_SR150_v04.06.05_MCUx/UWBIOT_SR150_LiamRoth/uwbiot-top/se_mw/se_hostlib/hostLib/fira/src/se_FiRaLite_API.c:244:12:se_FiRaLite_API_InitiateTransaction	600	static
/Users/liam/Documents/nezami_project/code/murata-sdk/Type2BP_SDK_UWBIOT_SR150_v04.06.05_MCUx/UWBIOT_SR150_LiamRoth/uwbiot-top/se_mw/se_hostlib/hostLib/fira/src/se_FiRaLite_API.c:481:12:se_FiRaLite_API_Dispatch	16	static
/Users/liam/Documents/nezami_project/code/murata-sdk/Type2BP_SDK_UWBIOT_SR150_v04.06.05_MCUx/UWBIOT_SR150_LiamRoth/uwbiot-top/se_mw/se_hostlib/hostLib/fira/src/se_FiRaLite_API.c:488:12:se_FiRaLite_API_Tunnel	16	static
/Users/liam/Documents/nezami_project/code/murata-sdk/Type2BP_SDK_UWBIOT_SR150_v04.06.05_MCUx/UWBIOT_SR150_LiamRoth/uwbiot-top/se_mw/se_hostlib/hostLib/fira/src/se_FiRaLite_API.c:494:12:se_FiRaLite_API_RemoteGetData	16	static
/Users/liam/Documents/nezami_project/code/murata-sdk/Type2BP_SDK_UWBIOT_SR150_v04.06.05_MCUx/UWBIOT_SR150_LiamRoth/uwbiot-top/se_mw/se_hostlib/hostLib/fira/src/se_FiRaLite_API.c:500:12:se_FiRaLite_API_RemotePutData	16	static
/Users/liam/Documents/nezami_project/code/murata-sdk/Type2BP_SDK_UWBIOT_SR150_v04.06.05_MCUx/UWBIOT_SR150_LiamRoth/uwbiot-top/se_mw/se_hostlib/hostLib/fira/src/se_FiRaLite_API.c:506:12:se_FiRaLite_API_LocalGetData	592	static
/Users/liam/Documents/nezami_project/code/murata-sdk/Type2BP_SDK_UWBIOT_SR150_v04.06.05_MCUx/UWBIOT_SR150_LiamRoth/uwbiot-top/se_mw/se_hostlib/hostLib/fira/src/se_FiRaLite_API.c:552:12:se_FiRaLite_API_LocalPutData	584	static
