C:/Users/lr228/UWBIOT_SR150_LiamRoth/uwbiot-top/ext/freertos/tasks.c:1806:20:prvTaskIsTaskSuspended	0	static
C:/Users/lr228/UWBIOT_SR150_LiamRoth/uwbiot-top/ext/freertos/tasks.c:2134:20:prvGetExpectedIdleTime	0	static
C:/Users/lr228/UWBIOT_SR150_LiamRoth/uwbiot-top/ext/freertos/tasks.c:3955:13:prvResetNextTaskUnblockTime	0	static
C:/Users/lr228/UWBIOT_SR150_LiamRoth/uwbiot-top/ext/freertos/tasks.c:5188:13:prvAddCurrentTaskToDelayedList	16	static
C:/Users/lr228/UWBIOT_SR150_LiamRoth/uwbiot-top/ext/freertos/tasks.c:734:13:xTaskCreate	32	static
C:/Users/lr228/UWBIOT_SR150_LiamRoth/uwbiot-top/ext/freertos/tasks.c:1163:7:vTaskDelete	16	static
C:/Users/lr228/UWBIOT_SR150_LiamRoth/uwbiot-top/ext/freertos/tasks.c:1387:13:eTaskGetState	24	static
C:/Users/lr228/UWBIOT_SR150_LiamRoth/uwbiot-top/ext/freertos/tasks.c:1479:14:uxTaskPriorityGet	8	static
C:/Users/lr228/UWBIOT_SR150_LiamRoth/uwbiot-top/ext/freertos/tasks.c:1501:14:uxTaskPriorityGetFromISR	8	static
C:/Users/lr228/UWBIOT_SR150_LiamRoth/uwbiot-top/ext/freertos/tasks.c:1541:7:vTaskPrioritySet	24	static
C:/Users/lr228/UWBIOT_SR150_LiamRoth/uwbiot-top/ext/freertos/tasks.c:1852:7:vTaskResume	16	static
C:/Users/lr228/UWBIOT_SR150_LiamRoth/uwbiot-top/ext/freertos/tasks.c:1906:13:xTaskResumeFromISR	24	static
C:/Users/lr228/UWBIOT_SR150_LiamRoth/uwbiot-top/ext/freertos/tasks.c:1976:6:vTaskStartScheduler	16	static
C:/Users/lr228/UWBIOT_SR150_LiamRoth/uwbiot-top/ext/freertos/tasks.c:2100:6:vTaskEndScheduler	8	static
C:/Users/lr228/UWBIOT_SR150_LiamRoth/uwbiot-top/ext/freertos/tasks.c:2111:6:vTaskSuspendAll	0	static
C:/Users/lr228/UWBIOT_SR150_LiamRoth/uwbiot-top/ext/freertos/tasks.c:2306:12:xTaskGetTickCount	0	static
C:/Users/lr228/UWBIOT_SR150_LiamRoth/uwbiot-top/ext/freertos/tasks.c:2321:12:xTaskGetTickCountFromISR	8	static
C:/Users/lr228/UWBIOT_SR150_LiamRoth/uwbiot-top/ext/freertos/tasks.c:2352:13:uxTaskGetNumberOfTasks	0	static
C:/Users/lr228/UWBIOT_SR150_LiamRoth/uwbiot-top/ext/freertos/tasks.c:2360:7:pcTaskGetName	0	static
C:/Users/lr228/UWBIOT_SR150_LiamRoth/uwbiot-top/ext/freertos/tasks.c:2598:7:vTaskStepTick	0	static
C:/Users/lr228/UWBIOT_SR150_LiamRoth/uwbiot-top/ext/freertos/tasks.c:2711:12:xTaskIncrementTick	32	static
C:/Users/lr228/UWBIOT_SR150_LiamRoth/uwbiot-top/ext/freertos/tasks.c:2195:12:xTaskResumeAll	24	static
C:/Users/lr228/UWBIOT_SR150_LiamRoth/uwbiot-top/ext/freertos/tasks.c:1258:7:vTaskDelayUntil	16	static
C:/Users/lr228/UWBIOT_SR150_LiamRoth/uwbiot-top/ext/freertos/tasks.c:1342:7:vTaskDelay	8	static
C:/Users/lr228/UWBIOT_SR150_LiamRoth/uwbiot-top/ext/freertos/tasks.c:3398:8:prvIdleTask	24	static
C:/Users/lr228/UWBIOT_SR150_LiamRoth/uwbiot-top/ext/freertos/tasks.c:2613:12:xTaskCatchUpTicks	8	static
C:/Users/lr228/UWBIOT_SR150_LiamRoth/uwbiot-top/ext/freertos/tasks.c:2995:6:vTaskSwitchContext	8	static
C:/Users/lr228/UWBIOT_SR150_LiamRoth/uwbiot-top/ext/freertos/tasks.c:1705:7:vTaskSuspend	16	static
C:/Users/lr228/UWBIOT_SR150_LiamRoth/uwbiot-top/ext/freertos/tasks.c:3070:6:vTaskPlaceOnEventList	8	static
C:/Users/lr228/UWBIOT_SR150_LiamRoth/uwbiot-top/ext/freertos/tasks.c:3087:6:vTaskPlaceOnUnorderedEventList	8	static
C:/Users/lr228/UWBIOT_SR150_LiamRoth/uwbiot-top/ext/freertos/tasks.c:3113:7:vTaskPlaceOnEventListRestricted	16	static
C:/Users/lr228/UWBIOT_SR150_LiamRoth/uwbiot-top/ext/freertos/tasks.c:3144:12:xTaskRemoveFromEventList	16	static
C:/Users/lr228/UWBIOT_SR150_LiamRoth/uwbiot-top/ext/freertos/tasks.c:3212:6:vTaskRemoveFromUnorderedEventList	16	static
C:/Users/lr228/UWBIOT_SR150_LiamRoth/uwbiot-top/ext/freertos/tasks.c:3260:6:vTaskSetTimeOutState	8	static
C:/Users/lr228/UWBIOT_SR150_LiamRoth/uwbiot-top/ext/freertos/tasks.c:3272:6:vTaskInternalSetTimeOutState	0	static
C:/Users/lr228/UWBIOT_SR150_LiamRoth/uwbiot-top/ext/freertos/tasks.c:3280:12:xTaskCheckForTimeOut	16	static
C:/Users/lr228/UWBIOT_SR150_LiamRoth/uwbiot-top/ext/freertos/tasks.c:3343:6:vTaskMissedYield	0	static
C:/Users/lr228/UWBIOT_SR150_LiamRoth/uwbiot-top/ext/freertos/tasks.c:3351:14:uxTaskGetTaskNumber	0	static
C:/Users/lr228/UWBIOT_SR150_LiamRoth/uwbiot-top/ext/freertos/tasks.c:3374:7:vTaskSetTaskNumber	0	static
C:/Users/lr228/UWBIOT_SR150_LiamRoth/uwbiot-top/ext/freertos/tasks.c:3517:19:eTaskConfirmSleepModeStatus	0	static
C:/Users/lr228/UWBIOT_SR150_LiamRoth/uwbiot-top/ext/freertos/tasks.c:3565:7:vTaskSetThreadLocalStoragePointer	0	static
C:/Users/lr228/UWBIOT_SR150_LiamRoth/uwbiot-top/ext/freertos/tasks.c:3582:8:pvTaskGetThreadLocalStoragePointer	0	static
C:/Users/lr228/UWBIOT_SR150_LiamRoth/uwbiot-top/ext/freertos/tasks.c:3682:7:vTaskGetInfo	16	static
C:/Users/lr228/UWBIOT_SR150_LiamRoth/uwbiot-top/ext/freertos/tasks.c:3778:21:prvListTasksWithinSingleList	40	static
C:/Users/lr228/UWBIOT_SR150_LiamRoth/uwbiot-top/ext/freertos/tasks.c:2507:14:uxTaskGetSystemState	32	static
C:/Users/lr228/UWBIOT_SR150_LiamRoth/uwbiot-top/ext/freertos/tasks.c:3871:14:uxTaskGetStackHighWaterMark	0	static
C:/Users/lr228/UWBIOT_SR150_LiamRoth/uwbiot-top/ext/freertos/tasks.c:3980:15:xTaskGetCurrentTaskHandle	0	static
C:/Users/lr228/UWBIOT_SR150_LiamRoth/uwbiot-top/ext/freertos/tasks.c:3997:13:xTaskGetSchedulerState	0	static
C:/Users/lr228/UWBIOT_SR150_LiamRoth/uwbiot-top/ext/freertos/tasks.c:4025:13:xTaskPriorityInherit	16	static
C:/Users/lr228/UWBIOT_SR150_LiamRoth/uwbiot-top/ext/freertos/tasks.c:4115:13:xTaskPriorityDisinherit	16	static
C:/Users/lr228/UWBIOT_SR150_LiamRoth/uwbiot-top/ext/freertos/tasks.c:4195:7:vTaskPriorityDisinheritAfterTimeout	16	static
C:/Users/lr228/UWBIOT_SR150_LiamRoth/uwbiot-top/ext/freertos/tasks.c:4613:12:uxTaskResetEventItemValue	0	static
C:/Users/lr228/UWBIOT_SR150_LiamRoth/uwbiot-top/ext/freertos/tasks.c:4629:15:pvTaskIncrementMutexHeldCount	0	static
C:/Users/lr228/UWBIOT_SR150_LiamRoth/uwbiot-top/ext/freertos/tasks.c:4646:11:ulTaskNotifyTake	16	static
C:/Users/lr228/UWBIOT_SR150_LiamRoth/uwbiot-top/ext/freertos/tasks.c:4714:13:xTaskNotifyWait	24	static
C:/Users/lr228/UWBIOT_SR150_LiamRoth/uwbiot-top/ext/freertos/tasks.c:4794:13:xTaskGenericNotify	24	static
C:/Users/lr228/UWBIOT_SR150_LiamRoth/uwbiot-top/ext/freertos/tasks.c:4908:13:xTaskGenericNotifyFromISR	24	static
C:/Users/lr228/UWBIOT_SR150_LiamRoth/uwbiot-top/ext/freertos/tasks.c:5037:7:vTaskNotifyGiveFromISR	24	static
C:/Users/lr228/UWBIOT_SR150_LiamRoth/uwbiot-top/ext/freertos/tasks.c:5123:13:xTaskNotifyStateClear	8	static
C:/Users/lr228/UWBIOT_SR150_LiamRoth/uwbiot-top/ext/freertos/tasks.c:5154:11:ulTaskNotifyValueClear	16	static
