C:/Users/lr228/UWBIOT_SR150_LiamRoth/uwbiot-top/libs/halimpl/tml/phTmlUwb_transport.c:33:13:helios_irq_cb	0	static
C:/Users/lr228/UWBIOT_SR150_LiamRoth/uwbiot-top/libs/halimpl/tml/phTmlUwb_transport.c:58:11:phTmlUwb_open_and_configure	16	static
C:/Users/lr228/UWBIOT_SR150_LiamRoth/uwbiot-top/libs/halimpl/tml/phTmlUwb_transport.c:92:11:phTmlUwb_io_init	8	static
C:/Users/lr228/UWBIOT_SR150_LiamRoth/uwbiot-top/libs/halimpl/tml/phTmlUwb_transport.c:113:11:phTmlUwb_io_deinit	8	static
C:/Users/lr228/UWBIOT_SR150_LiamRoth/uwbiot-top/libs/halimpl/tml/phTmlUwb_transport.c:136:11:phTmlUwb_io_set	8	static
C:/Users/lr228/UWBIOT_SR150_LiamRoth/uwbiot-top/libs/halimpl/tml/phTmlUwb_transport.c:159:6:phTmlUwb_io_enable_irq	16	static
C:/Users/lr228/UWBIOT_SR150_LiamRoth/uwbiot-top/libs/halimpl/tml/phTmlUwb_transport.c:192:6:phTmlUwb_io_disable_irq	8	static
C:/Users/lr228/UWBIOT_SR150_LiamRoth/uwbiot-top/libs/halimpl/tml/phTmlUwb_transport.c:212:6:phTmlUwb_close	8	static
C:/Users/lr228/UWBIOT_SR150_LiamRoth/uwbiot-top/libs/halimpl/tml/phTmlUwb_transport.c:234:5:phTmlUwb_uci_read	16	static
C:/Users/lr228/UWBIOT_SR150_LiamRoth/uwbiot-top/libs/halimpl/tml/phTmlUwb_transport.c:293:5:phTmlUwb_uci_write	8	static
C:/Users/lr228/UWBIOT_SR150_LiamRoth/uwbiot-top/libs/halimpl/tml/phTmlUwb_transport.c:364:11:phTmlUwb_hbci_transcive	16	static
C:/Users/lr228/UWBIOT_SR150_LiamRoth/uwbiot-top/libs/halimpl/tml/phTmlUwb_transport.c:391:11:phTmlUwb_hbci_transcive_with_len	16	static
C:/Users/lr228/UWBIOT_SR150_LiamRoth/uwbiot-top/libs/halimpl/tml/phTmlUwb_transport.c:532:11:phTmlUwb_hdll_hardreset	8	static
C:/Users/lr228/UWBIOT_SR150_LiamRoth/uwbiot-top/libs/halimpl/tml/phTmlUwb_transport.c:584:5:phTmlUwb_reset	8	static
C:/Users/lr228/UWBIOT_SR150_LiamRoth/uwbiot-top/libs/halimpl/tml/phTmlUwb_transport.c:604:6:phTmlUwb_set_uci_mode	8	static
C:/Users/lr228/UWBIOT_SR150_LiamRoth/uwbiot-top/libs/halimpl/tml/phTmlUwb_transport.c:618:6:phTmlUwb_set_hbci_mode	8	static
C:/Users/lr228/UWBIOT_SR150_LiamRoth/uwbiot-top/libs/halimpl/tml/phTmlUwb_transport.c:671:6:phTmlUwb_helios_irq_enable	16	static
C:/Users/lr228/UWBIOT_SR150_LiamRoth/uwbiot-top/libs/halimpl/tml/phTmlUwb_transport.c:690:6:phTmlUwb_helios_interupt_status	16	static
