/Users/liam/Documents/nezami_project/code/murata-sdk/Type2BP_SDK_UWBIOT_SR150_v04.06.05_MCUx/UWBIOT_SR150_v04.06.05_MCUx/uwbiot-top/libs/halimpl/osal/phOsalUwb_Thread_FreeRTOS.c:50:11:phOsalUwb_Thread_Create	24	static
/Users/liam/Documents/nezami_project/code/murata-sdk/Type2BP_SDK_UWBIOT_SR150_v04.06.05_MCUx/UWBIOT_SR150_v04.06.05_MCUx/uwbiot-top/libs/halimpl/osal/phOsalUwb_Thread_FreeRTOS.c:81:6:phOsalUwb_Thread_Join	16	static
/Users/liam/Documents/nezami_project/code/murata-sdk/Type2BP_SDK_UWBIOT_SR150_v04.06.05_MCUx/UWBIOT_SR150_v04.06.05_MCUx/uwbiot-top/libs/halimpl/osal/phOsalUwb_Thread_FreeRTOS.c:94:11:phOsalUwb_Thread_Delete	8	static
/Users/liam/Documents/nezami_project/code/murata-sdk/Type2BP_SDK_UWBIOT_SR150_v04.06.05_MCUx/UWBIOT_SR150_v04.06.05_MCUx/uwbiot-top/libs/halimpl/osal/phOsalUwb_Thread_FreeRTOS.c:101:21:phOsalUwb_GetTaskHandle	8	static
/Users/liam/Documents/nezami_project/code/murata-sdk/Type2BP_SDK_UWBIOT_SR150_v04.06.05_MCUx/UWBIOT_SR150_v04.06.05_MCUx/uwbiot-top/libs/halimpl/osal/phOsalUwb_Thread_FreeRTOS.c:106:6:phOsalUwb_TaskResume	8	static
/Users/liam/Documents/nezami_project/code/murata-sdk/Type2BP_SDK_UWBIOT_SR150_v04.06.05_MCUx/UWBIOT_SR150_v04.06.05_MCUx/uwbiot-top/libs/halimpl/osal/phOsalUwb_Thread_FreeRTOS.c:111:6:phOsalUwb_TaskSuspend	8	static
/Users/liam/Documents/nezami_project/code/murata-sdk/Type2BP_SDK_UWBIOT_SR150_v04.06.05_MCUx/UWBIOT_SR150_v04.06.05_MCUx/uwbiot-top/libs/halimpl/osal/phOsalUwb_Thread_FreeRTOS.c:116:6:phOsalUwb_TaskStartScheduler	8	static
/Users/liam/Documents/nezami_project/code/murata-sdk/Type2BP_SDK_UWBIOT_SR150_v04.06.05_MCUx/UWBIOT_SR150_v04.06.05_MCUx/uwbiot-top/libs/halimpl/osal/phOsalUwb_Thread_FreeRTOS.c:121:6:phOsalUwb_Thread_Context_Switch	0	static
