/Users/liam/Documents/nezami_project/code/murata-sdk/Type2BP_SDK_UWBIOT_SR150_v04.06.05_MCUx/UWBIOT_SR150_v04.06.05_MCUx/uwbiot-top/ext/mbedtls/library/sha256.c:76:6:mbedtls_sha256_init	0	static
/Users/liam/Documents/nezami_project/code/murata-sdk/Type2BP_SDK_UWBIOT_SR150_v04.06.05_MCUx/UWBIOT_SR150_v04.06.05_MCUx/uwbiot-top/ext/mbedtls/library/sha256.c:83:6:mbedtls_sha256_free	0	static
/Users/liam/Documents/nezami_project/code/murata-sdk/Type2BP_SDK_UWBIOT_SR150_v04.06.05_MCUx/UWBIOT_SR150_v04.06.05_MCUx/uwbiot-top/ext/mbedtls/library/sha256.c:91:6:mbedtls_sha256_clone	8	static
/Users/liam/Documents/nezami_project/code/murata-sdk/Type2BP_SDK_UWBIOT_SR150_v04.06.05_MCUx/UWBIOT_SR150_v04.06.05_MCUx/uwbiot-top/ext/mbedtls/library/sha256.c:103:5:mbedtls_sha256_starts_ret	24	static
/Users/liam/Documents/nezami_project/code/murata-sdk/Type2BP_SDK_UWBIOT_SR150_v04.06.05_MCUx/UWBIOT_SR150_v04.06.05_MCUx/uwbiot-top/ext/mbedtls/library/sha256.c:142:6:mbedtls_sha256_starts	0	static
/Users/liam/Documents/nezami_project/code/murata-sdk/Type2BP_SDK_UWBIOT_SR150_v04.06.05_MCUx/UWBIOT_SR150_v04.06.05_MCUx/uwbiot-top/ext/mbedtls/library/sha256.c:196:5:mbedtls_internal_sha256_process	368	static
/Users/liam/Documents/nezami_project/code/murata-sdk/Type2BP_SDK_UWBIOT_SR150_v04.06.05_MCUx/UWBIOT_SR150_v04.06.05_MCUx/uwbiot-top/ext/mbedtls/library/sha256.c:285:6:mbedtls_sha256_process	0	static
/Users/liam/Documents/nezami_project/code/murata-sdk/Type2BP_SDK_UWBIOT_SR150_v04.06.05_MCUx/UWBIOT_SR150_v04.06.05_MCUx/uwbiot-top/ext/mbedtls/library/sha256.c:296:5:mbedtls_sha256_update_ret	32	static
/Users/liam/Documents/nezami_project/code/murata-sdk/Type2BP_SDK_UWBIOT_SR150_v04.06.05_MCUx/UWBIOT_SR150_v04.06.05_MCUx/uwbiot-top/ext/mbedtls/library/sha256.c:347:6:mbedtls_sha256_update	0	static
/Users/liam/Documents/nezami_project/code/murata-sdk/Type2BP_SDK_UWBIOT_SR150_v04.06.05_MCUx/UWBIOT_SR150_v04.06.05_MCUx/uwbiot-top/ext/mbedtls/library/sha256.c:358:5:mbedtls_sha256_finish_ret	16	static
/Users/liam/Documents/nezami_project/code/murata-sdk/Type2BP_SDK_UWBIOT_SR150_v04.06.05_MCUx/UWBIOT_SR150_v04.06.05_MCUx/uwbiot-top/ext/mbedtls/library/sha256.c:422:6:mbedtls_sha256_finish	0	static
/Users/liam/Documents/nezami_project/code/murata-sdk/Type2BP_SDK_UWBIOT_SR150_v04.06.05_MCUx/UWBIOT_SR150_v04.06.05_MCUx/uwbiot-top/ext/mbedtls/library/sha256.c:436:5:mbedtls_sha256_ret	136	static
/Users/liam/Documents/nezami_project/code/murata-sdk/Type2BP_SDK_UWBIOT_SR150_v04.06.05_MCUx/UWBIOT_SR150_v04.06.05_MCUx/uwbiot-top/ext/mbedtls/library/sha256.c:466:6:mbedtls_sha256	0	static
