C:/Users/lr228/UWBIOT_SR150_LiamRoth/uwbiot-top/ext/mbedtls/port/ksdk/ecp_curves_alt.c:1347:12:ecp_mod_p448	160	static
C:/Users/lr228/UWBIOT_SR150_LiamRoth/uwbiot-top/ext/mbedtls/port/ksdk/ecp_curves_alt.c:1290:12:ecp_mod_p255	72	static
C:/Users/lr228/UWBIOT_SR150_LiamRoth/uwbiot-top/ext/mbedtls/port/ksdk/ecp_curves_alt.c:1241:12:ecp_mod_p521	96	static
C:/Users/lr228/UWBIOT_SR150_LiamRoth/uwbiot-top/ext/mbedtls/port/ksdk/ecp_curves_alt.c:1408:19:ecp_mod_koblitz	104	static
C:/Users/lr228/UWBIOT_SR150_LiamRoth/uwbiot-top/ext/mbedtls/port/ksdk/ecp_curves_alt.c:1515:12:ecp_mod_p256k1	16	static
C:/Users/lr228/UWBIOT_SR150_LiamRoth/uwbiot-top/ext/mbedtls/port/ksdk/ecp_curves_alt.c:1496:12:ecp_mod_p224k1	16	static
C:/Users/lr228/UWBIOT_SR150_LiamRoth/uwbiot-top/ext/mbedtls/port/ksdk/ecp_curves_alt.c:1482:12:ecp_mod_p192k1	16	static
C:/Users/lr228/UWBIOT_SR150_LiamRoth/uwbiot-top/ext/mbedtls/port/ksdk/ecp_curves_alt.c:1168:12:ecp_mod_p384	112	static
C:/Users/lr228/UWBIOT_SR150_LiamRoth/uwbiot-top/ext/mbedtls/port/ksdk/ecp_curves_alt.c:1110:12:ecp_mod_p224	72	static
C:/Users/lr228/UWBIOT_SR150_LiamRoth/uwbiot-top/ext/mbedtls/port/ksdk/ecp_curves_alt.c:1131:12:ecp_mod_p256	96	static
C:/Users/lr228/UWBIOT_SR150_LiamRoth/uwbiot-top/ext/mbedtls/port/ksdk/ecp_curves_alt.c:956:12:ecp_mod_p192	56	static
C:/Users/lr228/UWBIOT_SR150_LiamRoth/uwbiot-top/ext/mbedtls/port/ksdk/ecp_curves_alt.c:809:5:mbedtls_ecp_group_load	32	static
