C:/Users/lr228/UWBIOT_SR150_LiamRoth/uwbiot-top/se_mw/se_hostlib/hostLib/platform/ksdk/ax_reset.c:24:6:axReset_HostConfigure	0	static
C:/Users/lr228/UWBIOT_SR150_LiamRoth/uwbiot-top/se_mw/se_hostlib/hostLib/platform/ksdk/ax_reset.c:59:6:axReset_ResetPluseDUT	8	static
C:/Users/lr228/UWBIOT_SR150_LiamRoth/uwbiot-top/se_mw/se_hostlib/hostLib/platform/ksdk/ax_reset.c:72:6:axReset_PowerDown	0	static
C:/Users/lr228/UWBIOT_SR150_LiamRoth/uwbiot-top/se_mw/se_hostlib/hostLib/platform/ksdk/ax_reset.c:91:6:axReset_PowerUp	0	static
C:/Users/lr228/UWBIOT_SR150_LiamRoth/uwbiot-top/se_mw/se_hostlib/hostLib/platform/ksdk/ax_reset.c:105:6:axReset_HostUnconfigure	0	static
