/Users/liam/Documents/nezami_project/code/murata-sdk/Type2BP_SDK_UWBIOT_SR150_v04.06.05_MCUx/UWBIOT_SR150_LiamRoth/uwbiot-top/ext/boards/qn9090/bluetooth/bluetooth/common/gatt_db/gatt_database_dynamic.c:79:13:GattDbDynamic_AddServiceInDatabase	48	static
/Users/liam/Documents/nezami_project/code/murata-sdk/Type2BP_SDK_UWBIOT_SR150_v04.06.05_MCUx/UWBIOT_SR150_LiamRoth/uwbiot-top/ext/boards/qn9090/bluetooth/bluetooth/common/gatt_db/gatt_database_dynamic.c:156:13:GattDbDynamic_AddGattService	32	static
/Users/liam/Documents/nezami_project/code/murata-sdk/Type2BP_SDK_UWBIOT_SR150_v04.06.05_MCUx/UWBIOT_SR150_LiamRoth/uwbiot-top/ext/boards/qn9090/bluetooth/bluetooth/common/gatt_db/gatt_database_dynamic.c:209:13:GattDbDynamic_AddGapService	48	static
/Users/liam/Documents/nezami_project/code/murata-sdk/Type2BP_SDK_UWBIOT_SR150_v04.06.05_MCUx/UWBIOT_SR150_LiamRoth/uwbiot-top/ext/boards/qn9090/bluetooth/bluetooth/common/gatt_db/gatt_database_dynamic.c:407:16:GattDbDynamic_GetIpssService	8	static
/Users/liam/Documents/nezami_project/code/murata-sdk/Type2BP_SDK_UWBIOT_SR150_v04.06.05_MCUx/UWBIOT_SR150_LiamRoth/uwbiot-top/ext/boards/qn9090/bluetooth/bluetooth/common/gatt_db/gatt_database_dynamic.c:289:13:GattDbDynamic_AddIpssService	16	static
/Users/liam/Documents/nezami_project/code/murata-sdk/Type2BP_SDK_UWBIOT_SR150_v04.06.05_MCUx/UWBIOT_SR150_LiamRoth/uwbiot-top/ext/boards/qn9090/bluetooth/bluetooth/common/gatt_db/gatt_database_dynamic.c:423:16:GattDbDynamic_GetHeartRateService	40	static
/Users/liam/Documents/nezami_project/code/murata-sdk/Type2BP_SDK_UWBIOT_SR150_v04.06.05_MCUx/UWBIOT_SR150_LiamRoth/uwbiot-top/ext/boards/qn9090/bluetooth/bluetooth/common/gatt_db/gatt_database_dynamic.c:315:13:GattDbDynamic_AddHeartRateService	16	static
/Users/liam/Documents/nezami_project/code/murata-sdk/Type2BP_SDK_UWBIOT_SR150_v04.06.05_MCUx/UWBIOT_SR150_LiamRoth/uwbiot-top/ext/boards/qn9090/bluetooth/bluetooth/common/gatt_db/gatt_database_dynamic.c:485:16:GattDbDynamic_GetBatteryService	32	static
/Users/liam/Documents/nezami_project/code/murata-sdk/Type2BP_SDK_UWBIOT_SR150_v04.06.05_MCUx/UWBIOT_SR150_LiamRoth/uwbiot-top/ext/boards/qn9090/bluetooth/bluetooth/common/gatt_db/gatt_database_dynamic.c:345:13:GattDbDynamic_AddBatteryService	16	static
/Users/liam/Documents/nezami_project/code/murata-sdk/Type2BP_SDK_UWBIOT_SR150_v04.06.05_MCUx/UWBIOT_SR150_LiamRoth/uwbiot-top/ext/boards/qn9090/bluetooth/bluetooth/common/gatt_db/gatt_database_dynamic.c:530:16:GattDbDynamic_GetDeviceInformationService	88	static
/Users/liam/Documents/nezami_project/code/murata-sdk/Type2BP_SDK_UWBIOT_SR150_v04.06.05_MCUx/UWBIOT_SR150_LiamRoth/uwbiot-top/ext/boards/qn9090/bluetooth/bluetooth/common/gatt_db/gatt_database_dynamic.c:373:13:GattDbDynamic_AddDeviceInformationService	16	static
