/Users/liam/Documents/nezami_project/code/murata-sdk/Type2BP_SDK_UWBIOT_SR150_v04.06.05_MCUx/UWBIOT_SR150_LiamRoth/uwbiot-top/se_mw/semslite/lib/src/sems_lite_agent.c:201:21:sems_lite_agent_verify_elf_version	976	static
/Users/liam/Documents/nezami_project/code/murata-sdk/Type2BP_SDK_UWBIOT_SR150_v04.06.05_MCUx/UWBIOT_SR150_LiamRoth/uwbiot-top/se_mw/semslite/lib/src/sems_lite_agent.c:32:20:sems_lite_agent_register_keystore	16	static
/Users/liam/Documents/nezami_project/code/murata-sdk/Type2BP_SDK_UWBIOT_SR150_v04.06.05_MCUx/UWBIOT_SR150_LiamRoth/uwbiot-top/se_mw/semslite/lib/src/sems_lite_agent.c:44:20:sems_lite_agent_init_dispatcher	16	static
/Users/liam/Documents/nezami_project/code/murata-sdk/Type2BP_SDK_UWBIOT_SR150_v04.06.05_MCUx/UWBIOT_SR150_LiamRoth/uwbiot-top/se_mw/semslite/lib/src/sems_lite_agent.c:76:20:sems_lite_agent_handle_status_word	24	static
/Users/liam/Documents/nezami_project/code/murata-sdk/Type2BP_SDK_UWBIOT_SR150_v04.06.05_MCUx/UWBIOT_SR150_LiamRoth/uwbiot-top/se_mw/semslite/lib/src/sems_lite_agent.c:186:20:sems_lite_agent_dispatcher	8	static
/Users/liam/Documents/nezami_project/code/murata-sdk/Type2BP_SDK_UWBIOT_SR150_v04.06.05_MCUx/UWBIOT_SR150_LiamRoth/uwbiot-top/se_mw/semslite/lib/src/sems_lite_agent.c:306:14:sems_lite_agent_verify_all_elf_version	48	static
