/Users/liam/Documents/nezami_project/code/murata-sdk/Type2BP_SDK_UWBIOT_SR150_v04.06.05_MCUx/UWBIOT_SR150_LiamRoth/uwbiot-top/se_mw/semslite/lib/src/sems_lite_mgmt_api.c:761:21:sems_lite_parse_AppletUpgradeProgressResp	24	static
/Users/liam/Documents/nezami_project/code/murata-sdk/Type2BP_SDK_UWBIOT_SR150_v04.06.05_MCUx/UWBIOT_SR150_LiamRoth/uwbiot-top/se_mw/semslite/lib/src/sems_lite_mgmt_api.c:511:21:sems_lite_get_Data_BUF	312	static
/Users/liam/Documents/nezami_project/code/murata-sdk/Type2BP_SDK_UWBIOT_SR150_v04.06.05_MCUx/UWBIOT_SR150_LiamRoth/uwbiot-top/se_mw/semslite/lib/src/sems_lite_mgmt_api.c:504:21:sems_lite_get_Data	24	static
/Users/liam/Documents/nezami_project/code/murata-sdk/Type2BP_SDK_UWBIOT_SR150_v04.06.05_MCUx/UWBIOT_SR150_LiamRoth/uwbiot-top/se_mw/semslite/lib/src/sems_lite_mgmt_api.c:734:21:sems_lite_verify_GetDataResponse	8	static
/Users/liam/Documents/nezami_project/code/murata-sdk/Type2BP_SDK_UWBIOT_SR150_v04.06.05_MCUx/UWBIOT_SR150_LiamRoth/uwbiot-top/se_mw/semslite/lib/src/sems_lite_mgmt_api.c:208:21:sems_lite_get_SEInfo_Int	336	static
/Users/liam/Documents/nezami_project/code/murata-sdk/Type2BP_SDK_UWBIOT_SR150_v04.06.05_MCUx/UWBIOT_SR150_LiamRoth/uwbiot-top/se_mw/semslite/lib/src/sems_lite_mgmt_api.c:129:21:sems_lite_get_SEInfoRAW_Int	592	static
/Users/liam/Documents/nezami_project/code/murata-sdk/Type2BP_SDK_UWBIOT_SR150_v04.06.05_MCUx/UWBIOT_SR150_LiamRoth/uwbiot-top/se_mw/semslite/lib/src/sems_lite_mgmt_api.c:91:14:sems_lite_get_UUID	24	static
/Users/liam/Documents/nezami_project/code/murata-sdk/Type2BP_SDK_UWBIOT_SR150_v04.06.05_MCUx/UWBIOT_SR150_LiamRoth/uwbiot-top/se_mw/semslite/lib/src/sems_lite_mgmt_api.c:110:14:sems_lite_get_Publickey	24	static
/Users/liam/Documents/nezami_project/code/murata-sdk/Type2BP_SDK_UWBIOT_SR150_v04.06.05_MCUx/UWBIOT_SR150_LiamRoth/uwbiot-top/se_mw/semslite/lib/src/sems_lite_mgmt_api.c:168:14:sems_lite_get_SEAppInfoRAW	16	static
/Users/liam/Documents/nezami_project/code/murata-sdk/Type2BP_SDK_UWBIOT_SR150_v04.06.05_MCUx/UWBIOT_SR150_LiamRoth/uwbiot-top/se_mw/semslite/lib/src/sems_lite_mgmt_api.c:178:14:sems_lite_get_SEPkgInfoRAW	16	static
/Users/liam/Documents/nezami_project/code/murata-sdk/Type2BP_SDK_UWBIOT_SR150_v04.06.05_MCUx/UWBIOT_SR150_LiamRoth/uwbiot-top/se_mw/semslite/lib/src/sems_lite_mgmt_api.c:188:14:sems_lite_get_SEAppInfo	16	static
/Users/liam/Documents/nezami_project/code/murata-sdk/Type2BP_SDK_UWBIOT_SR150_v04.06.05_MCUx/UWBIOT_SR150_LiamRoth/uwbiot-top/se_mw/semslite/lib/src/sems_lite_mgmt_api.c:198:14:sems_lite_get_SEPkgInfo	16	static
/Users/liam/Documents/nezami_project/code/murata-sdk/Type2BP_SDK_UWBIOT_SR150_v04.06.05_MCUx/UWBIOT_SR150_LiamRoth/uwbiot-top/se_mw/semslite/lib/src/sems_lite_mgmt_api.c:282:14:sems_lite_check_Tear	40	static
/Users/liam/Documents/nezami_project/code/murata-sdk/Type2BP_SDK_UWBIOT_SR150_v04.06.05_MCUx/UWBIOT_SR150_LiamRoth/uwbiot-top/se_mw/semslite/lib/src/sems_lite_mgmt_api.c:316:14:sems_lite_get_SignatureofLastScript	24	static
/Users/liam/Documents/nezami_project/code/murata-sdk/Type2BP_SDK_UWBIOT_SR150_v04.06.05_MCUx/UWBIOT_SR150_LiamRoth/uwbiot-top/se_mw/semslite/lib/src/sems_lite_mgmt_api.c:353:14:sems_lite_get_AppletVersion	24	static
/Users/liam/Documents/nezami_project/code/murata-sdk/Type2BP_SDK_UWBIOT_SR150_v04.06.05_MCUx/UWBIOT_SR150_LiamRoth/uwbiot-top/se_mw/semslite/lib/src/sems_lite_mgmt_api.c:372:14:sems_lite_check_AppletUpgradeProgress	288	static
/Users/liam/Documents/nezami_project/code/murata-sdk/Type2BP_SDK_UWBIOT_SR150_v04.06.05_MCUx/UWBIOT_SR150_LiamRoth/uwbiot-top/se_mw/semslite/lib/src/sems_lite_mgmt_api.c:394:14:sems_lite_check_AppletRecoveryStatus	288	static
/Users/liam/Documents/nezami_project/code/murata-sdk/Type2BP_SDK_UWBIOT_SR150_v04.06.05_MCUx/UWBIOT_SR150_LiamRoth/uwbiot-top/se_mw/semslite/lib/src/sems_lite_mgmt_api.c:415:14:sems_lite_get_ENCIdentifier	24	static
/Users/liam/Documents/nezami_project/code/murata-sdk/Type2BP_SDK_UWBIOT_SR150_v04.06.05_MCUx/UWBIOT_SR150_LiamRoth/uwbiot-top/se_mw/semslite/lib/src/sems_lite_mgmt_api.c:859:14:sems_lite_get_available_mem	304	static
/Users/liam/Documents/nezami_project/code/murata-sdk/Type2BP_SDK_UWBIOT_SR150_v04.06.05_MCUx/UWBIOT_SR150_LiamRoth/uwbiot-top/se_mw/semslite/lib/src/sems_lite_mgmt_api.c:958:14:sems_lite_get_CA_identifier	24	static
/Users/liam/Documents/nezami_project/code/murata-sdk/Type2BP_SDK_UWBIOT_SR150_v04.06.05_MCUx/UWBIOT_SR150_LiamRoth/uwbiot-top/se_mw/semslite/lib/src/sems_lite_mgmt_api.c:977:14:sems_lite_get_FIPS_EC_parameter_type	40	static
/Users/liam/Documents/nezami_project/code/murata-sdk/Type2BP_SDK_UWBIOT_SR150_v04.06.05_MCUx/UWBIOT_SR150_LiamRoth/uwbiot-top/se_mw/semslite/lib/src/sems_lite_mgmt_api.c:1007:14:sems_lite_get_FIPS_info	40	static
