C:/Users/lr228/UWBIOT_SR150_LiamRoth/uwbiot-top/ext/boards/qn9090/components/uart/usart_adapter.c:215:19:HAL_UartInit	32	static
C:/Users/lr228/UWBIOT_SR150_LiamRoth/uwbiot-top/ext/boards/qn9090/components/uart/usart_adapter.c:287:19:HAL_UartDeinit	8	static
C:/Users/lr228/UWBIOT_SR150_LiamRoth/uwbiot-top/ext/boards/qn9090/components/uart/usart_adapter.c:300:19:HAL_UartReceiveBlocking	8	static
C:/Users/lr228/UWBIOT_SR150_LiamRoth/uwbiot-top/ext/boards/qn9090/components/uart/usart_adapter.c:322:19:HAL_UartSendBlocking	8	static
