/Users/liam/Documents/nezami_project/code/murata-sdk/Type2BP_SDK_UWBIOT_SR150_v04.06.05_MCUx/UWBIOT_SR150_v04.06.05_MCUx/uwbiot-top/boards/Rhodes4_SPI/uwb_bus_interface.c:52:6:SPI_MasterUserCallback	0	static
/Users/liam/Documents/nezami_project/code/murata-sdk/Type2BP_SDK_UWBIOT_SR150_v04.06.05_MCUx/UWBIOT_SR150_v04.06.05_MCUx/uwbiot-top/boards/Rhodes4_SPI/uwb_bus_interface.c:58:18:uwb_bus_init	56	static
/Users/liam/Documents/nezami_project/code/murata-sdk/Type2BP_SDK_UWBIOT_SR150_v04.06.05_MCUx/UWBIOT_SR150_v04.06.05_MCUx/uwbiot-top/boards/Rhodes4_SPI/uwb_bus_interface.c:141:18:uwb_bus_deinit	16	static
/Users/liam/Documents/nezami_project/code/murata-sdk/Type2BP_SDK_UWBIOT_SR150_v04.06.05_MCUx/UWBIOT_SR150_v04.06.05_MCUx/uwbiot-top/boards/Rhodes4_SPI/uwb_bus_interface.c:158:18:uwb_bus_data_tx	56	static
/Users/liam/Documents/nezami_project/code/murata-sdk/Type2BP_SDK_UWBIOT_SR150_v04.06.05_MCUx/UWBIOT_SR150_v04.06.05_MCUx/uwbiot-top/boards/Rhodes4_SPI/uwb_bus_interface.c:238:18:uwb_bus_data_rx	56	static
/Users/liam/Documents/nezami_project/code/murata-sdk/Type2BP_SDK_UWBIOT_SR150_v04.06.05_MCUx/UWBIOT_SR150_v04.06.05_MCUx/uwbiot-top/boards/Rhodes4_SPI/uwb_bus_interface.c:318:18:uwb_bus_reset	0	static
/Users/liam/Documents/nezami_project/code/murata-sdk/Type2BP_SDK_UWBIOT_SR150_v04.06.05_MCUx/UWBIOT_SR150_v04.06.05_MCUx/uwbiot-top/boards/Rhodes4_SPI/uwb_bus_interface.c:325:6:uwb_port_DelayinMicroSec	8	static
