/Users/liam/Documents/nezami_project/code/murata-sdk/Type2BP_SDK_UWBIOT_SR150_v04.06.05_MCUx/UWBIOT_SR150_v04.06.05_MCUx/uwbiot-top/boards/Rhodes4_SPI/uwb_board_flash_rv4.c:96:18:uwb_bus_flash_init	16	static
/Users/liam/Documents/nezami_project/code/murata-sdk/Type2BP_SDK_UWBIOT_SR150_v04.06.05_MCUx/UWBIOT_SR150_v04.06.05_MCUx/uwbiot-top/boards/Rhodes4_SPI/uwb_board_flash_rv4.c:131:18:uwb_bus_flash_deinit	8	static
/Users/liam/Documents/nezami_project/code/murata-sdk/Type2BP_SDK_UWBIOT_SR150_v04.06.05_MCUx/UWBIOT_SR150_v04.06.05_MCUx/uwbiot-top/boards/Rhodes4_SPI/uwb_board_flash_rv4.c:144:18:uwb_bus_flash_reset	8	static
/Users/liam/Documents/nezami_project/code/murata-sdk/Type2BP_SDK_UWBIOT_SR150_v04.06.05_MCUx/UWBIOT_SR150_v04.06.05_MCUx/uwbiot-top/boards/Rhodes4_SPI/uwb_board_flash_rv4.c:155:18:uwb_bus_flash_status	16	static
/Users/liam/Documents/nezami_project/code/murata-sdk/Type2BP_SDK_UWBIOT_SR150_v04.06.05_MCUx/UWBIOT_SR150_v04.06.05_MCUx/uwbiot-top/boards/Rhodes4_SPI/uwb_board_flash_rv4.c:174:18:uwb_bus_flash_write	72	static
/Users/liam/Documents/nezami_project/code/murata-sdk/Type2BP_SDK_UWBIOT_SR150_v04.06.05_MCUx/UWBIOT_SR150_v04.06.05_MCUx/uwbiot-top/boards/Rhodes4_SPI/uwb_board_flash_rv4.c:239:18:uwb_bus_flash_read	16	static
/Users/liam/Documents/nezami_project/code/murata-sdk/Type2BP_SDK_UWBIOT_SR150_v04.06.05_MCUx/UWBIOT_SR150_v04.06.05_MCUx/uwbiot-top/boards/Rhodes4_SPI/uwb_board_flash_rv4.c:270:18:uwb_bus_flash_erase	32	static
