/Users/liam/Documents/nezami_project/code/murata-sdk/Type2BP_SDK_UWBIOT_SR150_v04.06.05_MCUx/UWBIOT_SR150_v04.06.05_MCUx/uwbiot-top/se_mw/se_hostlib/hostLib/se05x/src/se05x_tlv.c:31:5:tlvSet_U8	4	static
/Users/liam/Documents/nezami_project/code/murata-sdk/Type2BP_SDK_UWBIOT_SR150_v04.06.05_MCUx/UWBIOT_SR150_v04.06.05_MCUx/uwbiot-top/se_mw/se_hostlib/hostLib/se05x/src/se05x_tlv.c:59:5:tlvSet_U16	4	static
/Users/liam/Documents/nezami_project/code/murata-sdk/Type2BP_SDK_UWBIOT_SR150_v04.06.05_MCUx/UWBIOT_SR150_v04.06.05_MCUx/uwbiot-top/se_mw/se_hostlib/hostLib/se05x/src/se05x_tlv.c:49:5:tlvSet_U16Optional	8	static
/Users/liam/Documents/nezami_project/code/murata-sdk/Type2BP_SDK_UWBIOT_SR150_v04.06.05_MCUx/UWBIOT_SR150_v04.06.05_MCUx/uwbiot-top/se_mw/se_hostlib/hostLib/se05x/src/se05x_tlv.c:78:5:tlvSet_U32	4	static
/Users/liam/Documents/nezami_project/code/murata-sdk/Type2BP_SDK_UWBIOT_SR150_v04.06.05_MCUx/UWBIOT_SR150_v04.06.05_MCUx/uwbiot-top/se_mw/se_hostlib/hostLib/se05x/src/se05x_tlv.c:99:5:tlvSet_U64_size	32	static
/Users/liam/Documents/nezami_project/code/murata-sdk/Type2BP_SDK_UWBIOT_SR150_v04.06.05_MCUx/UWBIOT_SR150_v04.06.05_MCUx/uwbiot-top/se_mw/se_hostlib/hostLib/se05x/src/se05x_tlv.c:143:5:tlvSet_ECCurve	8	static
/Users/liam/Documents/nezami_project/code/murata-sdk/Type2BP_SDK_UWBIOT_SR150_v04.06.05_MCUx/UWBIOT_SR150_v04.06.05_MCUx/uwbiot-top/se_mw/se_hostlib/hostLib/se05x/src/se05x_tlv.c:185:5:tlvSet_u8buf	24	static
/Users/liam/Documents/nezami_project/code/murata-sdk/Type2BP_SDK_UWBIOT_SR150_v04.06.05_MCUx/UWBIOT_SR150_v04.06.05_MCUx/uwbiot-top/se_mw/se_hostlib/hostLib/se05x/src/se05x_tlv.c:122:5:tlvSet_Se05xPolicy	16	static
/Users/liam/Documents/nezami_project/code/murata-sdk/Type2BP_SDK_UWBIOT_SR150_v04.06.05_MCUx/UWBIOT_SR150_v04.06.05_MCUx/uwbiot-top/se_mw/se_hostlib/hostLib/se05x/src/se05x_tlv.c:152:5:tlvSet_u8bufOptional	16	static
/Users/liam/Documents/nezami_project/code/murata-sdk/Type2BP_SDK_UWBIOT_SR150_v04.06.05_MCUx/UWBIOT_SR150_v04.06.05_MCUx/uwbiot-top/se_mw/se_hostlib/hostLib/se05x/src/se05x_tlv.c:162:5:tlvSet_u8bufOptional_ByteShift	1056	static
/Users/liam/Documents/nezami_project/code/murata-sdk/Type2BP_SDK_UWBIOT_SR150_v04.06.05_MCUx/UWBIOT_SR150_v04.06.05_MCUx/uwbiot-top/se_mw/se_hostlib/hostLib/se05x/src/se05x_tlv.c:236:5:tlvSet_u8buf_features	64	static
/Users/liam/Documents/nezami_project/code/murata-sdk/Type2BP_SDK_UWBIOT_SR150_v04.06.05_MCUx/UWBIOT_SR150_v04.06.05_MCUx/uwbiot-top/se_mw/se_hostlib/hostLib/se05x/src/se05x_tlv.c:254:5:tlvGet_U8	4	static
/Users/liam/Documents/nezami_project/code/murata-sdk/Type2BP_SDK_UWBIOT_SR150_v04.06.05_MCUx/UWBIOT_SR150_v04.06.05_MCUx/uwbiot-top/se_mw/se_hostlib/hostLib/se05x/src/se05x_tlv.c:285:5:tlvSet_KeyID	8	static
/Users/liam/Documents/nezami_project/code/murata-sdk/Type2BP_SDK_UWBIOT_SR150_v04.06.05_MCUx/UWBIOT_SR150_v04.06.05_MCUx/uwbiot-top/se_mw/se_hostlib/hostLib/se05x/src/se05x_tlv.c:294:5:tlvSet_MaxAttemps	8	static
/Users/liam/Documents/nezami_project/code/murata-sdk/Type2BP_SDK_UWBIOT_SR150_v04.06.05_MCUx/UWBIOT_SR150_v04.06.05_MCUx/uwbiot-top/se_mw/se_hostlib/hostLib/se05x/src/se05x_tlv.c:303:5:tlvGet_SecureObjectType	24	static
/Users/liam/Documents/nezami_project/code/murata-sdk/Type2BP_SDK_UWBIOT_SR150_v04.06.05_MCUx/UWBIOT_SR150_v04.06.05_MCUx/uwbiot-top/se_mw/se_hostlib/hostLib/se05x/src/se05x_tlv.c:320:5:tlvGet_U16	4	static
/Users/liam/Documents/nezami_project/code/murata-sdk/Type2BP_SDK_UWBIOT_SR150_v04.06.05_MCUx/UWBIOT_SR150_v04.06.05_MCUx/uwbiot-top/se_mw/se_hostlib/hostLib/se05x/src/se05x_tlv.c:351:5:tlvGet_u8buf	16	static
/Users/liam/Documents/nezami_project/code/murata-sdk/Type2BP_SDK_UWBIOT_SR150_v04.06.05_MCUx/UWBIOT_SR150_v04.06.05_MCUx/uwbiot-top/se_mw/se_hostlib/hostLib/se05x/src/se05x_tlv.c:311:5:tlvGet_Result	24	static
/Users/liam/Documents/nezami_project/code/murata-sdk/Type2BP_SDK_UWBIOT_SR150_v04.06.05_MCUx/UWBIOT_SR150_v04.06.05_MCUx/uwbiot-top/se_mw/se_hostlib/hostLib/se05x/src/se05x_tlv.c:425:5:tlvGet_ValueIndex	4	static
/Users/liam/Documents/nezami_project/code/murata-sdk/Type2BP_SDK_UWBIOT_SR150_v04.06.05_MCUx/UWBIOT_SR150_v04.06.05_MCUx/uwbiot-top/se_mw/se_hostlib/hostLib/se05x/src/se05x_tlv.c:477:5:tlvGet_TimeStamp	32	static
/Users/liam/Documents/nezami_project/code/murata-sdk/Type2BP_SDK_UWBIOT_SR150_v04.06.05_MCUx/UWBIOT_SR150_v04.06.05_MCUx/uwbiot-top/se_mw/se_hostlib/hostLib/se05x/src/se05x_tlv.c:487:12:DoAPDUTx_s_Case3	1072	static
/Users/liam/Documents/nezami_project/code/murata-sdk/Type2BP_SDK_UWBIOT_SR150_v04.06.05_MCUx/UWBIOT_SR150_v04.06.05_MCUx/uwbiot-top/se_mw/se_hostlib/hostLib/se05x/src/se05x_tlv.c:501:12:DoAPDUTxRx_s_Case2	32	static
/Users/liam/Documents/nezami_project/code/murata-sdk/Type2BP_SDK_UWBIOT_SR150_v04.06.05_MCUx/UWBIOT_SR150_v04.06.05_MCUx/uwbiot-top/se_mw/se_hostlib/hostLib/se05x/src/se05x_tlv.c:518:12:DoAPDUTxRx_s_Case4	32	static
/Users/liam/Documents/nezami_project/code/murata-sdk/Type2BP_SDK_UWBIOT_SR150_v04.06.05_MCUx/UWBIOT_SR150_v04.06.05_MCUx/uwbiot-top/se_mw/se_hostlib/hostLib/se05x/src/se05x_tlv.c:535:12:DoAPDUTxRx_s_Case4_ext	32	static
/Users/liam/Documents/nezami_project/code/murata-sdk/Type2BP_SDK_UWBIOT_SR150_v04.06.05_MCUx/UWBIOT_SR150_v04.06.05_MCUx/uwbiot-top/se_mw/se_hostlib/hostLib/se05x/src/se05x_tlv.c:552:12:DoAPDUTxRx	40	static
/Users/liam/Documents/nezami_project/code/murata-sdk/Type2BP_SDK_UWBIOT_SR150_v04.06.05_MCUx/UWBIOT_SR150_v04.06.05_MCUx/uwbiot-top/se_mw/se_hostlib/hostLib/se05x/src/se05x_tlv.c:590:5:tlvSet_u8buf_I2CM	16	static
/Users/liam/Documents/nezami_project/code/murata-sdk/Type2BP_SDK_UWBIOT_SR150_v04.06.05_MCUx/UWBIOT_SR150_v04.06.05_MCUx/uwbiot-top/se_mw/se_hostlib/hostLib/se05x/src/se05x_tlv.c:628:12:se05x_Transform	40	static
/Users/liam/Documents/nezami_project/code/murata-sdk/Type2BP_SDK_UWBIOT_SR150_v04.06.05_MCUx/UWBIOT_SR150_v04.06.05_MCUx/uwbiot-top/se_mw/se_hostlib/hostLib/se05x/src/se05x_tlv.c:716:12:se05x_DeCrypt	8	static
