../../../se_mw/se_hostlib/hostLib/inc/se05x_ecc_curves_inc.h:9:1:Se05x_API_CreateCurve_prime192v1	176	static
../../../se_mw/se_hostlib/hostLib/inc/se05x_ecc_curves_inc.h:12:1:Se05x_API_CreateCurve_secp224r1	208	static
../../../se_mw/se_hostlib/hostLib/inc/se05x_ecc_curves_inc.h:15:1:Se05x_API_CreateCurve_secp384r1	328	static
../../../se_mw/se_hostlib/hostLib/inc/se05x_ecc_curves_inc.h:18:1:Se05x_API_CreateCurve_prime256v1	232	static
../../../se_mw/se_hostlib/hostLib/inc/se05x_ecc_curves_inc.h:21:1:Se05x_API_CreateCurve_secp521r1	440	static
../../../se_mw/se_hostlib/hostLib/inc/se05x_ecc_curves_inc.h:24:1:Se05x_API_CreateCurve_brainpoolP160r1	152	static
../../../se_mw/se_hostlib/hostLib/inc/se05x_ecc_curves_inc.h:27:1:Se05x_API_CreateCurve_brainpoolP160t1	152	static
../../../se_mw/se_hostlib/hostLib/inc/se05x_ecc_curves_inc.h:30:1:Se05x_API_CreateCurve_brainpoolP192r1	176	static
../../../se_mw/se_hostlib/hostLib/inc/se05x_ecc_curves_inc.h:33:1:Se05x_API_CreateCurve_brainpoolP192t1	176	static
../../../se_mw/se_hostlib/hostLib/inc/se05x_ecc_curves_inc.h:36:1:Se05x_API_CreateCurve_brainpoolP224r1	200	static
../../../se_mw/se_hostlib/hostLib/inc/se05x_ecc_curves_inc.h:39:1:Se05x_API_CreateCurve_brainpoolP224t1	200	static
../../../se_mw/se_hostlib/hostLib/inc/se05x_ecc_curves_inc.h:42:1:Se05x_API_CreateCurve_brainpoolP256r1	232	static
../../../se_mw/se_hostlib/hostLib/inc/se05x_ecc_curves_inc.h:45:1:Se05x_API_CreateCurve_brainpoolP256t1	232	static
../../../se_mw/se_hostlib/hostLib/inc/se05x_ecc_curves_inc.h:48:1:Se05x_API_CreateCurve_brainpoolP320r1	280	static
../../../se_mw/se_hostlib/hostLib/inc/se05x_ecc_curves_inc.h:51:1:Se05x_API_CreateCurve_brainpoolP320t1	280	static
../../../se_mw/se_hostlib/hostLib/inc/se05x_ecc_curves_inc.h:54:1:Se05x_API_CreateCurve_brainpoolP384r1	328	static
../../../se_mw/se_hostlib/hostLib/inc/se05x_ecc_curves_inc.h:57:1:Se05x_API_CreateCurve_brainpoolP384t1	328	static
../../../se_mw/se_hostlib/hostLib/inc/se05x_ecc_curves_inc.h:60:1:Se05x_API_CreateCurve_brainpoolP512r1	424	static
../../../se_mw/se_hostlib/hostLib/inc/se05x_ecc_curves_inc.h:63:1:Se05x_API_CreateCurve_brainpoolP512t1	416	static
../../../se_mw/se_hostlib/hostLib/inc/se05x_ecc_curves_inc.h:66:1:Se05x_API_CreateCurve_secp160k1	152	static
../../../se_mw/se_hostlib/hostLib/inc/se05x_ecc_curves_inc.h:69:1:Se05x_API_CreateCurve_secp192k1	176	static
../../../se_mw/se_hostlib/hostLib/inc/se05x_ecc_curves_inc.h:72:1:Se05x_API_CreateCurve_secp224k1	200	static
../../../se_mw/se_hostlib/hostLib/inc/se05x_ecc_curves_inc.h:75:1:Se05x_API_CreateCurve_secp256k1	232	static
../../../se_mw/se_hostlib/hostLib/inc/se05x_ecc_curves_inc.h:78:1:Se05x_API_CreateCurve_tpm_bm_p256	232	static
