/Users/liam/Documents/nezami_project/code/murata-sdk/Type2BP_SDK_UWBIOT_SR150_v04.06.05_MCUx/UWBIOT_SR150_v04.06.05_MCUx/uwbiot-top/se_mw/sss/ex/src/ex_sss_boot.c:68:14:ex_sss_boot_open	0	static
/Users/liam/Documents/nezami_project/code/murata-sdk/Type2BP_SDK_UWBIOT_SR150_v04.06.05_MCUx/UWBIOT_SR150_v04.06.05_MCUx/uwbiot-top/se_mw/sss/ex/src/ex_sss_boot.c:88:14:ex_sss_boot_open_on_id	0	static
/Users/liam/Documents/nezami_project/code/murata-sdk/Type2BP_SDK_UWBIOT_SR150_v04.06.05_MCUx/UWBIOT_SR150_v04.06.05_MCUx/uwbiot-top/se_mw/sss/ex/src/ex_sss_boot.c:98:14:ex_sss_boot_factory_reset	8	static
/Users/liam/Documents/nezami_project/code/murata-sdk/Type2BP_SDK_UWBIOT_SR150_v04.06.05_MCUx/UWBIOT_SR150_v04.06.05_MCUx/uwbiot-top/se_mw/sss/ex/src/ex_sss_boot.c:130:14:ex_sss_key_store_and_object_init	16	static
/Users/liam/Documents/nezami_project/code/murata-sdk/Type2BP_SDK_UWBIOT_SR150_v04.06.05_MCUx/UWBIOT_SR150_v04.06.05_MCUx/uwbiot-top/se_mw/sss/ex/src/ex_sss_boot.c:181:6:ex_sss_session_close	8	static
/Users/liam/Documents/nezami_project/code/murata-sdk/Type2BP_SDK_UWBIOT_SR150_v04.06.05_MCUx/UWBIOT_SR150_v04.06.05_MCUx/uwbiot-top/se_mw/sss/ex/src/ex_sss_boot.c:248:14:ex_sss_boot_open_host_session	24	static
