C:/Users/lr228/UWBIOT_SR150_LiamRoth/uwbiot-top/libs/uwb-iot/uwb_api/Api/UwbApi_Internal.c:2299:6:ufaDeviceManagementDataCallback	16	static
C:/Users/lr228/UWBIOT_SR150_LiamRoth/uwbiot-top/libs/uwb-iot/uwb_api/Api/UwbApi_Internal.c:2366:13:rawCommandResponse_Cb	8	static
C:/Users/lr228/UWBIOT_SR150_LiamRoth/uwbiot-top/libs/uwb-iot/uwb_api/Api/UwbApi_Internal.c:82:6:cleanUp	8	static
C:/Users/lr228/UWBIOT_SR150_LiamRoth/uwbiot-top/libs/uwb-iot/uwb_api/Api/UwbApi_Internal.c:224:6:parseRangingParams	16	static
C:/Users/lr228/UWBIOT_SR150_LiamRoth/uwbiot-top/libs/uwb-iot/uwb_api/Api/UwbApi_Internal.c:279:21:processInternalRsp	16	static
C:/Users/lr228/UWBIOT_SR150_LiamRoth/uwbiot-top/libs/uwb-iot/uwb_api/Api/UwbApi_Internal.c:321:21:processCoreRsp	16	static
C:/Users/lr228/UWBIOT_SR150_LiamRoth/uwbiot-top/libs/uwb-iot/uwb_api/Api/UwbApi_Internal.c:436:21:processSessionManagementRsp	24	static
C:/Users/lr228/UWBIOT_SR150_LiamRoth/uwbiot-top/libs/uwb-iot/uwb_api/Api/UwbApi_Internal.c:591:21:processRangeManagementRsp	16	static
C:/Users/lr228/UWBIOT_SR150_LiamRoth/uwbiot-top/libs/uwb-iot/uwb_api/Api/UwbApi_Internal.c:629:21:processTestManagementRsp	16	static
C:/Users/lr228/UWBIOT_SR150_LiamRoth/uwbiot-top/libs/uwb-iot/uwb_api/Api/UwbApi_Internal.c:697:21:processProprietaryRsp	16	static
C:/Users/lr228/UWBIOT_SR150_LiamRoth/uwbiot-top/libs/uwb-iot/uwb_api/Api/UwbApi_Internal.c:889:21:processVendorRsp	16	static
C:/Users/lr228/UWBIOT_SR150_LiamRoth/uwbiot-top/libs/uwb-iot/uwb_api/Api/UwbApi_Internal.c:1025:21:processProprietarySeRsp	16	static
C:/Users/lr228/UWBIOT_SR150_LiamRoth/uwbiot-top/libs/uwb-iot/uwb_api/Api/UwbApi_Internal.c:2171:6:ufaDeviceManagementRspCallback	8	static
C:/Users/lr228/UWBIOT_SR150_LiamRoth/uwbiot-top/libs/uwb-iot/uwb_api/Api/UwbApi_Internal.c:1102:21:processCoreManagementNtf	16	static
C:/Users/lr228/UWBIOT_SR150_LiamRoth/uwbiot-top/libs/uwb-iot/uwb_api/Api/UwbApi_Internal.c:1187:21:processSessionManagementNtf	128	static
C:/Users/lr228/UWBIOT_SR150_LiamRoth/uwbiot-top/libs/uwb-iot/uwb_api/Api/UwbApi_Internal.c:1284:6:parseTwoWayRangingNtf	64	static
C:/Users/lr228/UWBIOT_SR150_LiamRoth/uwbiot-top/libs/uwb-iot/uwb_api/Api/UwbApi_Internal.c:1433:6:parseDlTDoARangingNtf	24	static
C:/Users/lr228/UWBIOT_SR150_LiamRoth/uwbiot-top/libs/uwb-iot/uwb_api/Api/UwbApi_Internal.c:1562:6:parseOneWayRangingNtf	56	static
C:/Users/lr228/UWBIOT_SR150_LiamRoth/uwbiot-top/libs/uwb-iot/uwb_api/Api/UwbApi_Internal.c:1831:6:parseRangingNtf	16	static
C:/Users/lr228/UWBIOT_SR150_LiamRoth/uwbiot-top/libs/uwb-iot/uwb_api/Api/UwbApi_Internal.c:1955:6:parseCccRangingNtf	16	static
C:/Users/lr228/UWBIOT_SR150_LiamRoth/uwbiot-top/libs/uwb-iot/uwb_api/Api/UwbApi_Internal.c:2027:21:processRangeManagementNtf	16	static
C:/Users/lr228/UWBIOT_SR150_LiamRoth/uwbiot-top/libs/uwb-iot/uwb_api/Api/UwbApi_Internal.c:2102:21:processTestManagementNtf	280	static
C:/Users/lr228/UWBIOT_SR150_LiamRoth/uwbiot-top/libs/uwb-iot/uwb_api/Api/UwbApi_Internal.c:2233:6:ufaDeviceManagementNtfCallback	16	static
C:/Users/lr228/UWBIOT_SR150_LiamRoth/uwbiot-top/libs/uwb-iot/uwb_api/Api/UwbApi_Internal.c:2347:6:sep_SetWaitEvent	0	static
C:/Users/lr228/UWBIOT_SR150_LiamRoth/uwbiot-top/libs/uwb-iot/uwb_api/Api/UwbApi_Internal.c:2393:16:sendRawUci	40	static
C:/Users/lr228/UWBIOT_SR150_LiamRoth/uwbiot-top/libs/uwb-iot/uwb_api/Api/UwbApi_Internal.c:2475:16:waitforNotification	24	static
C:/Users/lr228/UWBIOT_SR150_LiamRoth/uwbiot-top/libs/uwb-iot/uwb_api/Api/UwbApi_Internal.c:2533:9:getAppConfigTLVBuffer	8	static
C:/Users/lr228/UWBIOT_SR150_LiamRoth/uwbiot-top/libs/uwb-iot/uwb_api/Api/UwbApi_Internal.c:2692:9:getTestConfigTLVBuffer	0	static
C:/Users/lr228/UWBIOT_SR150_LiamRoth/uwbiot-top/libs/uwb-iot/uwb_api/Api/UwbApi_Internal.c:2738:16:VendorAppConfig_TlvParser	0	static
C:/Users/lr228/UWBIOT_SR150_LiamRoth/uwbiot-top/libs/uwb-iot/uwb_api/Api/UwbApi_Internal.c:2773:9:getCoreDeviceConfigTLVBuffer	8	static
C:/Users/lr228/UWBIOT_SR150_LiamRoth/uwbiot-top/libs/uwb-iot/uwb_api/Api/UwbApi_Internal.c:2813:6:parseCoreGetDeviceConfigResponse	0	static
C:/Users/lr228/UWBIOT_SR150_LiamRoth/uwbiot-top/libs/uwb-iot/uwb_api/Api/UwbApi_Internal.c:2835:16:getDeviceInfo	8	static
C:/Users/lr228/UWBIOT_SR150_LiamRoth/uwbiot-top/libs/uwb-iot/uwb_api/Api/UwbApi_Internal.c:42:16:recoverUWBS	8	static
C:/Users/lr228/UWBIOT_SR150_LiamRoth/uwbiot-top/libs/uwb-iot/uwb_api/Api/UwbApi_Internal.c:2853:16:getCapsInfo	8	static
C:/Users/lr228/UWBIOT_SR150_LiamRoth/uwbiot-top/libs/uwb-iot/uwb_api/Api/UwbApi_Internal.c:2870:16:AppConfig_TlvParser	0	static
C:/Users/lr228/UWBIOT_SR150_LiamRoth/uwbiot-top/libs/uwb-iot/uwb_api/Api/UwbApi_Internal.c:2904:16:parseUwbSessionParams	16	static
C:/Users/lr228/UWBIOT_SR150_LiamRoth/uwbiot-top/libs/uwb-iot/uwb_api/Api/UwbApi_Internal.c:2948:24:UwbApi_GetAllUwbSessions	16	static
C:/Users/lr228/UWBIOT_SR150_LiamRoth/uwbiot-top/libs/uwb-iot/uwb_api/Api/UwbApi_Internal.c:3005:9:parseCapabilityInfo	48	static
C:/Users/lr228/UWBIOT_SR150_LiamRoth/uwbiot-top/libs/uwb-iot/uwb_api/Api/UwbApi_Internal.c:98:16:uwbInit	88	static
