C:/Users/lr228/UWBIOT_SR150_LiamRoth/uwbiot-top/libs/uwb-iot/uwb_api/Api/UwbApi_Internal.c:2118:6:ufaDeviceManagementDataCallback	16	static
C:/Users/lr228/UWBIOT_SR150_LiamRoth/uwbiot-top/libs/uwb-iot/uwb_api/Api/UwbApi_Internal.c:2185:13:rawCommandResponse_Cb	8	static
C:/Users/lr228/UWBIOT_SR150_LiamRoth/uwbiot-top/libs/uwb-iot/uwb_api/Api/UwbApi_Internal.c:79:6:cleanUp	8	static
C:/Users/lr228/UWBIOT_SR150_LiamRoth/uwbiot-top/libs/uwb-iot/uwb_api/Api/UwbApi_Internal.c:206:6:parseRangingParams	16	static
C:/Users/lr228/UWBIOT_SR150_LiamRoth/uwbiot-top/libs/uwb-iot/uwb_api/Api/UwbApi_Internal.c:259:21:processInternalRsp	16	static
C:/Users/lr228/UWBIOT_SR150_LiamRoth/uwbiot-top/libs/uwb-iot/uwb_api/Api/UwbApi_Internal.c:300:21:processCoreRsp	16	static
C:/Users/lr228/UWBIOT_SR150_LiamRoth/uwbiot-top/libs/uwb-iot/uwb_api/Api/UwbApi_Internal.c:397:21:processSessionManagementRsp	24	static
C:/Users/lr228/UWBIOT_SR150_LiamRoth/uwbiot-top/libs/uwb-iot/uwb_api/Api/UwbApi_Internal.c:533:21:processRangeManagementRsp	16	static
C:/Users/lr228/UWBIOT_SR150_LiamRoth/uwbiot-top/libs/uwb-iot/uwb_api/Api/UwbApi_Internal.c:569:21:processTestManagementRsp	16	static
C:/Users/lr228/UWBIOT_SR150_LiamRoth/uwbiot-top/libs/uwb-iot/uwb_api/Api/UwbApi_Internal.c:631:21:processProprietaryRsp	16	static
C:/Users/lr228/UWBIOT_SR150_LiamRoth/uwbiot-top/libs/uwb-iot/uwb_api/Api/UwbApi_Internal.c:780:21:processVendorRsp	16	static
C:/Users/lr228/UWBIOT_SR150_LiamRoth/uwbiot-top/libs/uwb-iot/uwb_api/Api/UwbApi_Internal.c:889:21:processProprietarySeRsp	16	static
C:/Users/lr228/UWBIOT_SR150_LiamRoth/uwbiot-top/libs/uwb-iot/uwb_api/Api/UwbApi_Internal.c:1990:6:ufaDeviceManagementRspCallback	8	static
C:/Users/lr228/UWBIOT_SR150_LiamRoth/uwbiot-top/libs/uwb-iot/uwb_api/Api/UwbApi_Internal.c:953:21:processCoreManagementNtf	16	static
C:/Users/lr228/UWBIOT_SR150_LiamRoth/uwbiot-top/libs/uwb-iot/uwb_api/Api/UwbApi_Internal.c:1023:21:processSessionManagementNtf	128	static
C:/Users/lr228/UWBIOT_SR150_LiamRoth/uwbiot-top/libs/uwb-iot/uwb_api/Api/UwbApi_Internal.c:1103:6:parseTwoWayRangingNtf	64	static
C:/Users/lr228/UWBIOT_SR150_LiamRoth/uwbiot-top/libs/uwb-iot/uwb_api/Api/UwbApi_Internal.c:1252:6:parseDlTDoARangingNtf	24	static
C:/Users/lr228/UWBIOT_SR150_LiamRoth/uwbiot-top/libs/uwb-iot/uwb_api/Api/UwbApi_Internal.c:1381:6:parseOneWayRangingNtf	56	static
C:/Users/lr228/UWBIOT_SR150_LiamRoth/uwbiot-top/libs/uwb-iot/uwb_api/Api/UwbApi_Internal.c:1650:6:parseRangingNtf	16	static
C:/Users/lr228/UWBIOT_SR150_LiamRoth/uwbiot-top/libs/uwb-iot/uwb_api/Api/UwbApi_Internal.c:1774:6:parseCccRangingNtf	16	static
C:/Users/lr228/UWBIOT_SR150_LiamRoth/uwbiot-top/libs/uwb-iot/uwb_api/Api/UwbApi_Internal.c:1846:21:processRangeManagementNtf	16	static
C:/Users/lr228/UWBIOT_SR150_LiamRoth/uwbiot-top/libs/uwb-iot/uwb_api/Api/UwbApi_Internal.c:1921:21:processTestManagementNtf	280	static
C:/Users/lr228/UWBIOT_SR150_LiamRoth/uwbiot-top/libs/uwb-iot/uwb_api/Api/UwbApi_Internal.c:2052:6:ufaDeviceManagementNtfCallback	16	static
C:/Users/lr228/UWBIOT_SR150_LiamRoth/uwbiot-top/libs/uwb-iot/uwb_api/Api/UwbApi_Internal.c:2166:6:sep_SetWaitEvent	0	static
C:/Users/lr228/UWBIOT_SR150_LiamRoth/uwbiot-top/libs/uwb-iot/uwb_api/Api/UwbApi_Internal.c:2212:16:sendRawUci	40	static
C:/Users/lr228/UWBIOT_SR150_LiamRoth/uwbiot-top/libs/uwb-iot/uwb_api/Api/UwbApi_Internal.c:2294:16:waitforNotification	16	static
C:/Users/lr228/UWBIOT_SR150_LiamRoth/uwbiot-top/libs/uwb-iot/uwb_api/Api/UwbApi_Internal.c:2347:9:getAppConfigTLVBuffer	8	static
C:/Users/lr228/UWBIOT_SR150_LiamRoth/uwbiot-top/libs/uwb-iot/uwb_api/Api/UwbApi_Internal.c:2506:9:getTestConfigTLVBuffer	0	static
C:/Users/lr228/UWBIOT_SR150_LiamRoth/uwbiot-top/libs/uwb-iot/uwb_api/Api/UwbApi_Internal.c:2552:16:VendorAppConfig_TlvParser	0	static
C:/Users/lr228/UWBIOT_SR150_LiamRoth/uwbiot-top/libs/uwb-iot/uwb_api/Api/UwbApi_Internal.c:2587:9:getCoreDeviceConfigTLVBuffer	8	static
C:/Users/lr228/UWBIOT_SR150_LiamRoth/uwbiot-top/libs/uwb-iot/uwb_api/Api/UwbApi_Internal.c:2627:6:parseCoreGetDeviceConfigResponse	0	static
C:/Users/lr228/UWBIOT_SR150_LiamRoth/uwbiot-top/libs/uwb-iot/uwb_api/Api/UwbApi_Internal.c:2649:16:getDeviceInfo	8	static
C:/Users/lr228/UWBIOT_SR150_LiamRoth/uwbiot-top/libs/uwb-iot/uwb_api/Api/UwbApi_Internal.c:42:16:recoverUWBS	8	static
C:/Users/lr228/UWBIOT_SR150_LiamRoth/uwbiot-top/libs/uwb-iot/uwb_api/Api/UwbApi_Internal.c:2667:16:getCapsInfo	8	static
C:/Users/lr228/UWBIOT_SR150_LiamRoth/uwbiot-top/libs/uwb-iot/uwb_api/Api/UwbApi_Internal.c:2684:16:AppConfig_TlvParser	0	static
C:/Users/lr228/UWBIOT_SR150_LiamRoth/uwbiot-top/libs/uwb-iot/uwb_api/Api/UwbApi_Internal.c:2718:16:parseUwbSessionParams	16	static
C:/Users/lr228/UWBIOT_SR150_LiamRoth/uwbiot-top/libs/uwb-iot/uwb_api/Api/UwbApi_Internal.c:2762:24:UwbApi_GetAllUwbSessions	16	static
C:/Users/lr228/UWBIOT_SR150_LiamRoth/uwbiot-top/libs/uwb-iot/uwb_api/Api/UwbApi_Internal.c:2819:9:parseCapabilityInfo	48	static
C:/Users/lr228/UWBIOT_SR150_LiamRoth/uwbiot-top/libs/uwb-iot/uwb_api/Api/UwbApi_Internal.c:95:16:uwbInit	88	static
