C:/Users/lr228/UWBIOT_SR150_LiamRoth/uwbiot-top/libs/uwb-iot/uwb_api/Api/UwbApi.c:67:24:UwbApi_Init_New	16	static
C:/Users/lr228/UWBIOT_SR150_LiamRoth/uwbiot-top/libs/uwb-iot/uwb_api/Api/UwbApi.c:150:24:UwbApi_SwitchToMCTTMode	8	static
C:/Users/lr228/UWBIOT_SR150_LiamRoth/uwbiot-top/libs/uwb-iot/uwb_api/Api/UwbApi.c:179:24:UwbApi_Init	24	static
C:/Users/lr228/UWBIOT_SR150_LiamRoth/uwbiot-top/libs/uwb-iot/uwb_api/Api/UwbApi.c:207:24:UwbApi_ShutDown	8	static
C:/Users/lr228/UWBIOT_SR150_LiamRoth/uwbiot-top/libs/uwb-iot/uwb_api/Api/UwbApi.c:247:24:UwbApi_RecoverUWBS	24	static
C:/Users/lr228/UWBIOT_SR150_LiamRoth/uwbiot-top/libs/uwb-iot/uwb_api/Api/UwbApi.c:275:24:UwbApi_UwbdReset	8	static
C:/Users/lr228/UWBIOT_SR150_LiamRoth/uwbiot-top/libs/uwb-iot/uwb_api/Api/UwbApi.c:308:24:UwbApi_GetUwbDevState	24	static
C:/Users/lr228/UWBIOT_SR150_LiamRoth/uwbiot-top/libs/uwb-iot/uwb_api/Api/UwbApi.c:356:24:UwbApi_SessionInit	24	static
C:/Users/lr228/UWBIOT_SR150_LiamRoth/uwbiot-top/libs/uwb-iot/uwb_api/Api/UwbApi.c:416:24:UwbApi_SessionDeinit	16	static
C:/Users/lr228/UWBIOT_SR150_LiamRoth/uwbiot-top/libs/uwb-iot/uwb_api/Api/UwbApi.c:457:24:UwbApi_SetRangingParams	24	static
C:/Users/lr228/UWBIOT_SR150_LiamRoth/uwbiot-top/libs/uwb-iot/uwb_api/Api/UwbApi.c:563:24:UwbApi_GetRangingParams	24	static
C:/Users/lr228/UWBIOT_SR150_LiamRoth/uwbiot-top/libs/uwb-iot/uwb_api/Api/UwbApi.c:624:24:UwbApi_SetAppConfig	24	static
C:/Users/lr228/UWBIOT_SR150_LiamRoth/uwbiot-top/libs/uwb-iot/uwb_api/Api/UwbApi.c:724:16:UwbApi_SetAppConfigMultipleParams	40	static
C:/Users/lr228/UWBIOT_SR150_LiamRoth/uwbiot-top/libs/uwb-iot/uwb_api/Api/UwbApi.c:832:16:UwbApi_SetVendorAppConfigs	48	static
C:/Users/lr228/UWBIOT_SR150_LiamRoth/uwbiot-top/libs/uwb-iot/uwb_api/Api/UwbApi.c:911:24:UwbApi_GetAppConfig	24	static
C:/Users/lr228/UWBIOT_SR150_LiamRoth/uwbiot-top/libs/uwb-iot/uwb_api/Api/UwbApi.c:1025:24:UwbApi_GetAppConfigMultipleParams	32	static
C:/Users/lr228/UWBIOT_SR150_LiamRoth/uwbiot-top/libs/uwb-iot/uwb_api/Api/UwbApi.c:1152:16:UwbApi_GetVendorAppConfigs	32	static
C:/Users/lr228/UWBIOT_SR150_LiamRoth/uwbiot-top/libs/uwb-iot/uwb_api/Api/UwbApi.c:1237:24:UwbApi_SetStaticSts	32	static
C:/Users/lr228/UWBIOT_SR150_LiamRoth/uwbiot-top/libs/uwb-iot/uwb_api/Api/UwbApi.c:1288:24:UwbApi_SetDeviceConfig	8	static
C:/Users/lr228/UWBIOT_SR150_LiamRoth/uwbiot-top/libs/uwb-iot/uwb_api/Api/UwbApi.c:1354:24:UwbApi_GetDeviceConfig	24	static
C:/Users/lr228/UWBIOT_SR150_LiamRoth/uwbiot-top/libs/uwb-iot/uwb_api/Api/UwbApi.c:1420:24:UwbApi_StartRangingSession	24	static
C:/Users/lr228/UWBIOT_SR150_LiamRoth/uwbiot-top/libs/uwb-iot/uwb_api/Api/UwbApi.c:1516:24:UwbApi_StopRangingSession	16	static
C:/Users/lr228/UWBIOT_SR150_LiamRoth/uwbiot-top/libs/uwb-iot/uwb_api/Api/UwbApi.c:1564:24:UwbApi_EnableRangingDataNtf	32	static
C:/Users/lr228/UWBIOT_SR150_LiamRoth/uwbiot-top/libs/uwb-iot/uwb_api/Api/UwbApi.c:1622:24:UwbApi_SendRawCommand	16	static
C:/Users/lr228/UWBIOT_SR150_LiamRoth/uwbiot-top/libs/uwb-iot/uwb_api/Api/UwbApi.c:1694:24:UwbApi_GetSessionState	16	static
C:/Users/lr228/UWBIOT_SR150_LiamRoth/uwbiot-top/libs/uwb-iot/uwb_api/Api/UwbApi.c:1733:24:UwbApi_UpdateControllerMulticastList	16	static
C:/Users/lr228/UWBIOT_SR150_LiamRoth/uwbiot-top/libs/uwb-iot/uwb_api/Api/UwbApi.c:1778:24:UwbApi_GetTrng	16	static
C:/Users/lr228/UWBIOT_SR150_LiamRoth/uwbiot-top/libs/uwb-iot/uwb_api/Api/UwbApi.c:1828:24:UwbApi_SetProfileParams	32	static
C:/Users/lr228/UWBIOT_SR150_LiamRoth/uwbiot-top/libs/uwb-iot/uwb_api/Api/UwbApi.c:1909:16:UwbApi_GetUwbConfigData_iOS	80	static
C:/Users/lr228/UWBIOT_SR150_LiamRoth/uwbiot-top/libs/uwb-iot/uwb_api/Api/UwbApi.c:2044:16:UwbApi_GetUwbConfigData_Android	72	static
C:/Users/lr228/UWBIOT_SR150_LiamRoth/uwbiot-top/libs/uwb-iot/uwb_api/Api/UwbApi.c:2145:16:UwbApi_GetDeviceCapability	16	static
C:/Users/lr228/UWBIOT_SR150_LiamRoth/uwbiot-top/libs/uwb-iot/uwb_api/Api/UwbApi.c:2212:24:UwbApi_SendData	56	static
C:/Users/lr228/UWBIOT_SR150_LiamRoth/uwbiot-top/libs/uwb-iot/uwb_api/Api/UwbApi.c:2387:16:UwbApi_SessionQueryDataSize	24	static
C:/Users/lr228/UWBIOT_SR150_LiamRoth/uwbiot-top/libs/uwb-iot/uwb_api/Api/UwbApi.c:2456:24:UwbApi_SetControllerHusSession	16	static
C:/Users/lr228/UWBIOT_SR150_LiamRoth/uwbiot-top/libs/uwb-iot/uwb_api/Api/UwbApi.c:2499:24:UwbApi_SetControleeHusSession	16	static
C:/Users/lr228/UWBIOT_SR150_LiamRoth/uwbiot-top/libs/uwb-iot/uwb_api/Api/UwbApi.c:2540:24:UwbApi_SessionDataTxPhaseConfig	16	static
