C:/Users/lr228/UWBIOT_SR150_LiamRoth/uwbiot-top/ext/boards/qn9090/bluetooth/framework/SecLib/source/SecLib.c:2260:13:SecLib_LeftShiftOneBit	0	static
C:/Users/lr228/UWBIOT_SR150_LiamRoth/uwbiot-top/ext/boards/qn9090/bluetooth/framework/SecLib/source/SecLib.c:2288:13:SecLib_Padding	8	static
C:/Users/lr228/UWBIOT_SR150_LiamRoth/uwbiot-top/ext/boards/qn9090/bluetooth/framework/SecLib/source/SecLib.c:2318:13:SecLib_Xor128	4	static
C:/Users/lr228/UWBIOT_SR150_LiamRoth/uwbiot-top/ext/boards/qn9090/bluetooth/framework/SecLib/source/SecLib.c:402:6:SecLib_Init	8	static
C:/Users/lr228/UWBIOT_SR150_LiamRoth/uwbiot-top/ext/boards/qn9090/bluetooth/framework/SecLib/source/SecLib.c:785:17:k32w0_hw_aes_load_key	8	static
C:/Users/lr228/UWBIOT_SR150_LiamRoth/uwbiot-top/ext/boards/qn9090/bluetooth/framework/SecLib/source/SecLib.c:877:17:k32w0_hw_aes128_block_decrypt	16	static
C:/Users/lr228/UWBIOT_SR150_LiamRoth/uwbiot-top/ext/boards/qn9090/bluetooth/framework/SecLib/source/SecLib.c:824:17:k32w0_hw_aes128_block_encrypt	16	static
C:/Users/lr228/UWBIOT_SR150_LiamRoth/uwbiot-top/ext/boards/qn9090/bluetooth/framework/SecLib/source/SecLib.c:541:17:k32w0_hw_aes_ecb_encrypt	24	static
C:/Users/lr228/UWBIOT_SR150_LiamRoth/uwbiot-top/ext/boards/qn9090/bluetooth/framework/SecLib/source/SecLib.c:480:17:k32w0_hw_aes_cbc_encrypt	32	static
C:/Users/lr228/UWBIOT_SR150_LiamRoth/uwbiot-top/ext/boards/qn9090/bluetooth/framework/SecLib/source/SecLib.c:521:17:k32w0_hw_aes_ctr_crypt	40	static
C:/Users/lr228/UWBIOT_SR150_LiamRoth/uwbiot-top/ext/boards/qn9090/bluetooth/framework/SecLib/source/SecLib.c:2206:13:AES_128_CMAC_Generate_Subkey	80	static
C:/Users/lr228/UWBIOT_SR150_LiamRoth/uwbiot-top/ext/boards/qn9090/bluetooth/framework/SecLib/source/SecLib.c:941:10:AES_128_ProcessBlocks	24	static
C:/Users/lr228/UWBIOT_SR150_LiamRoth/uwbiot-top/ext/boards/qn9090/bluetooth/framework/SecLib/source/SecLib.c:982:6:AES_128_Encrypt	8	static
C:/Users/lr228/UWBIOT_SR150_LiamRoth/uwbiot-top/ext/boards/qn9090/bluetooth/framework/SecLib/source/SecLib.c:1080:6:AES_128_Decrypt	8	static
C:/Users/lr228/UWBIOT_SR150_LiamRoth/uwbiot-top/ext/boards/qn9090/bluetooth/framework/SecLib/source/SecLib.c:1215:6:AES_128_ECB_Encrypt	8	static
C:/Users/lr228/UWBIOT_SR150_LiamRoth/uwbiot-top/ext/boards/qn9090/bluetooth/framework/SecLib/source/SecLib.c:1258:6:AES_128_ECB_Decrypt	24	static
C:/Users/lr228/UWBIOT_SR150_LiamRoth/uwbiot-top/ext/boards/qn9090/bluetooth/framework/SecLib/source/SecLib.c:1298:6:AES_128_ECB_Block_Encrypt	24	static
C:/Users/lr228/UWBIOT_SR150_LiamRoth/uwbiot-top/ext/boards/qn9090/bluetooth/framework/SecLib/source/SecLib.c:1386:6:AES_128_CBC_Encrypt	16	static
C:/Users/lr228/UWBIOT_SR150_LiamRoth/uwbiot-top/ext/boards/qn9090/bluetooth/framework/SecLib/source/SecLib.c:1432:10:AES_128_CBC_Encrypt_And_Pad	24	static
C:/Users/lr228/UWBIOT_SR150_LiamRoth/uwbiot-top/ext/boards/qn9090/bluetooth/framework/SecLib/source/SecLib.c:1520:10:AES_128_CBC_Decrypt_And_Depad	32	static
C:/Users/lr228/UWBIOT_SR150_LiamRoth/uwbiot-top/ext/boards/qn9090/bluetooth/framework/SecLib/source/SecLib.c:1598:6:AES_128_CTR	16	static
C:/Users/lr228/UWBIOT_SR150_LiamRoth/uwbiot-top/ext/boards/qn9090/bluetooth/framework/SecLib/source/SecLib.c:1652:6:AES_128_CMAC	128	static
C:/Users/lr228/UWBIOT_SR150_LiamRoth/uwbiot-top/ext/boards/qn9090/bluetooth/framework/SecLib/source/SecLib.c:1756:6:AES_128_CMAC_LsbFirstInput	152	static
C:/Users/lr228/UWBIOT_SR150_LiamRoth/uwbiot-top/ext/boards/qn9090/bluetooth/framework/SecLib/source/SecLib.c:1847:6:AES_CMAC_PRF_128	48	static
C:/Users/lr228/UWBIOT_SR150_LiamRoth/uwbiot-top/ext/boards/qn9090/bluetooth/framework/SecLib/source/SecLib.c:1896:17:AES_128_EAX_Encrypt	104	static
C:/Users/lr228/UWBIOT_SR150_LiamRoth/uwbiot-top/ext/boards/qn9090/bluetooth/framework/SecLib/source/SecLib.c:1991:17:AES_128_EAX_Decrypt	96	static
C:/Users/lr228/UWBIOT_SR150_LiamRoth/uwbiot-top/ext/boards/qn9090/bluetooth/framework/SecLib/source/SecLib.c:2100:9:AES_128_CCM	56	static
C:/Users/lr228/UWBIOT_SR150_LiamRoth/uwbiot-top/ext/boards/qn9090/bluetooth/framework/SecLib/source/SecLib.c:2151:6:SecLib_XorN	0	static
C:/Users/lr228/UWBIOT_SR150_LiamRoth/uwbiot-top/ext/boards/qn9090/bluetooth/framework/SecLib/source/SecLib.c:2338:7:SHA1_AllocCtx	8	static
C:/Users/lr228/UWBIOT_SR150_LiamRoth/uwbiot-top/ext/boards/qn9090/bluetooth/framework/SecLib/source/SecLib.c:2352:6:SHA1_FreeCtx	8	static
C:/Users/lr228/UWBIOT_SR150_LiamRoth/uwbiot-top/ext/boards/qn9090/bluetooth/framework/SecLib/source/SecLib.c:2366:6:SHA1_CloneCtx	8	static
C:/Users/lr228/UWBIOT_SR150_LiamRoth/uwbiot-top/ext/boards/qn9090/bluetooth/framework/SecLib/source/SecLib.c:2379:6:SHA1_Init	16	static
C:/Users/lr228/UWBIOT_SR150_LiamRoth/uwbiot-top/ext/boards/qn9090/bluetooth/framework/SecLib/source/SecLib.c:2411:6:SHA1_HashUpdate	8	static
C:/Users/lr228/UWBIOT_SR150_LiamRoth/uwbiot-top/ext/boards/qn9090/bluetooth/framework/SecLib/source/SecLib.c:2467:6:SHA1_HashFinish	8	static
C:/Users/lr228/UWBIOT_SR150_LiamRoth/uwbiot-top/ext/boards/qn9090/bluetooth/framework/SecLib/source/SecLib.c:2522:6:SHA1_Hash	96	static
C:/Users/lr228/UWBIOT_SR150_LiamRoth/uwbiot-top/ext/boards/qn9090/bluetooth/framework/SecLib/source/SecLib.c:2542:6:SHA256_SW_Init	8	static
C:/Users/lr228/UWBIOT_SR150_LiamRoth/uwbiot-top/ext/boards/qn9090/bluetooth/framework/SecLib/source/SecLib.c:2564:6:SHA256_SW_Update	24	static
C:/Users/lr228/UWBIOT_SR150_LiamRoth/uwbiot-top/ext/boards/qn9090/bluetooth/framework/SecLib/source/SecLib.c:2614:6:SHA256_SW_Finish	32	static
C:/Users/lr228/UWBIOT_SR150_LiamRoth/uwbiot-top/ext/boards/qn9090/bluetooth/framework/SecLib/source/SecLib.c:2657:7:SHA256_AllocCtx	8	static
C:/Users/lr228/UWBIOT_SR150_LiamRoth/uwbiot-top/ext/boards/qn9090/bluetooth/framework/SecLib/source/SecLib.c:2671:6:SHA256_FreeCtx	8	static
C:/Users/lr228/UWBIOT_SR150_LiamRoth/uwbiot-top/ext/boards/qn9090/bluetooth/framework/SecLib/source/SecLib.c:2685:6:SHA256_CloneCtx	8	static
C:/Users/lr228/UWBIOT_SR150_LiamRoth/uwbiot-top/ext/boards/qn9090/bluetooth/framework/SecLib/source/SecLib.c:2698:6:SHA256_Init	16	static
C:/Users/lr228/UWBIOT_SR150_LiamRoth/uwbiot-top/ext/boards/qn9090/bluetooth/framework/SecLib/source/SecLib.c:2753:6:SHA256_HashUpdate	8	static
C:/Users/lr228/UWBIOT_SR150_LiamRoth/uwbiot-top/ext/boards/qn9090/bluetooth/framework/SecLib/source/SecLib.c:2784:6:SHA256_HashFinish	8	static
C:/Users/lr228/UWBIOT_SR150_LiamRoth/uwbiot-top/ext/boards/qn9090/bluetooth/framework/SecLib/source/SecLib.c:2820:6:SHA256_Hash	120	static
C:/Users/lr228/UWBIOT_SR150_LiamRoth/uwbiot-top/ext/boards/qn9090/bluetooth/framework/SecLib/source/SecLib.c:2837:7:HMAC_SHA256_AllocCtx	8	static
C:/Users/lr228/UWBIOT_SR150_LiamRoth/uwbiot-top/ext/boards/qn9090/bluetooth/framework/SecLib/source/SecLib.c:2851:6:HMAC_SHA256_FreeCtx	8	static
C:/Users/lr228/UWBIOT_SR150_LiamRoth/uwbiot-top/ext/boards/qn9090/bluetooth/framework/SecLib/source/SecLib.c:2866:6:HMAC_SHA256_Init	56	static
C:/Users/lr228/UWBIOT_SR150_LiamRoth/uwbiot-top/ext/boards/qn9090/bluetooth/framework/SecLib/source/SecLib.c:2910:6:HMAC_SHA256_Update	8	static
C:/Users/lr228/UWBIOT_SR150_LiamRoth/uwbiot-top/ext/boards/qn9090/bluetooth/framework/SecLib/source/SecLib.c:2927:6:HMAC_SHA256_Finish	48	static
C:/Users/lr228/UWBIOT_SR150_LiamRoth/uwbiot-top/ext/boards/qn9090/bluetooth/framework/SecLib/source/SecLib.c:2954:6:HMAC_SHA256	184	static
C:/Users/lr228/UWBIOT_SR150_LiamRoth/uwbiot-top/ext/boards/qn9090/bluetooth/framework/SecLib/source/SecLib.c:2984:8:bACI_WriteKey	8	static
C:/Users/lr228/UWBIOT_SR150_LiamRoth/uwbiot-top/ext/boards/qn9090/bluetooth/framework/SecLib/source/SecLib.c:3022:6:vACI_OptimisedCcmStar	96	static
C:/Users/lr228/UWBIOT_SR150_LiamRoth/uwbiot-top/ext/boards/qn9090/bluetooth/framework/SecLib/source/SecLib.c:3413:6:vSwipeEndian	4	static
