C:/Users/lr228/UWBIOT_SR150_LiamRoth/uwbiot-top/ext/boards/qn9090/bluetooth/framework/SecLib/source/SecLib_ecp256_sw.c:38:6:SecLib_SetExternalMultiplicationCb	0	static
C:/Users/lr228/UWBIOT_SR150_LiamRoth/uwbiot-top/ext/boards/qn9090/bluetooth/framework/SecLib/source/SecLib_ecp256_sw.c:52:6:SecLib_ExecMultiplicationCb	8	static
C:/Users/lr228/UWBIOT_SR150_LiamRoth/uwbiot-top/ext/boards/qn9090/bluetooth/framework/SecLib/source/SecLib_ecp256_sw.c:82:8:SecLib_HandleMultiplyStep	0	static
C:/Users/lr228/UWBIOT_SR150_LiamRoth/uwbiot-top/ext/boards/qn9090/bluetooth/framework/SecLib/source/SecLib_ecp256_sw.c:163:17:ECDH_P256_GenerateKeys	112	static
C:/Users/lr228/UWBIOT_SR150_LiamRoth/uwbiot-top/ext/boards/qn9090/bluetooth/framework/SecLib/source/SecLib_ecp256_sw.c:236:17:ECDH_P256_ComputeDhKey	176	static
C:/Users/lr228/UWBIOT_SR150_LiamRoth/uwbiot-top/ext/boards/qn9090/bluetooth/framework/SecLib/source/SecLib_ecp256_sw.c:344:17:ECDH_P256_GenerateKeysSeg	8	static
C:/Users/lr228/UWBIOT_SR150_LiamRoth/uwbiot-top/ext/boards/qn9090/bluetooth/framework/SecLib/source/SecLib_ecp256_sw.c:403:17:ECDH_P256_ComputeDhKeySeg	8	static
