/Users/liam/Documents/nezami_project/code/murata-sdk/Type2BP_SDK_UWBIOT_SR150_v04.06.05_MCUx/UWBIOT_SR150_LiamRoth/uwbiot-top/se_mw/sss/src/fsl_sss_util_asn1_der.c:1193:14:sss_util_asn1_rsa_get_public	40	static
/Users/liam/Documents/nezami_project/code/murata-sdk/Type2BP_SDK_UWBIOT_SR150_v04.06.05_MCUx/UWBIOT_SR150_LiamRoth/uwbiot-top/se_mw/sss/src/fsl_sss_util_asn1_der.c:1285:14:sss_util_asn1_ecdaa_get_signature	16	static
/Users/liam/Documents/nezami_project/code/murata-sdk/Type2BP_SDK_UWBIOT_SR150_v04.06.05_MCUx/UWBIOT_SR150_LiamRoth/uwbiot-top/se_mw/sss/src/fsl_sss_util_asn1_der.c:1398:5:asn_1_parse_tlv	8	static
/Users/liam/Documents/nezami_project/code/murata-sdk/Type2BP_SDK_UWBIOT_SR150_v04.06.05_MCUx/UWBIOT_SR150_LiamRoth/uwbiot-top/se_mw/sss/src/fsl_sss_util_asn1_der.c:213:14:sss_util_asn1_rsa_parse_private	40	static
/Users/liam/Documents/nezami_project/code/murata-sdk/Type2BP_SDK_UWBIOT_SR150_v04.06.05_MCUx/UWBIOT_SR150_LiamRoth/uwbiot-top/se_mw/sss/src/fsl_sss_util_asn1_der.c:580:14:sss_util_asn1_rsa_parse_private_allow_invalid_key	40	static
/Users/liam/Documents/nezami_project/code/murata-sdk/Type2BP_SDK_UWBIOT_SR150_v04.06.05_MCUx/UWBIOT_SR150_LiamRoth/uwbiot-top/se_mw/sss/src/fsl_sss_util_asn1_der.c:926:14:sss_util_asn1_rsa_parse_public_nomalloc	40	static
/Users/liam/Documents/nezami_project/code/murata-sdk/Type2BP_SDK_UWBIOT_SR150_v04.06.05_MCUx/UWBIOT_SR150_LiamRoth/uwbiot-top/se_mw/sss/src/fsl_sss_util_asn1_der.c:1022:14:sss_util_asn1_rsa_parse_public_nomalloc_complete_modulus	40	static
/Users/liam/Documents/nezami_project/code/murata-sdk/Type2BP_SDK_UWBIOT_SR150_v04.06.05_MCUx/UWBIOT_SR150_LiamRoth/uwbiot-top/se_mw/sss/src/fsl_sss_util_asn1_der.c:1107:14:sss_util_asn1_rsa_parse_public	40	static
/Users/liam/Documents/nezami_project/code/murata-sdk/Type2BP_SDK_UWBIOT_SR150_v04.06.05_MCUx/UWBIOT_SR150_LiamRoth/uwbiot-top/se_mw/sss/src/fsl_sss_util_asn1_der.c:1453:14:sss_util_asn1_get_oid_from_header	40	static
/Users/liam/Documents/nezami_project/code/murata-sdk/Type2BP_SDK_UWBIOT_SR150_v04.06.05_MCUx/UWBIOT_SR150_LiamRoth/uwbiot-top/se_mw/sss/src/fsl_sss_util_asn1_der.c:1540:14:sss_util_asn1_get_oid_from_sssObj	296	static
/Users/liam/Documents/nezami_project/code/murata-sdk/Type2BP_SDK_UWBIOT_SR150_v04.06.05_MCUx/UWBIOT_SR150_LiamRoth/uwbiot-top/se_mw/sss/src/fsl_sss_util_asn1_der.c:1567:14:sss_util_pkcs8_asn1_get_ec_public_key_index	32	static
/Users/liam/Documents/nezami_project/code/murata-sdk/Type2BP_SDK_UWBIOT_SR150_v04.06.05_MCUx/UWBIOT_SR150_LiamRoth/uwbiot-top/se_mw/sss/src/fsl_sss_util_asn1_der.c:1636:14:sss_util_pkcs8_asn1_get_ec_pair_key_index	40	static
/Users/liam/Documents/nezami_project/code/murata-sdk/Type2BP_SDK_UWBIOT_SR150_v04.06.05_MCUx/UWBIOT_SR150_LiamRoth/uwbiot-top/se_mw/sss/src/fsl_sss_util_asn1_der.c:1720:14:sss_util_rfc8410_asn1_get_ec_pair_key_index	40	static
/Users/liam/Documents/nezami_project/code/murata-sdk/Type2BP_SDK_UWBIOT_SR150_v04.06.05_MCUx/UWBIOT_SR150_LiamRoth/uwbiot-top/se_mw/sss/src/fsl_sss_util_asn1_der.c:1805:14:sss_util_openssl_read_pkcs12	0	static
/Users/liam/Documents/nezami_project/code/murata-sdk/Type2BP_SDK_UWBIOT_SR150_v04.06.05_MCUx/UWBIOT_SR150_LiamRoth/uwbiot-top/se_mw/sss/src/fsl_sss_util_asn1_der.c:1861:14:sss_util_openssl_write_pkcs12	0	static
