/Users/liam/Documents/nezami_project/code/murata-sdk/Type2BP_SDK_UWBIOT_SR150_v04.06.05_MCUx/UWBIOT_SR150_v04.06.05_MCUx/uwbiot-top/se_mw/nxp_iot_agent/src/protobuf/pb_decode.c:114:25:buf_read	8	static
/Users/liam/Documents/nezami_project/code/murata-sdk/Type2BP_SDK_UWBIOT_SR150_v04.06.05_MCUx/UWBIOT_SR150_v04.06.05_MCUx/uwbiot-top/se_mw/nxp_iot_agent/src/protobuf/pb_decode.c:168:25:pb_readbyte	8	static
/Users/liam/Documents/nezami_project/code/murata-sdk/Type2BP_SDK_UWBIOT_SR150_v04.06.05_MCUx/UWBIOT_SR150_v04.06.05_MCUx/uwbiot-top/se_mw/nxp_iot_agent/src/protobuf/pb_decode.c:214:25:pb_decode_varint32_eof	32	static
/Users/liam/Documents/nezami_project/code/murata-sdk/Type2BP_SDK_UWBIOT_SR150_v04.06.05_MCUx/UWBIOT_SR150_v04.06.05_MCUx/uwbiot-top/se_mw/nxp_iot_agent/src/protobuf/pb_decode.c:772:13:iter_from_extension	16	static
/Users/liam/Documents/nezami_project/code/murata-sdk/Type2BP_SDK_UWBIOT_SR150_v04.06.05_MCUx/UWBIOT_SR150_v04.06.05_MCUx/uwbiot-top/se_mw/nxp_iot_agent/src/protobuf/pb_decode.c:514:25:allocate_field	16	static
/Users/liam/Documents/nezami_project/code/murata-sdk/Type2BP_SDK_UWBIOT_SR150_v04.06.05_MCUx/UWBIOT_SR150_v04.06.05_MCUx/uwbiot-top/se_mw/nxp_iot_agent/src/protobuf/pb_decode.c:849:13:pb_field_set_to_default	40	static
/Users/liam/Documents/nezami_project/code/murata-sdk/Type2BP_SDK_UWBIOT_SR150_v04.06.05_MCUx/UWBIOT_SR150_v04.06.05_MCUx/uwbiot-top/se_mw/nxp_iot_agent/src/protobuf/pb_decode.c:921:13:pb_message_set_to_defaults	32	static
/Users/liam/Documents/nezami_project/code/murata-sdk/Type2BP_SDK_UWBIOT_SR150_v04.06.05_MCUx/UWBIOT_SR150_v04.06.05_MCUx/uwbiot-top/se_mw/nxp_iot_agent/src/protobuf/pb_decode.c:550:13:initialize_pointer_field	16	static
/Users/liam/Documents/nezami_project/code/murata-sdk/Type2BP_SDK_UWBIOT_SR150_v04.06.05_MCUx/UWBIOT_SR150_v04.06.05_MCUx/uwbiot-top/se_mw/nxp_iot_agent/src/protobuf/pb_decode.c:129:18:pb_read	32	static
/Users/liam/Documents/nezami_project/code/murata-sdk/Type2BP_SDK_UWBIOT_SR150_v04.06.05_MCUx/UWBIOT_SR150_v04.06.05_MCUx/uwbiot-top/se_mw/nxp_iot_agent/src/protobuf/pb_decode.c:186:14:pb_istream_from_buffer	8	static
/Users/liam/Documents/nezami_project/code/murata-sdk/Type2BP_SDK_UWBIOT_SR150_v04.06.05_MCUx/UWBIOT_SR150_v04.06.05_MCUx/uwbiot-top/se_mw/nxp_iot_agent/src/protobuf/pb_decode.c:276:18:pb_decode_varint32	0	static
/Users/liam/Documents/nezami_project/code/murata-sdk/Type2BP_SDK_UWBIOT_SR150_v04.06.05_MCUx/UWBIOT_SR150_v04.06.05_MCUx/uwbiot-top/se_mw/nxp_iot_agent/src/protobuf/pb_decode.c:1540:25:pb_dec_fixed_length_bytes	32	static
/Users/liam/Documents/nezami_project/code/murata-sdk/Type2BP_SDK_UWBIOT_SR150_v04.06.05_MCUx/UWBIOT_SR150_v04.06.05_MCUx/uwbiot-top/se_mw/nxp_iot_agent/src/protobuf/pb_decode.c:1481:25:pb_dec_string	32	static
/Users/liam/Documents/nezami_project/code/murata-sdk/Type2BP_SDK_UWBIOT_SR150_v04.06.05_MCUx/UWBIOT_SR150_v04.06.05_MCUx/uwbiot-top/se_mw/nxp_iot_agent/src/protobuf/pb_decode.c:1444:25:pb_dec_bytes	32	static
/Users/liam/Documents/nezami_project/code/murata-sdk/Type2BP_SDK_UWBIOT_SR150_v04.06.05_MCUx/UWBIOT_SR150_v04.06.05_MCUx/uwbiot-top/se_mw/nxp_iot_agent/src/protobuf/pb_decode.c:1331:25:pb_dec_bool	16	static
/Users/liam/Documents/nezami_project/code/murata-sdk/Type2BP_SDK_UWBIOT_SR150_v04.06.05_MCUx/UWBIOT_SR150_v04.06.05_MCUx/uwbiot-top/se_mw/nxp_iot_agent/src/protobuf/pb_decode.c:282:18:pb_decode_varint	32	static
/Users/liam/Documents/nezami_project/code/murata-sdk/Type2BP_SDK_UWBIOT_SR150_v04.06.05_MCUx/UWBIOT_SR150_v04.06.05_MCUx/uwbiot-top/se_mw/nxp_iot_agent/src/protobuf/pb_decode.c:1379:25:pb_dec_uvarint	24	static
/Users/liam/Documents/nezami_project/code/murata-sdk/Type2BP_SDK_UWBIOT_SR150_v04.06.05_MCUx/UWBIOT_SR150_v04.06.05_MCUx/uwbiot-top/se_mw/nxp_iot_agent/src/protobuf/pb_decode.c:1342:25:pb_dec_varint	24	static
/Users/liam/Documents/nezami_project/code/murata-sdk/Type2BP_SDK_UWBIOT_SR150_v04.06.05_MCUx/UWBIOT_SR150_v04.06.05_MCUx/uwbiot-top/se_mw/nxp_iot_agent/src/protobuf/pb_decode.c:325:18:pb_decode_tag	32	static
/Users/liam/Documents/nezami_project/code/murata-sdk/Type2BP_SDK_UWBIOT_SR150_v04.06.05_MCUx/UWBIOT_SR150_v04.06.05_MCUx/uwbiot-top/se_mw/nxp_iot_agent/src/protobuf/pb_decode.c:348:18:pb_skip_field	16	static
/Users/liam/Documents/nezami_project/code/murata-sdk/Type2BP_SDK_UWBIOT_SR150_v04.06.05_MCUx/UWBIOT_SR150_v04.06.05_MCUx/uwbiot-top/se_mw/nxp_iot_agent/src/protobuf/pb_decode.c:399:18:pb_make_string_substream	24	static
/Users/liam/Documents/nezami_project/code/murata-sdk/Type2BP_SDK_UWBIOT_SR150_v04.06.05_MCUx/UWBIOT_SR150_v04.06.05_MCUx/uwbiot-top/se_mw/nxp_iot_agent/src/protobuf/pb_decode.c:414:18:pb_close_string_substream	16	static
/Users/liam/Documents/nezami_project/code/murata-sdk/Type2BP_SDK_UWBIOT_SR150_v04.06.05_MCUx/UWBIOT_SR150_v04.06.05_MCUx/uwbiot-top/se_mw/nxp_iot_agent/src/protobuf/pb_decode.c:1258:6:pb_release	32	static
/Users/liam/Documents/nezami_project/code/murata-sdk/Type2BP_SDK_UWBIOT_SR150_v04.06.05_MCUx/UWBIOT_SR150_v04.06.05_MCUx/uwbiot-top/se_mw/nxp_iot_agent/src/protobuf/pb_decode.c:1167:13:pb_release_single_field	56	static
/Users/liam/Documents/nezami_project/code/murata-sdk/Type2BP_SDK_UWBIOT_SR150_v04.06.05_MCUx/UWBIOT_SR150_v04.06.05_MCUx/uwbiot-top/se_mw/nxp_iot_agent/src/protobuf/pb_decode.c:744:25:decode_field	64	static
/Users/liam/Documents/nezami_project/code/murata-sdk/Type2BP_SDK_UWBIOT_SR150_v04.06.05_MCUx/UWBIOT_SR150_v04.06.05_MCUx/uwbiot-top/se_mw/nxp_iot_agent/src/protobuf/pb_decode.c:938:18:pb_decode_noinit	112	static
/Users/liam/Documents/nezami_project/code/murata-sdk/Type2BP_SDK_UWBIOT_SR150_v04.06.05_MCUx/UWBIOT_SR150_v04.06.05_MCUx/uwbiot-top/se_mw/nxp_iot_agent/src/protobuf/pb_decode.c:1102:6:pb_decode_delimited_noinit	32	static
/Users/liam/Documents/nezami_project/code/murata-sdk/Type2BP_SDK_UWBIOT_SR150_v04.06.05_MCUx/UWBIOT_SR150_v04.06.05_MCUx/uwbiot-top/se_mw/nxp_iot_agent/src/protobuf/pb_decode.c:1088:18:pb_decode	16	static
/Users/liam/Documents/nezami_project/code/murata-sdk/Type2BP_SDK_UWBIOT_SR150_v04.06.05_MCUx/UWBIOT_SR150_v04.06.05_MCUx/uwbiot-top/se_mw/nxp_iot_agent/src/protobuf/pb_decode.c:1516:25:pb_dec_submessage	40	static
/Users/liam/Documents/nezami_project/code/murata-sdk/Type2BP_SDK_UWBIOT_SR150_v04.06.05_MCUx/UWBIOT_SR150_v04.06.05_MCUx/uwbiot-top/se_mw/nxp_iot_agent/src/protobuf/pb_decode.c:1117:6:pb_decode_delimited	32	static
/Users/liam/Documents/nezami_project/code/murata-sdk/Type2BP_SDK_UWBIOT_SR150_v04.06.05_MCUx/UWBIOT_SR150_v04.06.05_MCUx/uwbiot-top/se_mw/nxp_iot_agent/src/protobuf/pb_decode.c:1132:6:pb_decode_nullterminated	0	static
/Users/liam/Documents/nezami_project/code/murata-sdk/Type2BP_SDK_UWBIOT_SR150_v04.06.05_MCUx/UWBIOT_SR150_v04.06.05_MCUx/uwbiot-top/se_mw/nxp_iot_agent/src/protobuf/pb_decode.c:1277:6:pb_decode_bool	0	static
/Users/liam/Documents/nezami_project/code/murata-sdk/Type2BP_SDK_UWBIOT_SR150_v04.06.05_MCUx/UWBIOT_SR150_v04.06.05_MCUx/uwbiot-top/se_mw/nxp_iot_agent/src/protobuf/pb_decode.c:1282:6:pb_decode_svarint	16	static
/Users/liam/Documents/nezami_project/code/murata-sdk/Type2BP_SDK_UWBIOT_SR150_v04.06.05_MCUx/UWBIOT_SR150_v04.06.05_MCUx/uwbiot-top/se_mw/nxp_iot_agent/src/protobuf/pb_decode.c:1403:25:pb_dec_svarint	24	static
/Users/liam/Documents/nezami_project/code/murata-sdk/Type2BP_SDK_UWBIOT_SR150_v04.06.05_MCUx/UWBIOT_SR150_v04.06.05_MCUx/uwbiot-top/se_mw/nxp_iot_agent/src/protobuf/pb_decode.c:1296:6:pb_decode_fixed32	16	static
/Users/liam/Documents/nezami_project/code/murata-sdk/Type2BP_SDK_UWBIOT_SR150_v04.06.05_MCUx/UWBIOT_SR150_v04.06.05_MCUx/uwbiot-top/se_mw/nxp_iot_agent/src/protobuf/pb_decode.c:1427:25:pb_dec_fixed32	0	static
/Users/liam/Documents/nezami_project/code/murata-sdk/Type2BP_SDK_UWBIOT_SR150_v04.06.05_MCUx/UWBIOT_SR150_v04.06.05_MCUx/uwbiot-top/se_mw/nxp_iot_agent/src/protobuf/pb_decode.c:1311:6:pb_decode_fixed64	16	static
/Users/liam/Documents/nezami_project/code/murata-sdk/Type2BP_SDK_UWBIOT_SR150_v04.06.05_MCUx/UWBIOT_SR150_v04.06.05_MCUx/uwbiot-top/se_mw/nxp_iot_agent/src/protobuf/pb_decode.c:1433:25:pb_dec_fixed64	0	static
