/Users/liam/Documents/nezami_project/code/murata-sdk/Type2BP_SDK_UWBIOT_SR150_v04.06.05_MCUx/UWBIOT_SR150_v04.06.05_MCUx/uwbiot-top/ext/boards/qn9090/components/serial_manager/serial_port_uart.c:128:25:Serial_UartInit	24	static
/Users/liam/Documents/nezami_project/code/murata-sdk/Type2BP_SDK_UWBIOT_SR150_v04.06.05_MCUx/UWBIOT_SR150_v04.06.05_MCUx/uwbiot-top/ext/boards/qn9090/components/serial_manager/serial_port_uart.c:196:25:Serial_UartDeinit	8	static
/Users/liam/Documents/nezami_project/code/murata-sdk/Type2BP_SDK_UWBIOT_SR150_v04.06.05_MCUx/UWBIOT_SR150_v04.06.05_MCUx/uwbiot-top/ext/boards/qn9090/components/serial_manager/serial_port_uart.c:263:25:Serial_UartWrite	0	static
/Users/liam/Documents/nezami_project/code/murata-sdk/Type2BP_SDK_UWBIOT_SR150_v04.06.05_MCUx/UWBIOT_SR150_v04.06.05_MCUx/uwbiot-top/ext/boards/qn9090/components/serial_manager/serial_port_uart.c:277:25:Serial_UartRead	0	static
