/Users/liam/Documents/nezami_project/code/murata-sdk/Type2BP_SDK_UWBIOT_SR150_v04.06.05_MCUx/UWBIOT_SR150_v04.06.05_MCUx/uwbiot-top/libs/uwb-iot/uwb_api/Api/UwbApi.c:67:24:UwbApi_Init_New	16	static
/Users/liam/Documents/nezami_project/code/murata-sdk/Type2BP_SDK_UWBIOT_SR150_v04.06.05_MCUx/UWBIOT_SR150_v04.06.05_MCUx/uwbiot-top/libs/uwb-iot/uwb_api/Api/UwbApi.c:150:24:UwbApi_SwitchToMCTTMode	8	static
/Users/liam/Documents/nezami_project/code/murata-sdk/Type2BP_SDK_UWBIOT_SR150_v04.06.05_MCUx/UWBIOT_SR150_v04.06.05_MCUx/uwbiot-top/libs/uwb-iot/uwb_api/Api/UwbApi.c:179:24:UwbApi_Init	32	static
/Users/liam/Documents/nezami_project/code/murata-sdk/Type2BP_SDK_UWBIOT_SR150_v04.06.05_MCUx/UWBIOT_SR150_v04.06.05_MCUx/uwbiot-top/libs/uwb-iot/uwb_api/Api/UwbApi.c:207:24:UwbApi_ShutDown	16	static
/Users/liam/Documents/nezami_project/code/murata-sdk/Type2BP_SDK_UWBIOT_SR150_v04.06.05_MCUx/UWBIOT_SR150_v04.06.05_MCUx/uwbiot-top/libs/uwb-iot/uwb_api/Api/UwbApi.c:247:24:UwbApi_RecoverUWBS	24	static
/Users/liam/Documents/nezami_project/code/murata-sdk/Type2BP_SDK_UWBIOT_SR150_v04.06.05_MCUx/UWBIOT_SR150_v04.06.05_MCUx/uwbiot-top/libs/uwb-iot/uwb_api/Api/UwbApi.c:275:24:UwbApi_UwbdReset	16	static
/Users/liam/Documents/nezami_project/code/murata-sdk/Type2BP_SDK_UWBIOT_SR150_v04.06.05_MCUx/UWBIOT_SR150_v04.06.05_MCUx/uwbiot-top/libs/uwb-iot/uwb_api/Api/UwbApi.c:308:24:UwbApi_GetUwbDevState	24	static
/Users/liam/Documents/nezami_project/code/murata-sdk/Type2BP_SDK_UWBIOT_SR150_v04.06.05_MCUx/UWBIOT_SR150_v04.06.05_MCUx/uwbiot-top/libs/uwb-iot/uwb_api/Api/UwbApi.c:356:24:UwbApi_SessionInit	24	static
/Users/liam/Documents/nezami_project/code/murata-sdk/Type2BP_SDK_UWBIOT_SR150_v04.06.05_MCUx/UWBIOT_SR150_v04.06.05_MCUx/uwbiot-top/libs/uwb-iot/uwb_api/Api/UwbApi.c:416:24:UwbApi_SessionDeinit	16	static
/Users/liam/Documents/nezami_project/code/murata-sdk/Type2BP_SDK_UWBIOT_SR150_v04.06.05_MCUx/UWBIOT_SR150_v04.06.05_MCUx/uwbiot-top/libs/uwb-iot/uwb_api/Api/UwbApi.c:457:24:UwbApi_SetRangingParams	24	static
/Users/liam/Documents/nezami_project/code/murata-sdk/Type2BP_SDK_UWBIOT_SR150_v04.06.05_MCUx/UWBIOT_SR150_v04.06.05_MCUx/uwbiot-top/libs/uwb-iot/uwb_api/Api/UwbApi.c:563:24:UwbApi_GetRangingParams	16	static
/Users/liam/Documents/nezami_project/code/murata-sdk/Type2BP_SDK_UWBIOT_SR150_v04.06.05_MCUx/UWBIOT_SR150_v04.06.05_MCUx/uwbiot-top/libs/uwb-iot/uwb_api/Api/UwbApi.c:624:24:UwbApi_SetAppConfig	24	static
/Users/liam/Documents/nezami_project/code/murata-sdk/Type2BP_SDK_UWBIOT_SR150_v04.06.05_MCUx/UWBIOT_SR150_v04.06.05_MCUx/uwbiot-top/libs/uwb-iot/uwb_api/Api/UwbApi.c:724:16:UwbApi_SetAppConfigMultipleParams	40	static
/Users/liam/Documents/nezami_project/code/murata-sdk/Type2BP_SDK_UWBIOT_SR150_v04.06.05_MCUx/UWBIOT_SR150_v04.06.05_MCUx/uwbiot-top/libs/uwb-iot/uwb_api/Api/UwbApi.c:832:16:UwbApi_SetVendorAppConfigs	40	static
/Users/liam/Documents/nezami_project/code/murata-sdk/Type2BP_SDK_UWBIOT_SR150_v04.06.05_MCUx/UWBIOT_SR150_v04.06.05_MCUx/uwbiot-top/libs/uwb-iot/uwb_api/Api/UwbApi.c:911:24:UwbApi_GetAppConfig	24	static
/Users/liam/Documents/nezami_project/code/murata-sdk/Type2BP_SDK_UWBIOT_SR150_v04.06.05_MCUx/UWBIOT_SR150_v04.06.05_MCUx/uwbiot-top/libs/uwb-iot/uwb_api/Api/UwbApi.c:1025:24:UwbApi_GetAppConfigMultipleParams	32	static
/Users/liam/Documents/nezami_project/code/murata-sdk/Type2BP_SDK_UWBIOT_SR150_v04.06.05_MCUx/UWBIOT_SR150_v04.06.05_MCUx/uwbiot-top/libs/uwb-iot/uwb_api/Api/UwbApi.c:1152:16:UwbApi_GetVendorAppConfigs	32	static
/Users/liam/Documents/nezami_project/code/murata-sdk/Type2BP_SDK_UWBIOT_SR150_v04.06.05_MCUx/UWBIOT_SR150_v04.06.05_MCUx/uwbiot-top/libs/uwb-iot/uwb_api/Api/UwbApi.c:1237:24:UwbApi_SetStaticSts	32	static
/Users/liam/Documents/nezami_project/code/murata-sdk/Type2BP_SDK_UWBIOT_SR150_v04.06.05_MCUx/UWBIOT_SR150_v04.06.05_MCUx/uwbiot-top/libs/uwb-iot/uwb_api/Api/UwbApi.c:1288:24:UwbApi_SetDeviceConfig	24	static
/Users/liam/Documents/nezami_project/code/murata-sdk/Type2BP_SDK_UWBIOT_SR150_v04.06.05_MCUx/UWBIOT_SR150_v04.06.05_MCUx/uwbiot-top/libs/uwb-iot/uwb_api/Api/UwbApi.c:1354:24:UwbApi_GetDeviceConfig	24	static
/Users/liam/Documents/nezami_project/code/murata-sdk/Type2BP_SDK_UWBIOT_SR150_v04.06.05_MCUx/UWBIOT_SR150_v04.06.05_MCUx/uwbiot-top/libs/uwb-iot/uwb_api/Api/UwbApi.c:1420:24:UwbApi_StartRangingSession	24	static
/Users/liam/Documents/nezami_project/code/murata-sdk/Type2BP_SDK_UWBIOT_SR150_v04.06.05_MCUx/UWBIOT_SR150_v04.06.05_MCUx/uwbiot-top/libs/uwb-iot/uwb_api/Api/UwbApi.c:1510:24:UwbApi_StopRangingSession	16	static
/Users/liam/Documents/nezami_project/code/murata-sdk/Type2BP_SDK_UWBIOT_SR150_v04.06.05_MCUx/UWBIOT_SR150_v04.06.05_MCUx/uwbiot-top/libs/uwb-iot/uwb_api/Api/UwbApi.c:1558:24:UwbApi_EnableRangingDataNtf	32	static
/Users/liam/Documents/nezami_project/code/murata-sdk/Type2BP_SDK_UWBIOT_SR150_v04.06.05_MCUx/UWBIOT_SR150_v04.06.05_MCUx/uwbiot-top/libs/uwb-iot/uwb_api/Api/UwbApi.c:1616:24:UwbApi_SendRawCommand	24	static
/Users/liam/Documents/nezami_project/code/murata-sdk/Type2BP_SDK_UWBIOT_SR150_v04.06.05_MCUx/UWBIOT_SR150_v04.06.05_MCUx/uwbiot-top/libs/uwb-iot/uwb_api/Api/UwbApi.c:1688:24:UwbApi_GetSessionState	16	static
/Users/liam/Documents/nezami_project/code/murata-sdk/Type2BP_SDK_UWBIOT_SR150_v04.06.05_MCUx/UWBIOT_SR150_v04.06.05_MCUx/uwbiot-top/libs/uwb-iot/uwb_api/Api/UwbApi.c:1727:24:UwbApi_UpdateControllerMulticastList	16	static
/Users/liam/Documents/nezami_project/code/murata-sdk/Type2BP_SDK_UWBIOT_SR150_v04.06.05_MCUx/UWBIOT_SR150_v04.06.05_MCUx/uwbiot-top/libs/uwb-iot/uwb_api/Api/UwbApi.c:1772:24:UwbApi_GetTrng	24	static
/Users/liam/Documents/nezami_project/code/murata-sdk/Type2BP_SDK_UWBIOT_SR150_v04.06.05_MCUx/UWBIOT_SR150_v04.06.05_MCUx/uwbiot-top/libs/uwb-iot/uwb_api/Api/UwbApi.c:1822:24:UwbApi_SetProfileParams	32	static
/Users/liam/Documents/nezami_project/code/murata-sdk/Type2BP_SDK_UWBIOT_SR150_v04.06.05_MCUx/UWBIOT_SR150_v04.06.05_MCUx/uwbiot-top/libs/uwb-iot/uwb_api/Api/UwbApi.c:1903:16:UwbApi_GetUwbConfigData_iOS	88	static
/Users/liam/Documents/nezami_project/code/murata-sdk/Type2BP_SDK_UWBIOT_SR150_v04.06.05_MCUx/UWBIOT_SR150_v04.06.05_MCUx/uwbiot-top/libs/uwb-iot/uwb_api/Api/UwbApi.c:2038:16:UwbApi_GetUwbConfigData_Android	72	static
/Users/liam/Documents/nezami_project/code/murata-sdk/Type2BP_SDK_UWBIOT_SR150_v04.06.05_MCUx/UWBIOT_SR150_v04.06.05_MCUx/uwbiot-top/libs/uwb-iot/uwb_api/Api/UwbApi.c:2139:16:UwbApi_GetDeviceCapability	16	static
/Users/liam/Documents/nezami_project/code/murata-sdk/Type2BP_SDK_UWBIOT_SR150_v04.06.05_MCUx/UWBIOT_SR150_v04.06.05_MCUx/uwbiot-top/libs/uwb-iot/uwb_api/Api/UwbApi.c:2206:24:UwbApi_SendData	56	static
/Users/liam/Documents/nezami_project/code/murata-sdk/Type2BP_SDK_UWBIOT_SR150_v04.06.05_MCUx/UWBIOT_SR150_v04.06.05_MCUx/uwbiot-top/libs/uwb-iot/uwb_api/Api/UwbApi.c:2381:16:UwbApi_SessionQueryDataSize	24	static
/Users/liam/Documents/nezami_project/code/murata-sdk/Type2BP_SDK_UWBIOT_SR150_v04.06.05_MCUx/UWBIOT_SR150_v04.06.05_MCUx/uwbiot-top/libs/uwb-iot/uwb_api/Api/UwbApi.c:2450:24:UwbApi_SetControllerHusSession	16	static
/Users/liam/Documents/nezami_project/code/murata-sdk/Type2BP_SDK_UWBIOT_SR150_v04.06.05_MCUx/UWBIOT_SR150_v04.06.05_MCUx/uwbiot-top/libs/uwb-iot/uwb_api/Api/UwbApi.c:2493:24:UwbApi_SetControleeHusSession	16	static
/Users/liam/Documents/nezami_project/code/murata-sdk/Type2BP_SDK_UWBIOT_SR150_v04.06.05_MCUx/UWBIOT_SR150_v04.06.05_MCUx/uwbiot-top/libs/uwb-iot/uwb_api/Api/UwbApi.c:2534:24:UwbApi_SessionDataTxPhaseConfig	16	static
