C:/Users/lr228/UWBIOT_SR150_LiamRoth/uwbiot-top/ext/freertos/portable/GCC/ARM_CM4FQN9090/port.c:194:13:prvTaskExitError	8	static
C:/Users/lr228/UWBIOT_SR150_LiamRoth/uwbiot-top/ext/freertos/portable/GCC/ARM_CM4FQN9090/port.c:239:13:prvPortStartFirstTask	0	static
C:/Users/lr228/UWBIOT_SR150_LiamRoth/uwbiot-top/ext/freertos/portable/GCC/ARM_CM4FQN9090/port.c:176:14:pxPortInitialiseStack	0	static
C:/Users/lr228/UWBIOT_SR150_LiamRoth/uwbiot-top/ext/freertos/portable/GCC/ARM_CM4FQN9090/port.c:219:6:SVC_Handler	0	static
C:/Users/lr228/UWBIOT_SR150_LiamRoth/uwbiot-top/ext/freertos/portable/GCC/ARM_CM4FQN9090/port.c:355:6:vPortEndScheduler	0	static
C:/Users/lr228/UWBIOT_SR150_LiamRoth/uwbiot-top/ext/freertos/portable/GCC/ARM_CM4FQN9090/port.c:363:6:vPortEnterCritical	0	static
C:/Users/lr228/UWBIOT_SR150_LiamRoth/uwbiot-top/ext/freertos/portable/GCC/ARM_CM4FQN9090/port.c:380:6:vPortExitCritical	0	static
C:/Users/lr228/UWBIOT_SR150_LiamRoth/uwbiot-top/ext/freertos/portable/GCC/ARM_CM4FQN9090/port.c:391:6:PendSV_Handler	0	static
C:/Users/lr228/UWBIOT_SR150_LiamRoth/uwbiot-top/ext/freertos/portable/GCC/ARM_CM4FQN9090/port.c:428:6:SysTick_Handler	8	static
C:/Users/lr228/UWBIOT_SR150_LiamRoth/uwbiot-top/ext/freertos/portable/GCC/ARM_CM4FQN9090/port.c:619:30:vPortSetupTimerInterrupt	0	static
C:/Users/lr228/UWBIOT_SR150_LiamRoth/uwbiot-top/ext/freertos/portable/GCC/ARM_CM4FQN9090/port.c:259:12:xPortStartScheduler	16	static
C:/Users/lr228/UWBIOT_SR150_LiamRoth/uwbiot-top/ext/freertos/portable/GCC/ARM_CM4FQN9090/port.c:642:7:vPortValidateInterruptPriority	0	static
