C:/Users/lr228/UWBIOT_SR150_LiamRoth/uwbiot-top/ext/boards/qn9090/bluetooth/framework/GPIO/source/GPIO.c:165:13:GPIO_FlashTimeout	0	static
C:/Users/lr228/UWBIOT_SR150_LiamRoth/uwbiot-top/ext/boards/qn9090/bluetooth/framework/GPIO/source/GPIO.c:48:6:GPIO_InitTimer	8	static
C:/Users/lr228/UWBIOT_SR150_LiamRoth/uwbiot-top/ext/boards/qn9090/bluetooth/framework/GPIO/source/GPIO.c:64:6:GPIO_UnInitTimer	8	static
C:/Users/lr228/UWBIOT_SR150_LiamRoth/uwbiot-top/ext/boards/qn9090/bluetooth/framework/GPIO/source/GPIO.c:98:10:GPIO_Get	0	static
C:/Users/lr228/UWBIOT_SR150_LiamRoth/uwbiot-top/ext/boards/qn9090/bluetooth/framework/GPIO/source/GPIO.c:109:6:GPIO_StartFlashWithPeriod	8	static
C:/Users/lr228/UWBIOT_SR150_LiamRoth/uwbiot-top/ext/boards/qn9090/bluetooth/framework/GPIO/source/GPIO.c:135:6:GPIO_StopFlash	8	static
C:/Users/lr228/UWBIOT_SR150_LiamRoth/uwbiot-top/ext/boards/qn9090/bluetooth/framework/GPIO/source/GPIO.c:80:6:GPIO_Set	16	static
