/Users/liam/Documents/nezami_project/code/murata-sdk/Type2BP_SDK_UWBIOT_SR150_v04.06.05_MCUx/UWBIOT_SR150_v04.06.05_MCUx/uwbiot-top/se_mw/se_hostlib/hostLib/fira/src/sus_APDU.c:405:19:select_applet	152	static
/Users/liam/Documents/nezami_project/code/murata-sdk/Type2BP_SDK_UWBIOT_SR150_v04.06.05_MCUx/UWBIOT_SR150_v04.06.05_MCUx/uwbiot-top/se_mw/se_hostlib/hostLib/fira/src/sus_APDU.c:57:12:SUS_API_Init	136	static
/Users/liam/Documents/nezami_project/code/murata-sdk/Type2BP_SDK_UWBIOT_SR150_v04.06.05_MCUx/UWBIOT_SR150_v04.06.05_MCUx/uwbiot-top/se_mw/se_hostlib/hostLib/fira/src/sus_APDU.c:117:12:SUS_API_GetData	168	static
/Users/liam/Documents/nezami_project/code/murata-sdk/Type2BP_SDK_UWBIOT_SR150_v04.06.05_MCUx/UWBIOT_SR150_v04.06.05_MCUx/uwbiot-top/se_mw/se_hostlib/hostLib/fira/src/sus_APDU.c:164:12:SUS_API_InitiateBinding	184	static
/Users/liam/Documents/nezami_project/code/murata-sdk/Type2BP_SDK_UWBIOT_SR150_v04.06.05_MCUx/UWBIOT_SR150_v04.06.05_MCUx/uwbiot-top/se_mw/se_hostlib/hostLib/fira/src/sus_APDU.c:246:12:SUS_API_WrapData	328	static
