/Users/liam/Documents/nezami_project/code/murata-sdk/Type2BP_SDK_UWBIOT_SR150_v04.06.05_MCUx/UWBIOT_SR150_LiamRoth/uwbiot-top/libs/uwb-iot/uwb_api/Api/SR1XX/UwbApi_Proprietary_Internal.c:1194:13:handle_schedstatus_ntf	280	static
/Users/liam/Documents/nezami_project/code/murata-sdk/Type2BP_SDK_UWBIOT_SR150_v04.06.05_MCUx/UWBIOT_SR150_LiamRoth/uwbiot-top/libs/uwb-iot/uwb_api/Api/SR1XX/UwbApi_Proprietary_Internal.c:1287:13:handle_debug_ntf	4120	static
/Users/liam/Documents/nezami_project/code/murata-sdk/Type2BP_SDK_UWBIOT_SR150_v04.06.05_MCUx/UWBIOT_SR150_LiamRoth/uwbiot-top/libs/uwb-iot/uwb_api/Api/SR1XX/UwbApi_Proprietary_Internal.c:1327:13:handle_rframe_log_ntf	2328	static
/Users/liam/Documents/nezami_project/code/murata-sdk/Type2BP_SDK_UWBIOT_SR150_v04.06.05_MCUx/UWBIOT_SR150_LiamRoth/uwbiot-top/libs/uwb-iot/uwb_api/Api/SR1XX/UwbApi_Proprietary_Internal.c:116:16:DebugConfig_TlvParser	0	static
/Users/liam/Documents/nezami_project/code/murata-sdk/Type2BP_SDK_UWBIOT_SR150_v04.06.05_MCUx/UWBIOT_SR150_LiamRoth/uwbiot-top/libs/uwb-iot/uwb_api/Api/SR1XX/UwbApi_Proprietary_Internal.c:163:9:getVendorAppConfigTLVBuffer	24	static
/Users/liam/Documents/nezami_project/code/murata-sdk/Type2BP_SDK_UWBIOT_SR150_v04.06.05_MCUx/UWBIOT_SR150_LiamRoth/uwbiot-top/libs/uwb-iot/uwb_api/Api/SR1XX/UwbApi_Proprietary_Internal.c:344:9:getExtTestConfigTLVBuffer	0	static
/Users/liam/Documents/nezami_project/code/murata-sdk/Type2BP_SDK_UWBIOT_SR150_v04.06.05_MCUx/UWBIOT_SR150_LiamRoth/uwbiot-top/libs/uwb-iot/uwb_api/Api/SR1XX/UwbApi_Proprietary_Internal.c:383:9:getExtDeviceConfigTLVBuffer	0	static
/Users/liam/Documents/nezami_project/code/murata-sdk/Type2BP_SDK_UWBIOT_SR150_v04.06.05_MCUx/UWBIOT_SR150_LiamRoth/uwbiot-top/libs/uwb-iot/uwb_api/Api/SR1XX/UwbApi_Proprietary_Internal.c:424:9:getVendorDebugConfigTLVBuffer	8	static
/Users/liam/Documents/nezami_project/code/murata-sdk/Type2BP_SDK_UWBIOT_SR150_v04.06.05_MCUx/UWBIOT_SR150_LiamRoth/uwbiot-top/libs/uwb-iot/uwb_api/Api/SR1XX/UwbApi_Proprietary_Internal.c:502:9:parseCapabilityCCCParams	24	static
/Users/liam/Documents/nezami_project/code/murata-sdk/Type2BP_SDK_UWBIOT_SR150_v04.06.05_MCUx/UWBIOT_SR150_LiamRoth/uwbiot-top/libs/uwb-iot/uwb_api/Api/SR1XX/UwbApi_Proprietary_Internal.c:572:9:parseDeviceInfo	48	static
/Users/liam/Documents/nezami_project/code/murata-sdk/Type2BP_SDK_UWBIOT_SR150_v04.06.05_MCUx/UWBIOT_SR150_LiamRoth/uwbiot-top/libs/uwb-iot/uwb_api/Api/SR1XX/UwbApi_Proprietary_Internal.c:764:6:parseDebugParams	24	static
/Users/liam/Documents/nezami_project/code/murata-sdk/Type2BP_SDK_UWBIOT_SR150_v04.06.05_MCUx/UWBIOT_SR150_LiamRoth/uwbiot-top/libs/uwb-iot/uwb_api/Api/SR1XX/UwbApi_Proprietary_Internal.c:830:9:getExtCoreDeviceConfigTLVBuffer	8	static
/Users/liam/Documents/nezami_project/code/murata-sdk/Type2BP_SDK_UWBIOT_SR150_v04.06.05_MCUx/UWBIOT_SR150_LiamRoth/uwbiot-top/libs/uwb-iot/uwb_api/Api/SR1XX/UwbApi_Proprietary_Internal.c:1024:6:parseExtGetDeviceConfigResponse	16	static
/Users/liam/Documents/nezami_project/code/murata-sdk/Type2BP_SDK_UWBIOT_SR150_v04.06.05_MCUx/UWBIOT_SR150_LiamRoth/uwbiot-top/libs/uwb-iot/uwb_api/Api/SR1XX/UwbApi_Proprietary_Internal.c:1153:6:parseExtGetCalibResponse	16	static
/Users/liam/Documents/nezami_project/code/murata-sdk/Type2BP_SDK_UWBIOT_SR150_v04.06.05_MCUx/UWBIOT_SR150_LiamRoth/uwbiot-top/libs/uwb-iot/uwb_api/Api/SR1XX/UwbApi_Proprietary_Internal.c:1480:25:processProprietaryNtf	32	static
/Users/liam/Documents/nezami_project/code/murata-sdk/Type2BP_SDK_UWBIOT_SR150_v04.06.05_MCUx/UWBIOT_SR150_LiamRoth/uwbiot-top/libs/uwb-iot/uwb_api/Api/SR1XX/UwbApi_Proprietary_Internal.c:1540:25:processVendorNtf	24	static
/Users/liam/Documents/nezami_project/code/murata-sdk/Type2BP_SDK_UWBIOT_SR150_v04.06.05_MCUx/UWBIOT_SR150_LiamRoth/uwbiot-top/libs/uwb-iot/uwb_api/Api/SR1XX/UwbApi_Proprietary_Internal.c:1597:25:processProprietarySeNtf	24	static
/Users/liam/Documents/nezami_project/code/murata-sdk/Type2BP_SDK_UWBIOT_SR150_v04.06.05_MCUx/UWBIOT_SR150_LiamRoth/uwbiot-top/libs/uwb-iot/uwb_api/Api/SR1XX/UwbApi_Proprietary_Internal.c:1628:25:processInternalNtf	16	static
/Users/liam/Documents/nezami_project/code/murata-sdk/Type2BP_SDK_UWBIOT_SR150_v04.06.05_MCUx/UWBIOT_SR150_LiamRoth/uwbiot-top/libs/uwb-iot/uwb_api/Api/SR1XX/UwbApi_Proprietary_Internal.c:1662:6:extDeviceManagementCallback	24	static
/Users/liam/Documents/nezami_project/code/murata-sdk/Type2BP_SDK_UWBIOT_SR150_v04.06.05_MCUx/UWBIOT_SR150_LiamRoth/uwbiot-top/libs/uwb-iot/uwb_api/Api/SR1XX/UwbApi_Proprietary_Internal.c:1729:16:setDefaultCoreConfigs	88	static
