C:/Users/lr228/UWBIOT_SR150_LiamRoth/uwbiot-top/libs/uwb-iot/uwb_api/Api/SR1XX/UwbApi_Proprietary.c:51:24:UwbApi_GetDeviceInfo	16	static
C:/Users/lr228/UWBIOT_SR150_LiamRoth/uwbiot-top/libs/uwb-iot/uwb_api/Api/SR1XX/UwbApi_Proprietary.c:98:24:UwbApi_DoVcoPllCalibration	16	static
C:/Users/lr228/UWBIOT_SR150_LiamRoth/uwbiot-top/libs/uwb-iot/uwb_api/Api/SR1XX/UwbApi_Proprietary.c:167:24:UwbApi_SetCalibration	32	static
C:/Users/lr228/UWBIOT_SR150_LiamRoth/uwbiot-top/libs/uwb-iot/uwb_api/Api/SR1XX/UwbApi_Proprietary.c:276:24:UwbApi_GetCalibration	24	static
C:/Users/lr228/UWBIOT_SR150_LiamRoth/uwbiot-top/libs/uwb-iot/uwb_api/Api/SR1XX/UwbApi_Proprietary.c:427:24:UwbApi_SetDebugParams	320	static
C:/Users/lr228/UWBIOT_SR150_LiamRoth/uwbiot-top/libs/uwb-iot/uwb_api/Api/SR1XX/UwbApi_Proprietary.c:538:24:UwbApi_GetDebugParams	24	static
C:/Users/lr228/UWBIOT_SR150_LiamRoth/uwbiot-top/libs/uwb-iot/uwb_api/Api/SR1XX/UwbApi_Proprietary.c:653:24:UwbApi_PerformBinding	8	static
C:/Users/lr228/UWBIOT_SR150_LiamRoth/uwbiot-top/libs/uwb-iot/uwb_api/Api/SR1XX/UwbApi_Proprietary.c:672:24:UwbApi_PerformLocking	8	static
C:/Users/lr228/UWBIOT_SR150_LiamRoth/uwbiot-top/libs/uwb-iot/uwb_api/Api/SR1XX/UwbApi_Proprietary.c:694:24:UwbApi_SetAppConfigWrappedRDS	24	static
C:/Users/lr228/UWBIOT_SR150_LiamRoth/uwbiot-top/libs/uwb-iot/uwb_api/Api/SR1XX/UwbApi_Proprietary.c:755:24:UwbApi_WriteOtpCalibDataCmd	64	static
C:/Users/lr228/UWBIOT_SR150_LiamRoth/uwbiot-top/libs/uwb-iot/uwb_api/Api/SR1XX/UwbApi_Proprietary.c:923:24:UwbApi_ReadOtpCalibDataCmd	48	static
C:/Users/lr228/UWBIOT_SR150_LiamRoth/uwbiot-top/libs/uwb-iot/uwb_api/Api/SR1XX/UwbApi_Proprietary.c:1082:24:UwbApi_ReadOtpCmd	16	static
C:/Users/lr228/UWBIOT_SR150_LiamRoth/uwbiot-top/libs/uwb-iot/uwb_api/Api/SR1XX/UwbApi_Proprietary.c:1349:24:UwbApi_GetBindingCount	16	static
C:/Users/lr228/UWBIOT_SR150_LiamRoth/uwbiot-top/libs/uwb-iot/uwb_api/Api/SR1XX/UwbApi_Proprietary.c:1660:24:UwbApi_QueryTemperature	16	static
C:/Users/lr228/UWBIOT_SR150_LiamRoth/uwbiot-top/libs/uwb-iot/uwb_api/Api/SR1XX/UwbApi_Proprietary.c:1835:24:UwbApi_QueryUwbTimestamp	16	static
C:/Users/lr228/UWBIOT_SR150_LiamRoth/uwbiot-top/libs/uwb-iot/uwb_api/Api/SR1XX/UwbApi_Proprietary.c:1897:16:UwbApi_UpdateActiveRoundsAnchor	32	static
C:/Users/lr228/UWBIOT_SR150_LiamRoth/uwbiot-top/libs/uwb-iot/uwb_api/Api/SR1XX/UwbApi_Proprietary.c:1974:16:UwbApi_UpdateActiveRoundsReceiver	24	static
C:/Users/lr228/UWBIOT_SR150_LiamRoth/uwbiot-top/libs/uwb-iot/uwb_api/Api/SR1XX/UwbApi_Proprietary.c:2027:16:UwbApi_GetFwCrashLog	16	static
C:/Users/lr228/UWBIOT_SR150_LiamRoth/uwbiot-top/libs/uwb-iot/uwb_api/Api/SR1XX/UwbApi_Proprietary.c:2051:16:UwbApi_SetDefaultCoreConfigs	8	static
C:/Users/lr228/UWBIOT_SR150_LiamRoth/uwbiot-top/libs/uwb-iot/uwb_api/Api/SR1XX/UwbApi_Proprietary.c:2073:16:UwbApi_ConfigureData_iOS	32	static
C:/Users/lr228/UWBIOT_SR150_LiamRoth/uwbiot-top/libs/uwb-iot/uwb_api/Api/SR1XX/UwbApi_Proprietary.c:2155:16:UwbApi_ConfigureData_Android	200	static
C:/Users/lr228/UWBIOT_SR150_LiamRoth/uwbiot-top/libs/uwb-iot/uwb_api/Api/SR1XX/UwbApi_Proprietary.c:2357:16:UwbApi_SessionSetLocZone	16	static
