/Users/liam/Documents/nezami_project/code/murata-sdk/Type2BP_SDK_UWBIOT_SR150_v04.06.05_MCUx/UWBIOT_SR150_v04.06.05_MCUx/uwbiot-top/demos/pnp/UWB_Spi_Driver_Interface_Sr1xx_Sr2xx.c:29:13:UWB_HeliosSpiInit	8	static
/Users/liam/Documents/nezami_project/code/murata-sdk/Type2BP_SDK_UWBIOT_SR150_v04.06.05_MCUx/UWBIOT_SR150_v04.06.05_MCUx/uwbiot-top/demos/pnp/UWB_Spi_Driver_Interface_Sr1xx_Sr2xx.c:38:13:UWB_SpiHbciXfer	16	static
/Users/liam/Documents/nezami_project/code/murata-sdk/Type2BP_SDK_UWBIOT_SR150_v04.06.05_MCUx/UWBIOT_SR150_v04.06.05_MCUx/uwbiot-top/demos/pnp/UWB_Spi_Driver_Interface_Sr1xx_Sr2xx.c:48:13:UWB_SpiHbciXferWithLen	16	static
/Users/liam/Documents/nezami_project/code/murata-sdk/Type2BP_SDK_UWBIOT_SR150_v04.06.05_MCUx/UWBIOT_SR150_v04.06.05_MCUx/uwbiot-top/demos/pnp/UWB_Spi_Driver_Interface_Sr1xx_Sr2xx.c:58:13:UWB_SpiUciRead	16	static
/Users/liam/Documents/nezami_project/code/murata-sdk/Type2BP_SDK_UWBIOT_SR150_v04.06.05_MCUx/UWBIOT_SR150_v04.06.05_MCUx/uwbiot-top/demos/pnp/UWB_Spi_Driver_Interface_Sr1xx_Sr2xx.c:68:13:UWB_SpiUciWrite	8	static
/Users/liam/Documents/nezami_project/code/murata-sdk/Type2BP_SDK_UWBIOT_SR150_v04.06.05_MCUx/UWBIOT_SR150_v04.06.05_MCUx/uwbiot-top/demos/pnp/UWB_Spi_Driver_Interface_Sr1xx_Sr2xx.c:73:6:hbci_GPIOwait_ready	24	static
/Users/liam/Documents/nezami_project/code/murata-sdk/Type2BP_SDK_UWBIOT_SR150_v04.06.05_MCUx/UWBIOT_SR150_v04.06.05_MCUx/uwbiot-top/demos/pnp/UWB_Spi_Driver_Interface_Sr1xx_Sr2xx.c:82:6:UWB_Uwbs_Interupt_Status	16	static
/Users/liam/Documents/nezami_project/code/murata-sdk/Type2BP_SDK_UWBIOT_SR150_v04.06.05_MCUx/UWBIOT_SR150_v04.06.05_MCUx/uwbiot-top/demos/pnp/UWB_Spi_Driver_Interface_Sr1xx_Sr2xx.c:92:6:UWB_Uwbs_Enable_Interrupt	8	static
/Users/liam/Documents/nezami_project/code/murata-sdk/Type2BP_SDK_UWBIOT_SR150_v04.06.05_MCUx/UWBIOT_SR150_v04.06.05_MCUx/uwbiot-top/demos/pnp/UWB_Spi_Driver_Interface_Sr1xx_Sr2xx.c:109:6:UWB_Tml_Set_Mode	8	static
/Users/liam/Documents/nezami_project/code/murata-sdk/Type2BP_SDK_UWBIOT_SR150_v04.06.05_MCUx/UWBIOT_SR150_v04.06.05_MCUx/uwbiot-top/demos/pnp/UWB_Spi_Driver_Interface_Sr1xx_Sr2xx.c:116:13:UWB_Tml_Io_Init	8	static
/Users/liam/Documents/nezami_project/code/murata-sdk/Type2BP_SDK_UWBIOT_SR150_v04.06.05_MCUx/UWBIOT_SR150_v04.06.05_MCUx/uwbiot-top/demos/pnp/UWB_Spi_Driver_Interface_Sr1xx_Sr2xx.c:125:13:UWB_Tml_Io_Set	8	static
