C:/Users/lr228/UWBIOT_SR150_LiamRoth/uwbiot-top/libs/uwb-iot/uwb_core/adaptation/UwbAdaptation.c:157:20:HalApplyVendorConfigs	8	static
C:/Users/lr228/UWBIOT_SR150_LiamRoth/uwbiot-top/libs/uwb-iot/uwb_core/adaptation/UwbAdaptation.c:237:20:HalIoctl	8	static
C:/Users/lr228/UWBIOT_SR150_LiamRoth/uwbiot-top/libs/uwb-iot/uwb_core/adaptation/UwbAdaptation.c:202:13:HalWrite	8	static
C:/Users/lr228/UWBIOT_SR150_LiamRoth/uwbiot-top/libs/uwb-iot/uwb_core/adaptation/UwbAdaptation.c:188:13:HalClose	8	static
C:/Users/lr228/UWBIOT_SR150_LiamRoth/uwbiot-top/libs/uwb-iot/uwb_core/adaptation/UwbAdaptation.c:174:13:HalOpen	8	static
C:/Users/lr228/UWBIOT_SR150_LiamRoth/uwbiot-top/libs/uwb-iot/uwb_core/adaptation/UwbAdaptation.c:49:10:StartUwbTask	40	static
C:/Users/lr228/UWBIOT_SR150_LiamRoth/uwbiot-top/libs/uwb-iot/uwb_core/adaptation/UwbAdaptation.c:68:6:phUwb_OSAL_send_msg	24	static
C:/Users/lr228/UWBIOT_SR150_LiamRoth/uwbiot-top/libs/uwb-iot/uwb_core/adaptation/UwbAdaptation.c:103:6:Initialize	16	static
C:/Users/lr228/UWBIOT_SR150_LiamRoth/uwbiot-top/libs/uwb-iot/uwb_core/adaptation/UwbAdaptation.c:122:6:Finalize	8	static
C:/Users/lr228/UWBIOT_SR150_LiamRoth/uwbiot-top/libs/uwb-iot/uwb_core/adaptation/UwbAdaptation.c:142:23:GetHalEntryFuncs	0	static
C:/Users/lr228/UWBIOT_SR150_LiamRoth/uwbiot-top/libs/uwb-iot/uwb_core/adaptation/UwbAdaptation.c:216:6:HalRegisterAppCallback	8	static
C:/Users/lr228/UWBIOT_SR150_LiamRoth/uwbiot-top/libs/uwb-iot/uwb_core/adaptation/UwbAdaptation.c:253:13:UwbDeviceInit	8	static
C:/Users/lr228/UWBIOT_SR150_LiamRoth/uwbiot-top/libs/uwb-iot/uwb_core/adaptation/UwbAdaptation.c:272:6:isCmdRespPending	0	static
C:/Users/lr228/UWBIOT_SR150_LiamRoth/uwbiot-top/libs/uwb-iot/uwb_core/adaptation/UwbAdaptation.c:288:6:Hal_setOperationMode	8	static
