C:/Users/lr228/UWBIOT_SR150_LiamRoth/uwbiot-top/ext/boards/qn9090/components/serial_manager/serial_port_swo.c:42:25:Serial_SwoInit	16	static
C:/Users/lr228/UWBIOT_SR150_LiamRoth/uwbiot-top/ext/boards/qn9090/components/serial_manager/serial_port_swo.c:102:25:Serial_SwoDeinit	8	static
C:/Users/lr228/UWBIOT_SR150_LiamRoth/uwbiot-top/ext/boards/qn9090/components/serial_manager/serial_port_swo.c:115:25:Serial_SwoWrite	8	static
C:/Users/lr228/UWBIOT_SR150_LiamRoth/uwbiot-top/ext/boards/qn9090/components/serial_manager/serial_port_swo.c:160:25:Serial_SwoRead	0	static
C:/Users/lr228/UWBIOT_SR150_LiamRoth/uwbiot-top/ext/boards/qn9090/components/serial_manager/serial_port_swo.c:166:25:Serial_SwoCancelWrite	0	static
C:/Users/lr228/UWBIOT_SR150_LiamRoth/uwbiot-top/ext/boards/qn9090/components/serial_manager/serial_port_swo.c:171:25:Serial_SwoInstallTxCallback	8	static
C:/Users/lr228/UWBIOT_SR150_LiamRoth/uwbiot-top/ext/boards/qn9090/components/serial_manager/serial_port_swo.c:187:25:Serial_SwoInstallRxCallback	0	static
C:/Users/lr228/UWBIOT_SR150_LiamRoth/uwbiot-top/ext/boards/qn9090/components/serial_manager/serial_port_swo.c:194:6:Serial_SwoIsrFunction	0	static
