/Users/liam/Documents/nezami_project/code/murata-sdk/Type2BP_SDK_UWBIOT_SR150_v04.06.05_MCUx/UWBIOT_SR150_LiamRoth/uwbiot-top/ext/boards/qn9090/bluetooth/bluetooth/profiles/private_profile/private_profile_service.c:52:13:Qpp_Start	0	static
/Users/liam/Documents/nezami_project/code/murata-sdk/Type2BP_SDK_UWBIOT_SR150_v04.06.05_MCUx/UWBIOT_SR150_LiamRoth/uwbiot-top/ext/boards/qn9090/bluetooth/bluetooth/profiles/private_profile/private_profile_service.c:58:13:Qpp_Stop	0	static
/Users/liam/Documents/nezami_project/code/murata-sdk/Type2BP_SDK_UWBIOT_SR150_v04.06.05_MCUx/UWBIOT_SR150_LiamRoth/uwbiot-top/ext/boards/qn9090/bluetooth/bluetooth/profiles/private_profile/private_profile_service.c:64:13:Qpp_Subscribe	0	static
/Users/liam/Documents/nezami_project/code/murata-sdk/Type2BP_SDK_UWBIOT_SR150_v04.06.05_MCUx/UWBIOT_SR150_LiamRoth/uwbiot-top/ext/boards/qn9090/bluetooth/bluetooth/profiles/private_profile/private_profile_service.c:70:13:Qpp_Unsubscribe	0	static
/Users/liam/Documents/nezami_project/code/murata-sdk/Type2BP_SDK_UWBIOT_SR150_v04.06.05_MCUx/UWBIOT_SR150_LiamRoth/uwbiot-top/ext/boards/qn9090/bluetooth/bluetooth/profiles/private_profile/private_profile_service.c:76:13:Qpp_SendData	48	static
/Users/liam/Documents/nezami_project/code/murata-sdk/Type2BP_SDK_UWBIOT_SR150_v04.06.05_MCUx/UWBIOT_SR150_LiamRoth/uwbiot-top/ext/boards/qn9090/bluetooth/bluetooth/profiles/private_profile/private_profile_service.c:102:13:Update_Nearby	40	static
/Users/liam/Documents/nezami_project/code/murata-sdk/Type2BP_SDK_UWBIOT_SR150_v04.06.05_MCUx/UWBIOT_SR150_LiamRoth/uwbiot-top/ext/boards/qn9090/bluetooth/bluetooth/profiles/private_profile/private_profile_service.c:119:13:Erase_Nearby	80	static
