C:/Users/lr228/UWBIOT_SR150_LiamRoth/uwbiot-top/demos/vcom_common/UwbHif.c:39:9:UWB_Socket_Init	0	static
C:/Users/lr228/UWBIOT_SR150_LiamRoth/uwbiot-top/demos/vcom_common/UwbHif.c:43:6:UWB_Socket_DeInit	0	static
C:/Users/lr228/UWBIOT_SR150_LiamRoth/uwbiot-top/demos/vcom_common/UwbHif.c:46:10:UWB_Socket_SendRsp	0	static
C:/Users/lr228/UWBIOT_SR150_LiamRoth/uwbiot-top/demos/vcom_common/UwbHif.c:52:6:HifSetMode	0	static
C:/Users/lr228/UWBIOT_SR150_LiamRoth/uwbiot-top/demos/vcom_common/UwbHif.c:58:13:HifGetMode	0	static
C:/Users/lr228/UWBIOT_SR150_LiamRoth/uwbiot-top/demos/vcom_common/UwbHif.c:63:10:UWB_Hif_SendRsp	8	static
C:/Users/lr228/UWBIOT_SR150_LiamRoth/uwbiot-top/demos/vcom_common/UwbHif.c:73:10:getUciPktSize	0	static
C:/Users/lr228/UWBIOT_SR150_LiamRoth/uwbiot-top/demos/vcom_common/UwbHif.c:120:6:Uwb_Hif_ReadDataCb	40	static
C:/Users/lr228/UWBIOT_SR150_LiamRoth/uwbiot-top/demos/vcom_common/UwbHif.c:94:23:UWB_HIFTask	24	static
C:/Users/lr228/UWBIOT_SR150_LiamRoth/uwbiot-top/demos/vcom_common/UwbHif.c:162:6:HifInit	8	static
C:/Users/lr228/UWBIOT_SR150_LiamRoth/uwbiot-top/demos/vcom_common/UwbHif.c:197:6:HifDeInit	8	static
