/Users/liam/Documents/nezami_project/code/murata-sdk/Type2BP_SDK_UWBIOT_SR150_v04.06.05_MCUx/UWBIOT_SR150_v04.06.05_MCUx/uwbiot-top/se_mw/sss/src/mbedtls/fsl_sss_mbedtls_apis.c:2952:21:sss_mbedtls_set_key	4168	static
/Users/liam/Documents/nezami_project/code/murata-sdk/Type2BP_SDK_UWBIOT_SR150_v04.06.05_MCUx/UWBIOT_SR150_v04.06.05_MCUx/uwbiot-top/se_mw/sss/src/mbedtls/fsl_sss_mbedtls_apis.c:1153:26:sss_mbedtls_set_padding_get_hash	8	static
/Users/liam/Documents/nezami_project/code/murata-sdk/Type2BP_SDK_UWBIOT_SR150_v04.06.05_MCUx/UWBIOT_SR150_v04.06.05_MCUx/uwbiot-top/se_mw/sss/src/mbedtls/fsl_sss_mbedtls_apis.c:96:14:sss_mbedtls_session_create	0	static
/Users/liam/Documents/nezami_project/code/murata-sdk/Type2BP_SDK_UWBIOT_SR150_v04.06.05_MCUx/UWBIOT_SR150_v04.06.05_MCUx/uwbiot-top/se_mw/sss/src/mbedtls/fsl_sss_mbedtls_apis.c:113:14:sss_mbedtls_session_open	24	static
/Users/liam/Documents/nezami_project/code/murata-sdk/Type2BP_SDK_UWBIOT_SR150_v04.06.05_MCUx/UWBIOT_SR150_v04.06.05_MCUx/uwbiot-top/se_mw/sss/src/mbedtls/fsl_sss_mbedtls_apis.c:163:14:sss_mbedtls_session_prop_get_u32	0	static
/Users/liam/Documents/nezami_project/code/murata-sdk/Type2BP_SDK_UWBIOT_SR150_v04.06.05_MCUx/UWBIOT_SR150_v04.06.05_MCUx/uwbiot-top/se_mw/sss/src/mbedtls/fsl_sss_mbedtls_apis.c:173:14:sss_mbedtls_session_prop_get_au8	0	static
/Users/liam/Documents/nezami_project/code/murata-sdk/Type2BP_SDK_UWBIOT_SR150_v04.06.05_MCUx/UWBIOT_SR150_v04.06.05_MCUx/uwbiot-top/se_mw/sss/src/mbedtls/fsl_sss_mbedtls_apis.c:185:6:sss_mbedtls_session_close	8	static
/Users/liam/Documents/nezami_project/code/murata-sdk/Type2BP_SDK_UWBIOT_SR150_v04.06.05_MCUx/UWBIOT_SR150_v04.06.05_MCUx/uwbiot-top/se_mw/sss/src/mbedtls/fsl_sss_mbedtls_apis.c:196:6:sss_mbedtls_session_delete	0	static
/Users/liam/Documents/nezami_project/code/murata-sdk/Type2BP_SDK_UWBIOT_SR150_v04.06.05_MCUx/UWBIOT_SR150_v04.06.05_MCUx/uwbiot-top/se_mw/sss/src/mbedtls/fsl_sss_mbedtls_apis.c:207:14:sss_mbedtls_key_object_init	24	static
/Users/liam/Documents/nezami_project/code/murata-sdk/Type2BP_SDK_UWBIOT_SR150_v04.06.05_MCUx/UWBIOT_SR150_v04.06.05_MCUx/uwbiot-top/se_mw/sss/src/mbedtls/fsl_sss_mbedtls_apis.c:282:14:sss_mbedtls_key_object_get_handle	0	static
/Users/liam/Documents/nezami_project/code/murata-sdk/Type2BP_SDK_UWBIOT_SR150_v04.06.05_MCUx/UWBIOT_SR150_v04.06.05_MCUx/uwbiot-top/se_mw/sss/src/mbedtls/fsl_sss_mbedtls_apis.c:315:14:sss_mbedtls_key_object_set_user	16	static
/Users/liam/Documents/nezami_project/code/murata-sdk/Type2BP_SDK_UWBIOT_SR150_v04.06.05_MCUx/UWBIOT_SR150_v04.06.05_MCUx/uwbiot-top/se_mw/sss/src/mbedtls/fsl_sss_mbedtls_apis.c:326:14:sss_mbedtls_key_object_set_purpose	16	static
/Users/liam/Documents/nezami_project/code/murata-sdk/Type2BP_SDK_UWBIOT_SR150_v04.06.05_MCUx/UWBIOT_SR150_v04.06.05_MCUx/uwbiot-top/se_mw/sss/src/mbedtls/fsl_sss_mbedtls_apis.c:337:14:sss_mbedtls_key_object_set_access	16	static
/Users/liam/Documents/nezami_project/code/murata-sdk/Type2BP_SDK_UWBIOT_SR150_v04.06.05_MCUx/UWBIOT_SR150_v04.06.05_MCUx/uwbiot-top/se_mw/sss/src/mbedtls/fsl_sss_mbedtls_apis.c:349:14:sss_mbedtls_key_object_set_eccgfp_group	0	static
/Users/liam/Documents/nezami_project/code/murata-sdk/Type2BP_SDK_UWBIOT_SR150_v04.06.05_MCUx/UWBIOT_SR150_v04.06.05_MCUx/uwbiot-top/se_mw/sss/src/mbedtls/fsl_sss_mbedtls_apis.c:358:14:sss_mbedtls_key_object_get_user	0	static
/Users/liam/Documents/nezami_project/code/murata-sdk/Type2BP_SDK_UWBIOT_SR150_v04.06.05_MCUx/UWBIOT_SR150_v04.06.05_MCUx/uwbiot-top/se_mw/sss/src/mbedtls/fsl_sss_mbedtls_apis.c:365:14:sss_mbedtls_key_object_get_purpose	0	static
/Users/liam/Documents/nezami_project/code/murata-sdk/Type2BP_SDK_UWBIOT_SR150_v04.06.05_MCUx/UWBIOT_SR150_v04.06.05_MCUx/uwbiot-top/se_mw/sss/src/mbedtls/fsl_sss_mbedtls_apis.c:372:14:sss_mbedtls_key_object_get_access	0	static
/Users/liam/Documents/nezami_project/code/murata-sdk/Type2BP_SDK_UWBIOT_SR150_v04.06.05_MCUx/UWBIOT_SR150_v04.06.05_MCUx/uwbiot-top/se_mw/sss/src/mbedtls/fsl_sss_mbedtls_apis.c:380:6:sss_mbedtls_key_object_free	16	static
/Users/liam/Documents/nezami_project/code/murata-sdk/Type2BP_SDK_UWBIOT_SR150_v04.06.05_MCUx/UWBIOT_SR150_v04.06.05_MCUx/uwbiot-top/se_mw/sss/src/mbedtls/fsl_sss_mbedtls_apis.c:419:14:sss_mbedtls_derive_key_context_init	16	static
/Users/liam/Documents/nezami_project/code/murata-sdk/Type2BP_SDK_UWBIOT_SR150_v04.06.05_MCUx/UWBIOT_SR150_v04.06.05_MCUx/uwbiot-top/se_mw/sss/src/mbedtls/fsl_sss_mbedtls_apis.c:442:14:sss_mbedtls_derive_key_one_go	0	static
/Users/liam/Documents/nezami_project/code/murata-sdk/Type2BP_SDK_UWBIOT_SR150_v04.06.05_MCUx/UWBIOT_SR150_v04.06.05_MCUx/uwbiot-top/se_mw/sss/src/mbedtls/fsl_sss_mbedtls_apis.c:493:14:sss_mbedtls_derive_key_go	0	static
/Users/liam/Documents/nezami_project/code/murata-sdk/Type2BP_SDK_UWBIOT_SR150_v04.06.05_MCUx/UWBIOT_SR150_v04.06.05_MCUx/uwbiot-top/se_mw/sss/src/mbedtls/fsl_sss_mbedtls_apis.c:569:14:sss_mbedtls_derive_key_dh	56	static
/Users/liam/Documents/nezami_project/code/murata-sdk/Type2BP_SDK_UWBIOT_SR150_v04.06.05_MCUx/UWBIOT_SR150_v04.06.05_MCUx/uwbiot-top/se_mw/sss/src/mbedtls/fsl_sss_mbedtls_apis.c:670:6:sss_mbedtls_derive_key_context_free	8	static
/Users/liam/Documents/nezami_project/code/murata-sdk/Type2BP_SDK_UWBIOT_SR150_v04.06.05_MCUx/UWBIOT_SR150_v04.06.05_MCUx/uwbiot-top/se_mw/sss/src/mbedtls/fsl_sss_mbedtls_apis.c:681:14:sss_mbedtls_key_store_context_init	24	static
/Users/liam/Documents/nezami_project/code/murata-sdk/Type2BP_SDK_UWBIOT_SR150_v04.06.05_MCUx/UWBIOT_SR150_v04.06.05_MCUx/uwbiot-top/se_mw/sss/src/mbedtls/fsl_sss_mbedtls_apis.c:694:14:sss_mbedtls_key_store_allocate	16	static
/Users/liam/Documents/nezami_project/code/murata-sdk/Type2BP_SDK_UWBIOT_SR150_v04.06.05_MCUx/UWBIOT_SR150_v04.06.05_MCUx/uwbiot-top/se_mw/sss/src/mbedtls/fsl_sss_mbedtls_apis.c:724:14:sss_mbedtls_key_store_save	16	static
/Users/liam/Documents/nezami_project/code/murata-sdk/Type2BP_SDK_UWBIOT_SR150_v04.06.05_MCUx/UWBIOT_SR150_v04.06.05_MCUx/uwbiot-top/se_mw/sss/src/mbedtls/fsl_sss_mbedtls_apis.c:745:14:sss_mbedtls_key_store_load	16	static
/Users/liam/Documents/nezami_project/code/murata-sdk/Type2BP_SDK_UWBIOT_SR150_v04.06.05_MCUx/UWBIOT_SR150_v04.06.05_MCUx/uwbiot-top/se_mw/sss/src/mbedtls/fsl_sss_mbedtls_apis.c:769:14:sss_mbedtls_key_store_set_key	16	static
/Users/liam/Documents/nezami_project/code/murata-sdk/Type2BP_SDK_UWBIOT_SR150_v04.06.05_MCUx/UWBIOT_SR150_v04.06.05_MCUx/uwbiot-top/se_mw/sss/src/mbedtls/fsl_sss_mbedtls_apis.c:793:14:sss_mbedtls_key_store_generate_key	0	static
/Users/liam/Documents/nezami_project/code/murata-sdk/Type2BP_SDK_UWBIOT_SR150_v04.06.05_MCUx/UWBIOT_SR150_v04.06.05_MCUx/uwbiot-top/se_mw/sss/src/mbedtls/fsl_sss_mbedtls_apis.c:840:14:sss_mbedtls_key_store_get_key	1632	static
/Users/liam/Documents/nezami_project/code/murata-sdk/Type2BP_SDK_UWBIOT_SR150_v04.06.05_MCUx/UWBIOT_SR150_v04.06.05_MCUx/uwbiot-top/se_mw/sss/src/mbedtls/fsl_sss_mbedtls_apis.c:462:14:sss_mbedtls_derive_key_sobj_one_go	1056	static
/Users/liam/Documents/nezami_project/code/murata-sdk/Type2BP_SDK_UWBIOT_SR150_v04.06.05_MCUx/UWBIOT_SR150_v04.06.05_MCUx/uwbiot-top/se_mw/sss/src/mbedtls/fsl_sss_mbedtls_apis.c:945:14:sss_mbedtls_key_store_open_key	0	static
/Users/liam/Documents/nezami_project/code/murata-sdk/Type2BP_SDK_UWBIOT_SR150_v04.06.05_MCUx/UWBIOT_SR150_v04.06.05_MCUx/uwbiot-top/se_mw/sss/src/mbedtls/fsl_sss_mbedtls_apis.c:953:14:sss_mbedtls_key_store_freeze_key	0	static
/Users/liam/Documents/nezami_project/code/murata-sdk/Type2BP_SDK_UWBIOT_SR150_v04.06.05_MCUx/UWBIOT_SR150_v04.06.05_MCUx/uwbiot-top/se_mw/sss/src/mbedtls/fsl_sss_mbedtls_apis.c:961:14:sss_mbedtls_key_store_erase_key	0	static
/Users/liam/Documents/nezami_project/code/murata-sdk/Type2BP_SDK_UWBIOT_SR150_v04.06.05_MCUx/UWBIOT_SR150_v04.06.05_MCUx/uwbiot-top/se_mw/sss/src/mbedtls/fsl_sss_mbedtls_apis.c:1005:6:sss_mbedtls_key_store_context_free	8	static
/Users/liam/Documents/nezami_project/code/murata-sdk/Type2BP_SDK_UWBIOT_SR150_v04.06.05_MCUx/UWBIOT_SR150_v04.06.05_MCUx/uwbiot-top/se_mw/sss/src/mbedtls/fsl_sss_mbedtls_apis.c:1032:14:sss_mbedtls_asymmetric_context_init	16	static
/Users/liam/Documents/nezami_project/code/murata-sdk/Type2BP_SDK_UWBIOT_SR150_v04.06.05_MCUx/UWBIOT_SR150_v04.06.05_MCUx/uwbiot-top/se_mw/sss/src/mbedtls/fsl_sss_mbedtls_apis.c:1054:14:sss_mbedtls_asymmetric_encrypt	48	static
/Users/liam/Documents/nezami_project/code/murata-sdk/Type2BP_SDK_UWBIOT_SR150_v04.06.05_MCUx/UWBIOT_SR150_v04.06.05_MCUx/uwbiot-top/se_mw/sss/src/mbedtls/fsl_sss_mbedtls_apis.c:1102:14:sss_mbedtls_asymmetric_decrypt	48	static
/Users/liam/Documents/nezami_project/code/murata-sdk/Type2BP_SDK_UWBIOT_SR150_v04.06.05_MCUx/UWBIOT_SR150_v04.06.05_MCUx/uwbiot-top/se_mw/sss/src/mbedtls/fsl_sss_mbedtls_apis.c:1206:14:sss_mbedtls_asymmetric_sign_digest	40	static
/Users/liam/Documents/nezami_project/code/murata-sdk/Type2BP_SDK_UWBIOT_SR150_v04.06.05_MCUx/UWBIOT_SR150_v04.06.05_MCUx/uwbiot-top/se_mw/sss/src/mbedtls/fsl_sss_mbedtls_apis.c:1234:14:sss_mbedtls_asymmetric_verify_digest	32	static
/Users/liam/Documents/nezami_project/code/murata-sdk/Type2BP_SDK_UWBIOT_SR150_v04.06.05_MCUx/UWBIOT_SR150_v04.06.05_MCUx/uwbiot-top/se_mw/sss/src/mbedtls/fsl_sss_mbedtls_apis.c:1259:6:sss_mbedtls_asymmetric_context_free	8	static
/Users/liam/Documents/nezami_project/code/murata-sdk/Type2BP_SDK_UWBIOT_SR150_v04.06.05_MCUx/UWBIOT_SR150_v04.06.05_MCUx/uwbiot-top/se_mw/sss/src/mbedtls/fsl_sss_mbedtls_apis.c:1270:14:sss_mbedtls_symmetric_context_init	0	static
/Users/liam/Documents/nezami_project/code/murata-sdk/Type2BP_SDK_UWBIOT_SR150_v04.06.05_MCUx/UWBIOT_SR150_v04.06.05_MCUx/uwbiot-top/se_mw/sss/src/mbedtls/fsl_sss_mbedtls_apis.c:1286:14:sss_mbedtls_cipher_one_go	848	static
/Users/liam/Documents/nezami_project/code/murata-sdk/Type2BP_SDK_UWBIOT_SR150_v04.06.05_MCUx/UWBIOT_SR150_v04.06.05_MCUx/uwbiot-top/se_mw/sss/src/mbedtls/fsl_sss_mbedtls_apis.c:1457:14:sss_mbedtls_cipher_one_go_v2	24	static
/Users/liam/Documents/nezami_project/code/murata-sdk/Type2BP_SDK_UWBIOT_SR150_v04.06.05_MCUx/UWBIOT_SR150_v04.06.05_MCUx/uwbiot-top/se_mw/sss/src/mbedtls/fsl_sss_mbedtls_apis.c:1472:14:sss_mbedtls_cipher_init	0	static
/Users/liam/Documents/nezami_project/code/murata-sdk/Type2BP_SDK_UWBIOT_SR150_v04.06.05_MCUx/UWBIOT_SR150_v04.06.05_MCUx/uwbiot-top/se_mw/sss/src/mbedtls/fsl_sss_mbedtls_apis.c:1602:14:sss_mbedtls_cipher_update	0	static
/Users/liam/Documents/nezami_project/code/murata-sdk/Type2BP_SDK_UWBIOT_SR150_v04.06.05_MCUx/UWBIOT_SR150_v04.06.05_MCUx/uwbiot-top/se_mw/sss/src/mbedtls/fsl_sss_mbedtls_apis.c:1688:14:sss_mbedtls_cipher_finish	0	static
/Users/liam/Documents/nezami_project/code/murata-sdk/Type2BP_SDK_UWBIOT_SR150_v04.06.05_MCUx/UWBIOT_SR150_v04.06.05_MCUx/uwbiot-top/se_mw/sss/src/mbedtls/fsl_sss_mbedtls_apis.c:1792:14:sss_mbedtls_cipher_crypt_ctr	320	static
/Users/liam/Documents/nezami_project/code/murata-sdk/Type2BP_SDK_UWBIOT_SR150_v04.06.05_MCUx/UWBIOT_SR150_v04.06.05_MCUx/uwbiot-top/se_mw/sss/src/mbedtls/fsl_sss_mbedtls_apis.c:1831:6:sss_mbedtls_symmetric_context_free	8	static
/Users/liam/Documents/nezami_project/code/murata-sdk/Type2BP_SDK_UWBIOT_SR150_v04.06.05_MCUx/UWBIOT_SR150_v04.06.05_MCUx/uwbiot-top/se_mw/sss/src/mbedtls/fsl_sss_mbedtls_apis.c:1842:14:sss_mbedtls_aead_context_init	16	static
/Users/liam/Documents/nezami_project/code/murata-sdk/Type2BP_SDK_UWBIOT_SR150_v04.06.05_MCUx/UWBIOT_SR150_v04.06.05_MCUx/uwbiot-top/se_mw/sss/src/mbedtls/fsl_sss_mbedtls_apis.c:1878:14:sss_mbedtls_aead_one_go	64	static
/Users/liam/Documents/nezami_project/code/murata-sdk/Type2BP_SDK_UWBIOT_SR150_v04.06.05_MCUx/UWBIOT_SR150_v04.06.05_MCUx/uwbiot-top/se_mw/sss/src/mbedtls/fsl_sss_mbedtls_apis.c:1930:14:sss_mbedtls_aead_init	24	static
/Users/liam/Documents/nezami_project/code/murata-sdk/Type2BP_SDK_UWBIOT_SR150_v04.06.05_MCUx/UWBIOT_SR150_v04.06.05_MCUx/uwbiot-top/se_mw/sss/src/mbedtls/fsl_sss_mbedtls_apis.c:1963:14:sss_mbedtls_aead_update_aad	32	static
/Users/liam/Documents/nezami_project/code/murata-sdk/Type2BP_SDK_UWBIOT_SR150_v04.06.05_MCUx/UWBIOT_SR150_v04.06.05_MCUx/uwbiot-top/se_mw/sss/src/mbedtls/fsl_sss_mbedtls_apis.c:2004:14:sss_mbedtls_aead_update	0	static
/Users/liam/Documents/nezami_project/code/murata-sdk/Type2BP_SDK_UWBIOT_SR150_v04.06.05_MCUx/UWBIOT_SR150_v04.06.05_MCUx/uwbiot-top/se_mw/sss/src/mbedtls/fsl_sss_mbedtls_apis.c:2114:14:sss_mbedtls_aead_finish	0	static
/Users/liam/Documents/nezami_project/code/murata-sdk/Type2BP_SDK_UWBIOT_SR150_v04.06.05_MCUx/UWBIOT_SR150_v04.06.05_MCUx/uwbiot-top/se_mw/sss/src/mbedtls/fsl_sss_mbedtls_apis.c:2236:6:sss_mbedtls_aead_context_free	8	static
/Users/liam/Documents/nezami_project/code/murata-sdk/Type2BP_SDK_UWBIOT_SR150_v04.06.05_MCUx/UWBIOT_SR150_v04.06.05_MCUx/uwbiot-top/se_mw/sss/src/mbedtls/fsl_sss_mbedtls_apis.c:2270:14:sss_mbedtls_mac_context_init	16	static
/Users/liam/Documents/nezami_project/code/murata-sdk/Type2BP_SDK_UWBIOT_SR150_v04.06.05_MCUx/UWBIOT_SR150_v04.06.05_MCUx/uwbiot-top/se_mw/sss/src/mbedtls/fsl_sss_mbedtls_apis.c:2304:14:sss_mbedtls_mac_one_go	104	static
/Users/liam/Documents/nezami_project/code/murata-sdk/Type2BP_SDK_UWBIOT_SR150_v04.06.05_MCUx/UWBIOT_SR150_v04.06.05_MCUx/uwbiot-top/se_mw/sss/src/mbedtls/fsl_sss_mbedtls_apis.c:2453:14:sss_mbedtls_mac_init	32	static
/Users/liam/Documents/nezami_project/code/murata-sdk/Type2BP_SDK_UWBIOT_SR150_v04.06.05_MCUx/UWBIOT_SR150_v04.06.05_MCUx/uwbiot-top/se_mw/sss/src/mbedtls/fsl_sss_mbedtls_apis.c:2555:14:sss_mbedtls_mac_update	16	static
/Users/liam/Documents/nezami_project/code/murata-sdk/Type2BP_SDK_UWBIOT_SR150_v04.06.05_MCUx/UWBIOT_SR150_v04.06.05_MCUx/uwbiot-top/se_mw/sss/src/mbedtls/fsl_sss_mbedtls_apis.c:2593:14:sss_mbedtls_mac_finish	88	static
/Users/liam/Documents/nezami_project/code/murata-sdk/Type2BP_SDK_UWBIOT_SR150_v04.06.05_MCUx/UWBIOT_SR150_v04.06.05_MCUx/uwbiot-top/se_mw/sss/src/mbedtls/fsl_sss_mbedtls_apis.c:2682:6:sss_mbedtls_mac_context_free	8	static
/Users/liam/Documents/nezami_project/code/murata-sdk/Type2BP_SDK_UWBIOT_SR150_v04.06.05_MCUx/UWBIOT_SR150_v04.06.05_MCUx/uwbiot-top/se_mw/sss/src/mbedtls/fsl_sss_mbedtls_apis.c:2704:14:sss_mbedtls_digest_context_init	0	static
/Users/liam/Documents/nezami_project/code/murata-sdk/Type2BP_SDK_UWBIOT_SR150_v04.06.05_MCUx/UWBIOT_SR150_v04.06.05_MCUx/uwbiot-top/se_mw/sss/src/mbedtls/fsl_sss_mbedtls_apis.c:2720:14:sss_mbedtls_digest_one_go	0	static
/Users/liam/Documents/nezami_project/code/murata-sdk/Type2BP_SDK_UWBIOT_SR150_v04.06.05_MCUx/UWBIOT_SR150_v04.06.05_MCUx/uwbiot-top/se_mw/sss/src/mbedtls/fsl_sss_mbedtls_apis.c:2772:14:sss_mbedtls_digest_init	0	static
/Users/liam/Documents/nezami_project/code/murata-sdk/Type2BP_SDK_UWBIOT_SR150_v04.06.05_MCUx/UWBIOT_SR150_v04.06.05_MCUx/uwbiot-top/se_mw/sss/src/mbedtls/fsl_sss_mbedtls_apis.c:2817:14:sss_mbedtls_digest_update	0	static
/Users/liam/Documents/nezami_project/code/murata-sdk/Type2BP_SDK_UWBIOT_SR150_v04.06.05_MCUx/UWBIOT_SR150_v04.06.05_MCUx/uwbiot-top/se_mw/sss/src/mbedtls/fsl_sss_mbedtls_apis.c:2831:14:sss_mbedtls_digest_finish	0	static
/Users/liam/Documents/nezami_project/code/murata-sdk/Type2BP_SDK_UWBIOT_SR150_v04.06.05_MCUx/UWBIOT_SR150_v04.06.05_MCUx/uwbiot-top/se_mw/sss/src/mbedtls/fsl_sss_mbedtls_apis.c:2874:6:sss_mbedtls_digest_context_free	8	static
/Users/liam/Documents/nezami_project/code/murata-sdk/Type2BP_SDK_UWBIOT_SR150_v04.06.05_MCUx/UWBIOT_SR150_v04.06.05_MCUx/uwbiot-top/se_mw/sss/src/mbedtls/fsl_sss_mbedtls_apis.c:2885:14:sss_mbedtls_rng_context_init	16	static
/Users/liam/Documents/nezami_project/code/murata-sdk/Type2BP_SDK_UWBIOT_SR150_v04.06.05_MCUx/UWBIOT_SR150_v04.06.05_MCUx/uwbiot-top/se_mw/sss/src/mbedtls/fsl_sss_mbedtls_apis.c:2911:14:sss_mbedtls_rng_get_random	32	static
/Users/liam/Documents/nezami_project/code/murata-sdk/Type2BP_SDK_UWBIOT_SR150_v04.06.05_MCUx/UWBIOT_SR150_v04.06.05_MCUx/uwbiot-top/se_mw/sss/src/mbedtls/fsl_sss_mbedtls_apis.c:2938:14:sss_mbedtls_rng_context_free	8	static
/Users/liam/Documents/nezami_project/code/murata-sdk/Type2BP_SDK_UWBIOT_SR150_v04.06.05_MCUx/UWBIOT_SR150_v04.06.05_MCUx/uwbiot-top/se_mw/sss/src/mbedtls/fsl_sss_mbedtls_apis.c:3427:14:ks_mbedtls_key_object_create	24	static
/Users/liam/Documents/nezami_project/code/murata-sdk/Type2BP_SDK_UWBIOT_SR150_v04.06.05_MCUx/UWBIOT_SR150_v04.06.05_MCUx/uwbiot-top/se_mw/sss/src/mbedtls/fsl_sss_mbedtls_apis.c:219:14:sss_mbedtls_key_object_allocate_handle	16	static
