/Users/liam/Documents/nezami_project/code/murata-sdk/Type2BP_SDK_UWBIOT_SR150_v04.06.05_MCUx/UWBIOT_SR150_LiamRoth/uwbiot-top/libs/halimpl/utils/phNxpUciHal_utils.c:36:5:phNxpUciHal_listInit	8	static
/Users/liam/Documents/nezami_project/code/murata-sdk/Type2BP_SDK_UWBIOT_SR150_v04.06.05_MCUx/UWBIOT_SR150_LiamRoth/uwbiot-top/libs/halimpl/utils/phNxpUciHal_utils.c:82:5:phNxpUciHal_listAdd	16	static
/Users/liam/Documents/nezami_project/code/murata-sdk/Type2BP_SDK_UWBIOT_SR150_v04.06.05_MCUx/UWBIOT_SR150_LiamRoth/uwbiot-top/libs/halimpl/utils/phNxpUciHal_utils.c:130:5:phNxpUciHal_listRemove	16	static
/Users/liam/Documents/nezami_project/code/murata-sdk/Type2BP_SDK_UWBIOT_SR150_v04.06.05_MCUx/UWBIOT_SR150_LiamRoth/uwbiot-top/libs/halimpl/utils/phNxpUciHal_utils.c:235:6:phNxpUciHal_listDump	0	static
/Users/liam/Documents/nezami_project/code/murata-sdk/Type2BP_SDK_UWBIOT_SR150_v04.06.05_MCUx/UWBIOT_SR150_LiamRoth/uwbiot-top/libs/halimpl/utils/phNxpUciHal_utils.c:193:5:phNxpUciHal_listGetAndRemoveNext	16	static
/Users/liam/Documents/nezami_project/code/murata-sdk/Type2BP_SDK_UWBIOT_SR150_v04.06.05_MCUx/UWBIOT_SR150_LiamRoth/uwbiot-top/libs/halimpl/utils/phNxpUciHal_utils.c:58:5:phNxpUciHal_listDestroy	16	static
/Users/liam/Documents/nezami_project/code/murata-sdk/Type2BP_SDK_UWBIOT_SR150_v04.06.05_MCUx/UWBIOT_SR150_LiamRoth/uwbiot-top/libs/halimpl/utils/phNxpUciHal_utils.c:263:24:phNxpUciHal_init_monitor	8	static
/Users/liam/Documents/nezami_project/code/murata-sdk/Type2BP_SDK_UWBIOT_SR150_v04.06.05_MCUx/UWBIOT_SR150_LiamRoth/uwbiot-top/libs/halimpl/utils/phNxpUciHal_utils.c:348:24:phNxpUciHal_get_monitor	8	static
/Users/liam/Documents/nezami_project/code/murata-sdk/Type2BP_SDK_UWBIOT_SR150_v04.06.05_MCUx/UWBIOT_SR150_LiamRoth/uwbiot-top/libs/halimpl/utils/phNxpUciHal_utils.c:357:11:phNxpUciHal_init_cb_data	16	static
/Users/liam/Documents/nezami_project/code/murata-sdk/Type2BP_SDK_UWBIOT_SR150_v04.06.05_MCUx/UWBIOT_SR150_LiamRoth/uwbiot-top/libs/halimpl/utils/phNxpUciHal_utils.c:388:6:phNxpUciHal_cleanup_cb_data	8	static
/Users/liam/Documents/nezami_project/code/murata-sdk/Type2BP_SDK_UWBIOT_SR150_v04.06.05_MCUx/UWBIOT_SR150_LiamRoth/uwbiot-top/libs/halimpl/utils/phNxpUciHal_utils.c:417:6:phNxpUciHal_releaseall_cb_data	16	static
/Users/liam/Documents/nezami_project/code/murata-sdk/Type2BP_SDK_UWBIOT_SR150_v04.06.05_MCUx/UWBIOT_SR150_LiamRoth/uwbiot-top/libs/halimpl/utils/phNxpUciHal_utils.c:325:6:phNxpUciHal_cleanup_monitor	8	static
