/Users/liam/Documents/nezami_project/code/murata-sdk/Type2BP_SDK_UWBIOT_SR150_v04.06.05_MCUx/UWBIOT_SR150_v04.06.05_MCUx/uwbiot-top/boards/Host/Rhodes4/UWB_GPIOExtender.c:39:6:GPIOExtenderSetPinConfig	40	static
/Users/liam/Documents/nezami_project/code/murata-sdk/Type2BP_SDK_UWBIOT_SR150_v04.06.05_MCUx/UWBIOT_SR150_v04.06.05_MCUx/uwbiot-top/boards/Host/Rhodes4/UWB_GPIOExtender.c:59:10:GPIOExtenderGetPinConfig	40	static
/Users/liam/Documents/nezami_project/code/murata-sdk/Type2BP_SDK_UWBIOT_SR150_v04.06.05_MCUx/UWBIOT_SR150_v04.06.05_MCUx/uwbiot-top/boards/Host/Rhodes4/UWB_GPIOExtender.c:73:6:GPIOExtenderSetMode	16	static
/Users/liam/Documents/nezami_project/code/murata-sdk/Type2BP_SDK_UWBIOT_SR150_v04.06.05_MCUx/UWBIOT_SR150_v04.06.05_MCUx/uwbiot-top/boards/Host/Rhodes4/UWB_GPIOExtender.c:123:6:GPIOExtenderSetPin	16	static
/Users/liam/Documents/nezami_project/code/murata-sdk/Type2BP_SDK_UWBIOT_SR150_v04.06.05_MCUx/UWBIOT_SR150_v04.06.05_MCUx/uwbiot-top/boards/Host/Rhodes4/UWB_GPIOExtender.c:172:6:GPIOExtenderGetPin	24	static
/Users/liam/Documents/nezami_project/code/murata-sdk/Type2BP_SDK_UWBIOT_SR150_v04.06.05_MCUx/UWBIOT_SR150_v04.06.05_MCUx/uwbiot-top/boards/Host/Rhodes4/UWB_GPIOExtender.c:222:6:GPIOExtenderInit	32	static
