/Users/liam/Documents/nezami_project/code/murata-sdk/Type2BP_SDK_UWBIOT_SR150_v04.06.05_MCUx/UWBIOT_SR150_v04.06.05_MCUx/uwbiot-top/boards/Host/Rhodes4/UWBT_PowerMode.c:35:13:UWBT_EnterPowerDown	8	static
/Users/liam/Documents/nezami_project/code/murata-sdk/Type2BP_SDK_UWBIOT_SR150_v04.06.05_MCUx/UWBIOT_SR150_v04.06.05_MCUx/uwbiot-top/boards/Host/Rhodes4/UWBT_PowerMode.c:28:13:UWBT_EnterRunMode	8	static
/Users/liam/Documents/nezami_project/code/murata-sdk/Type2BP_SDK_UWBIOT_SR150_v04.06.05_MCUx/UWBIOT_SR150_v04.06.05_MCUx/uwbiot-top/boards/Host/Rhodes4/UWBT_PowerMode.c:51:6:UWBT_PowerModeEnter	0	static
/Users/liam/Documents/nezami_project/code/murata-sdk/Type2BP_SDK_UWBIOT_SR150_v04.06.05_MCUx/UWBIOT_SR150_v04.06.05_MCUx/uwbiot-top/boards/Host/Rhodes4/UWBT_PowerMode.c:60:6:UWBT_ExitPowerDownCb	8	static
/Users/liam/Documents/nezami_project/code/murata-sdk/Type2BP_SDK_UWBIOT_SR150_v04.06.05_MCUx/UWBIOT_SR150_v04.06.05_MCUx/uwbiot-top/boards/Host/Rhodes4/UWBT_PowerMode.c:70:6:UWBT_EnterLowPowerCb	0	static
/Users/liam/Documents/nezami_project/code/murata-sdk/Type2BP_SDK_UWBIOT_SR150_v04.06.05_MCUx/UWBIOT_SR150_v04.06.05_MCUx/uwbiot-top/boards/Host/Rhodes4/UWBT_PowerMode.c:76:6:UWBT_InterruptISRInit	0	static
