/Users/liam/Documents/nezami_project/code/murata-sdk/Type2BP_SDK_UWBIOT_SR150_v04.06.05_MCUx/UWBIOT_SR150_v04.06.05_MCUx/uwbiot-top/se_mw/sss/src/se05x/fsl_sss_se05x_apis.c:7723:32:se05x_get_ec_sign_hash_mode	0	static
/Users/liam/Documents/nezami_project/code/murata-sdk/Type2BP_SDK_UWBIOT_SR150_v04.06.05_MCUx/UWBIOT_SR150_v04.06.05_MCUx/uwbiot-top/se_mw/sss/src/se05x/fsl_sss_se05x_apis.c:7819:27:se05x_get_cipher_mode	0	static
/Users/liam/Documents/nezami_project/code/murata-sdk/Type2BP_SDK_UWBIOT_SR150_v04.06.05_MCUx/UWBIOT_SR150_v04.06.05_MCUx/uwbiot-top/se_mw/sss/src/se05x/fsl_sss_se05x_apis.c:6989:19:sss_se05x_TXn	1104	static
/Users/liam/Documents/nezami_project/code/murata-sdk/Type2BP_SDK_UWBIOT_SR150_v04.06.05_MCUx/UWBIOT_SR150_v04.06.05_MCUx/uwbiot-top/se_mw/sss/src/se05x/fsl_sss_se05x_apis.c:7661:21:se05x_check_input_len	8	static
/Users/liam/Documents/nezami_project/code/murata-sdk/Type2BP_SDK_UWBIOT_SR150_v04.06.05_MCUx/UWBIOT_SR150_v04.06.05_MCUx/uwbiot-top/se_mw/sss/src/se05x/fsl_sss_se05x_apis.c:7031:19:sss_se05x_channel_txnRaw	1072	static
/Users/liam/Documents/nezami_project/code/murata-sdk/Type2BP_SDK_UWBIOT_SR150_v04.06.05_MCUx/UWBIOT_SR150_v04.06.05_MCUx/uwbiot-top/se_mw/sss/src/se05x/fsl_sss_se05x_apis.c:7084:19:sss_se05x_channel_txn	64	static
/Users/liam/Documents/nezami_project/code/murata-sdk/Type2BP_SDK_UWBIOT_SR150_v04.06.05_MCUx/UWBIOT_SR150_v04.06.05_MCUx/uwbiot-top/se_mw/sss/src/se05x/fsl_sss_se05x_apis.c:2633:16:CheckIfKeyIdExists	16	static
/Users/liam/Documents/nezami_project/code/murata-sdk/Type2BP_SDK_UWBIOT_SR150_v04.06.05_MCUx/UWBIOT_SR150_v04.06.05_MCUx/uwbiot-top/se_mw/sss/src/se05x/fsl_sss_se05x_apis.c:7929:19:sss_se05x_LL_set_ec_key.constprop	48	static
/Users/liam/Documents/nezami_project/code/murata-sdk/Type2BP_SDK_UWBIOT_SR150_v04.06.05_MCUx/UWBIOT_SR150_v04.06.05_MCUx/uwbiot-top/se_mw/sss/src/se05x/fsl_sss_se05x_apis.c:2376:21:getEccPrivPubKeyLen.constprop	8	static
/Users/liam/Documents/nezami_project/code/murata-sdk/Type2BP_SDK_UWBIOT_SR150_v04.06.05_MCUx/UWBIOT_SR150_v04.06.05_MCUx/uwbiot-top/se_mw/sss/src/se05x/fsl_sss_se05x_apis.c:315:14:sss_se05x_session_create	0	static
/Users/liam/Documents/nezami_project/code/murata-sdk/Type2BP_SDK_UWBIOT_SR150_v04.06.05_MCUx/UWBIOT_SR150_v04.06.05_MCUx/uwbiot-top/se_mw/sss/src/se05x/fsl_sss_se05x_apis.c:342:14:sss_se05x_session_open	176	static
/Users/liam/Documents/nezami_project/code/murata-sdk/Type2BP_SDK_UWBIOT_SR150_v04.06.05_MCUx/UWBIOT_SR150_v04.06.05_MCUx/uwbiot-top/se_mw/sss/src/se05x/fsl_sss_se05x_apis.c:758:14:sss_se05x_refresh_session	288	static
/Users/liam/Documents/nezami_project/code/murata-sdk/Type2BP_SDK_UWBIOT_SR150_v04.06.05_MCUx/UWBIOT_SR150_v04.06.05_MCUx/uwbiot-top/se_mw/sss/src/se05x/fsl_sss_se05x_apis.c:792:14:sss_se05x_session_prop_get_u32	0	static
/Users/liam/Documents/nezami_project/code/murata-sdk/Type2BP_SDK_UWBIOT_SR150_v04.06.05_MCUx/UWBIOT_SR150_v04.06.05_MCUx/uwbiot-top/se_mw/sss/src/se05x/fsl_sss_se05x_apis.c:841:14:sss_se05x_session_prop_get_au8	48	static
/Users/liam/Documents/nezami_project/code/murata-sdk/Type2BP_SDK_UWBIOT_SR150_v04.06.05_MCUx/UWBIOT_SR150_v04.06.05_MCUx/uwbiot-top/se_mw/sss/src/se05x/fsl_sss_se05x_apis.c:908:6:sss_se05x_session_close	8	static
/Users/liam/Documents/nezami_project/code/murata-sdk/Type2BP_SDK_UWBIOT_SR150_v04.06.05_MCUx/UWBIOT_SR150_v04.06.05_MCUx/uwbiot-top/se_mw/sss/src/se05x/fsl_sss_se05x_apis.c:917:6:sss_se05x_session_delete	0	static
/Users/liam/Documents/nezami_project/code/murata-sdk/Type2BP_SDK_UWBIOT_SR150_v04.06.05_MCUx/UWBIOT_SR150_v04.06.05_MCUx/uwbiot-top/se_mw/sss/src/se05x/fsl_sss_se05x_apis.c:928:14:sss_se05x_key_object_init	16	static
/Users/liam/Documents/nezami_project/code/murata-sdk/Type2BP_SDK_UWBIOT_SR150_v04.06.05_MCUx/UWBIOT_SR150_v04.06.05_MCUx/uwbiot-top/se_mw/sss/src/se05x/fsl_sss_se05x_apis.c:937:14:sss_se05x_key_object_allocate_handle	16	static
/Users/liam/Documents/nezami_project/code/murata-sdk/Type2BP_SDK_UWBIOT_SR150_v04.06.05_MCUx/UWBIOT_SR150_v04.06.05_MCUx/uwbiot-top/se_mw/sss/src/se05x/fsl_sss_se05x_apis.c:976:14:sss_se05x_key_object_get_handle	32	static
/Users/liam/Documents/nezami_project/code/murata-sdk/Type2BP_SDK_UWBIOT_SR150_v04.06.05_MCUx/UWBIOT_SR150_v04.06.05_MCUx/uwbiot-top/se_mw/sss/src/se05x/fsl_sss_se05x_apis.c:1207:14:sss_se05x_key_object_set_user	8	static
/Users/liam/Documents/nezami_project/code/murata-sdk/Type2BP_SDK_UWBIOT_SR150_v04.06.05_MCUx/UWBIOT_SR150_v04.06.05_MCUx/uwbiot-top/se_mw/sss/src/se05x/fsl_sss_se05x_apis.c:1219:14:sss_se05x_key_object_set_purpose	8	static
/Users/liam/Documents/nezami_project/code/murata-sdk/Type2BP_SDK_UWBIOT_SR150_v04.06.05_MCUx/UWBIOT_SR150_v04.06.05_MCUx/uwbiot-top/se_mw/sss/src/se05x/fsl_sss_se05x_apis.c:1231:14:sss_se05x_key_object_set_access	8	static
/Users/liam/Documents/nezami_project/code/murata-sdk/Type2BP_SDK_UWBIOT_SR150_v04.06.05_MCUx/UWBIOT_SR150_v04.06.05_MCUx/uwbiot-top/se_mw/sss/src/se05x/fsl_sss_se05x_apis.c:1241:14:sss_se05x_key_object_set_eccgfp_group	8	static
/Users/liam/Documents/nezami_project/code/murata-sdk/Type2BP_SDK_UWBIOT_SR150_v04.06.05_MCUx/UWBIOT_SR150_v04.06.05_MCUx/uwbiot-top/se_mw/sss/src/se05x/fsl_sss_se05x_apis.c:1250:14:sss_se05x_key_object_get_user	8	static
/Users/liam/Documents/nezami_project/code/murata-sdk/Type2BP_SDK_UWBIOT_SR150_v04.06.05_MCUx/UWBIOT_SR150_v04.06.05_MCUx/uwbiot-top/se_mw/sss/src/se05x/fsl_sss_se05x_apis.c:1259:14:sss_se05x_key_object_get_purpose	8	static
/Users/liam/Documents/nezami_project/code/murata-sdk/Type2BP_SDK_UWBIOT_SR150_v04.06.05_MCUx/UWBIOT_SR150_v04.06.05_MCUx/uwbiot-top/se_mw/sss/src/se05x/fsl_sss_se05x_apis.c:1268:14:sss_se05x_key_object_get_access	8	static
/Users/liam/Documents/nezami_project/code/murata-sdk/Type2BP_SDK_UWBIOT_SR150_v04.06.05_MCUx/UWBIOT_SR150_v04.06.05_MCUx/uwbiot-top/se_mw/sss/src/se05x/fsl_sss_se05x_apis.c:1278:6:sss_se05x_key_object_free	0	static
/Users/liam/Documents/nezami_project/code/murata-sdk/Type2BP_SDK_UWBIOT_SR150_v04.06.05_MCUx/UWBIOT_SR150_v04.06.05_MCUx/uwbiot-top/se_mw/sss/src/se05x/fsl_sss_se05x_apis.c:1289:14:sss_se05x_derive_key_context_init	0	static
/Users/liam/Documents/nezami_project/code/murata-sdk/Type2BP_SDK_UWBIOT_SR150_v04.06.05_MCUx/UWBIOT_SR150_v04.06.05_MCUx/uwbiot-top/se_mw/sss/src/se05x/fsl_sss_se05x_apis.c:1502:14:sss_se05x_derive_key_dh	576	static
/Users/liam/Documents/nezami_project/code/murata-sdk/Type2BP_SDK_UWBIOT_SR150_v04.06.05_MCUx/UWBIOT_SR150_v04.06.05_MCUx/uwbiot-top/se_mw/sss/src/se05x/fsl_sss_se05x_apis.c:1633:6:sss_se05x_derive_key_context_free	0	static
/Users/liam/Documents/nezami_project/code/murata-sdk/Type2BP_SDK_UWBIOT_SR150_v04.06.05_MCUx/UWBIOT_SR150_v04.06.05_MCUx/uwbiot-top/se_mw/sss/src/se05x/fsl_sss_se05x_apis.c:1644:14:sss_se05x_key_store_context_init	16	static
/Users/liam/Documents/nezami_project/code/murata-sdk/Type2BP_SDK_UWBIOT_SR150_v04.06.05_MCUx/UWBIOT_SR150_v04.06.05_MCUx/uwbiot-top/se_mw/sss/src/se05x/fsl_sss_se05x_apis.c:1652:14:sss_se05x_key_store_allocate	0	static
/Users/liam/Documents/nezami_project/code/murata-sdk/Type2BP_SDK_UWBIOT_SR150_v04.06.05_MCUx/UWBIOT_SR150_v04.06.05_MCUx/uwbiot-top/se_mw/sss/src/se05x/fsl_sss_se05x_apis.c:1659:14:sss_se05x_key_store_save	0	static
/Users/liam/Documents/nezami_project/code/murata-sdk/Type2BP_SDK_UWBIOT_SR150_v04.06.05_MCUx/UWBIOT_SR150_v04.06.05_MCUx/uwbiot-top/se_mw/sss/src/se05x/fsl_sss_se05x_apis.c:1665:14:sss_se05x_key_store_load	0	static
/Users/liam/Documents/nezami_project/code/murata-sdk/Type2BP_SDK_UWBIOT_SR150_v04.06.05_MCUx/UWBIOT_SR150_v04.06.05_MCUx/uwbiot-top/se_mw/sss/src/se05x/fsl_sss_se05x_apis.c:2503:12:sss_se05x_create_curve_if_needed	48	static
/Users/liam/Documents/nezami_project/code/murata-sdk/Type2BP_SDK_UWBIOT_SR150_v04.06.05_MCUx/UWBIOT_SR150_v04.06.05_MCUx/uwbiot-top/se_mw/sss/src/se05x/fsl_sss_se05x_apis.c:3330:14:sss_se05x_key_store_set_key	376	static
/Users/liam/Documents/nezami_project/code/murata-sdk/Type2BP_SDK_UWBIOT_SR150_v04.06.05_MCUx/UWBIOT_SR150_v04.06.05_MCUx/uwbiot-top/se_mw/sss/src/se05x/fsl_sss_se05x_apis.c:3453:14:sss_se05x_key_store_generate_key	328	static
/Users/liam/Documents/nezami_project/code/murata-sdk/Type2BP_SDK_UWBIOT_SR150_v04.06.05_MCUx/UWBIOT_SR150_v04.06.05_MCUx/uwbiot-top/se_mw/sss/src/se05x/fsl_sss_se05x_apis.c:3668:6:add_ecc_header	24	static
/Users/liam/Documents/nezami_project/code/murata-sdk/Type2BP_SDK_UWBIOT_SR150_v04.06.05_MCUx/UWBIOT_SR150_v04.06.05_MCUx/uwbiot-top/se_mw/sss/src/se05x/fsl_sss_se05x_apis.c:3814:6:get_ecc_raw_data	16	static
/Users/liam/Documents/nezami_project/code/murata-sdk/Type2BP_SDK_UWBIOT_SR150_v04.06.05_MCUx/UWBIOT_SR150_v04.06.05_MCUx/uwbiot-top/se_mw/sss/src/se05x/fsl_sss_se05x_apis.c:3925:14:sss_se05x_key_store_get_key	48	static
/Users/liam/Documents/nezami_project/code/murata-sdk/Type2BP_SDK_UWBIOT_SR150_v04.06.05_MCUx/UWBIOT_SR150_v04.06.05_MCUx/uwbiot-top/se_mw/sss/src/se05x/fsl_sss_se05x_apis.c:4057:14:sss_se05x_key_store_get_key_attst	120	static
/Users/liam/Documents/nezami_project/code/murata-sdk/Type2BP_SDK_UWBIOT_SR150_v04.06.05_MCUx/UWBIOT_SR150_v04.06.05_MCUx/uwbiot-top/se_mw/sss/src/se05x/fsl_sss_se05x_apis.c:4704:14:sss_se05x_key_store_open_key	8	static
/Users/liam/Documents/nezami_project/code/murata-sdk/Type2BP_SDK_UWBIOT_SR150_v04.06.05_MCUx/UWBIOT_SR150_v04.06.05_MCUx/uwbiot-top/se_mw/sss/src/se05x/fsl_sss_se05x_apis.c:4723:14:sss_se05x_key_store_freeze_key	0	static
/Users/liam/Documents/nezami_project/code/murata-sdk/Type2BP_SDK_UWBIOT_SR150_v04.06.05_MCUx/UWBIOT_SR150_v04.06.05_MCUx/uwbiot-top/se_mw/sss/src/se05x/fsl_sss_se05x_apis.c:4733:14:sss_se05x_key_store_erase_key	16	static
/Users/liam/Documents/nezami_project/code/murata-sdk/Type2BP_SDK_UWBIOT_SR150_v04.06.05_MCUx/UWBIOT_SR150_v04.06.05_MCUx/uwbiot-top/se_mw/sss/src/se05x/fsl_sss_se05x_apis.c:4752:6:sss_se05x_key_store_context_free	0	static
/Users/liam/Documents/nezami_project/code/murata-sdk/Type2BP_SDK_UWBIOT_SR150_v04.06.05_MCUx/UWBIOT_SR150_v04.06.05_MCUx/uwbiot-top/se_mw/sss/src/se05x/fsl_sss_se05x_apis.c:4757:14:sss_se05x_key_store_export_key	16	static
/Users/liam/Documents/nezami_project/code/murata-sdk/Type2BP_SDK_UWBIOT_SR150_v04.06.05_MCUx/UWBIOT_SR150_v04.06.05_MCUx/uwbiot-top/se_mw/sss/src/se05x/fsl_sss_se05x_apis.c:4801:14:sss_se05x_key_store_import_key	16	static
/Users/liam/Documents/nezami_project/code/murata-sdk/Type2BP_SDK_UWBIOT_SR150_v04.06.05_MCUx/UWBIOT_SR150_v04.06.05_MCUx/uwbiot-top/se_mw/sss/src/se05x/fsl_sss_se05x_apis.c:4851:14:sss_se05x_asymmetric_context_init	0	static
/Users/liam/Documents/nezami_project/code/murata-sdk/Type2BP_SDK_UWBIOT_SR150_v04.06.05_MCUx/UWBIOT_SR150_v04.06.05_MCUx/uwbiot-top/se_mw/sss/src/se05x/fsl_sss_se05x_apis.c:4867:14:sss_se05x_asymmetric_encrypt	0	static
/Users/liam/Documents/nezami_project/code/murata-sdk/Type2BP_SDK_UWBIOT_SR150_v04.06.05_MCUx/UWBIOT_SR150_v04.06.05_MCUx/uwbiot-top/se_mw/sss/src/se05x/fsl_sss_se05x_apis.c:4883:14:sss_se05x_asymmetric_decrypt	0	static
/Users/liam/Documents/nezami_project/code/murata-sdk/Type2BP_SDK_UWBIOT_SR150_v04.06.05_MCUx/UWBIOT_SR150_v04.06.05_MCUx/uwbiot-top/se_mw/sss/src/se05x/fsl_sss_se05x_apis.c:4900:14:sss_se05x_asymmetric_sign_digest	40	static
/Users/liam/Documents/nezami_project/code/murata-sdk/Type2BP_SDK_UWBIOT_SR150_v04.06.05_MCUx/UWBIOT_SR150_v04.06.05_MCUx/uwbiot-top/se_mw/sss/src/se05x/fsl_sss_se05x_apis.c:5188:14:sss_se05x_asymmetric_sign	0	static
/Users/liam/Documents/nezami_project/code/murata-sdk/Type2BP_SDK_UWBIOT_SR150_v04.06.05_MCUx/UWBIOT_SR150_v04.06.05_MCUx/uwbiot-top/se_mw/sss/src/se05x/fsl_sss_se05x_apis.c:5288:14:sss_se05x_asymmetric_verify_digest	48	static
/Users/liam/Documents/nezami_project/code/murata-sdk/Type2BP_SDK_UWBIOT_SR150_v04.06.05_MCUx/UWBIOT_SR150_v04.06.05_MCUx/uwbiot-top/se_mw/sss/src/se05x/fsl_sss_se05x_apis.c:5471:14:sss_se05x_asymmetric_verify	0	static
/Users/liam/Documents/nezami_project/code/murata-sdk/Type2BP_SDK_UWBIOT_SR150_v04.06.05_MCUx/UWBIOT_SR150_v04.06.05_MCUx/uwbiot-top/se_mw/sss/src/se05x/fsl_sss_se05x_apis.c:5590:6:sss_se05x_asymmetric_context_free	0	static
/Users/liam/Documents/nezami_project/code/murata-sdk/Type2BP_SDK_UWBIOT_SR150_v04.06.05_MCUx/UWBIOT_SR150_v04.06.05_MCUx/uwbiot-top/se_mw/sss/src/se05x/fsl_sss_se05x_apis.c:5601:14:sss_se05x_symmetric_context_init	0	static
/Users/liam/Documents/nezami_project/code/murata-sdk/Type2BP_SDK_UWBIOT_SR150_v04.06.05_MCUx/UWBIOT_SR150_v04.06.05_MCUx/uwbiot-top/se_mw/sss/src/se05x/fsl_sss_se05x_apis.c:5616:14:sss_se05x_cipher_one_go	48	static
/Users/liam/Documents/nezami_project/code/murata-sdk/Type2BP_SDK_UWBIOT_SR150_v04.06.05_MCUx/UWBIOT_SR150_v04.06.05_MCUx/uwbiot-top/se_mw/sss/src/se05x/fsl_sss_se05x_apis.c:5656:14:sss_se05x_cipher_one_go_v2	48	static
/Users/liam/Documents/nezami_project/code/murata-sdk/Type2BP_SDK_UWBIOT_SR150_v04.06.05_MCUx/UWBIOT_SR150_v04.06.05_MCUx/uwbiot-top/se_mw/sss/src/se05x/fsl_sss_se05x_apis.c:5697:14:sss_se05x_cipher_init	1072	static
/Users/liam/Documents/nezami_project/code/murata-sdk/Type2BP_SDK_UWBIOT_SR150_v04.06.05_MCUx/UWBIOT_SR150_v04.06.05_MCUx/uwbiot-top/se_mw/sss/src/se05x/fsl_sss_se05x_apis.c:5785:14:sss_se05x_cipher_update	64	static
/Users/liam/Documents/nezami_project/code/murata-sdk/Type2BP_SDK_UWBIOT_SR150_v04.06.05_MCUx/UWBIOT_SR150_v04.06.05_MCUx/uwbiot-top/se_mw/sss/src/se05x/fsl_sss_se05x_apis.c:5886:14:sss_se05x_cipher_finish	72	static
/Users/liam/Documents/nezami_project/code/murata-sdk/Type2BP_SDK_UWBIOT_SR150_v04.06.05_MCUx/UWBIOT_SR150_v04.06.05_MCUx/uwbiot-top/se_mw/sss/src/se05x/fsl_sss_se05x_apis.c:5940:14:sss_se05x_cipher_crypt_ctr	56	static
/Users/liam/Documents/nezami_project/code/murata-sdk/Type2BP_SDK_UWBIOT_SR150_v04.06.05_MCUx/UWBIOT_SR150_v04.06.05_MCUx/uwbiot-top/se_mw/sss/src/se05x/fsl_sss_se05x_apis.c:5984:6:sss_se05x_symmetric_context_free	1056	static
/Users/liam/Documents/nezami_project/code/murata-sdk/Type2BP_SDK_UWBIOT_SR150_v04.06.05_MCUx/UWBIOT_SR150_v04.06.05_MCUx/uwbiot-top/se_mw/sss/src/se05x/fsl_sss_se05x_apis.c:6021:14:sss_se05x_aead_context_init	8	static
/Users/liam/Documents/nezami_project/code/murata-sdk/Type2BP_SDK_UWBIOT_SR150_v04.06.05_MCUx/UWBIOT_SR150_v04.06.05_MCUx/uwbiot-top/se_mw/sss/src/se05x/fsl_sss_se05x_apis.c:6044:14:sss_se05x_aead_one_go	64	static
/Users/liam/Documents/nezami_project/code/murata-sdk/Type2BP_SDK_UWBIOT_SR150_v04.06.05_MCUx/UWBIOT_SR150_v04.06.05_MCUx/uwbiot-top/se_mw/sss/src/se05x/fsl_sss_se05x_apis.c:6090:14:sss_se05x_aead_init	1096	static
/Users/liam/Documents/nezami_project/code/murata-sdk/Type2BP_SDK_UWBIOT_SR150_v04.06.05_MCUx/UWBIOT_SR150_v04.06.05_MCUx/uwbiot-top/se_mw/sss/src/se05x/fsl_sss_se05x_apis.c:6193:14:sss_se05x_aead_update_aad	32	static
/Users/liam/Documents/nezami_project/code/murata-sdk/Type2BP_SDK_UWBIOT_SR150_v04.06.05_MCUx/UWBIOT_SR150_v04.06.05_MCUx/uwbiot-top/se_mw/sss/src/se05x/fsl_sss_se05x_apis.c:6224:14:sss_se05x_aead_update	64	static
/Users/liam/Documents/nezami_project/code/murata-sdk/Type2BP_SDK_UWBIOT_SR150_v04.06.05_MCUx/UWBIOT_SR150_v04.06.05_MCUx/uwbiot-top/se_mw/sss/src/se05x/fsl_sss_se05x_apis.c:6322:14:sss_se05x_aead_finish	128	static
/Users/liam/Documents/nezami_project/code/murata-sdk/Type2BP_SDK_UWBIOT_SR150_v04.06.05_MCUx/UWBIOT_SR150_v04.06.05_MCUx/uwbiot-top/se_mw/sss/src/se05x/fsl_sss_se05x_apis.c:6468:6:sss_se05x_aead_context_free	1056	static
/Users/liam/Documents/nezami_project/code/murata-sdk/Type2BP_SDK_UWBIOT_SR150_v04.06.05_MCUx/UWBIOT_SR150_v04.06.05_MCUx/uwbiot-top/se_mw/sss/src/se05x/fsl_sss_se05x_apis.c:6506:14:sss_se05x_mac_context_init	0	static
/Users/liam/Documents/nezami_project/code/murata-sdk/Type2BP_SDK_UWBIOT_SR150_v04.06.05_MCUx/UWBIOT_SR150_v04.06.05_MCUx/uwbiot-top/se_mw/sss/src/se05x/fsl_sss_se05x_apis.c:6520:14:sss_se05x_mac_one_go	56	static
/Users/liam/Documents/nezami_project/code/murata-sdk/Type2BP_SDK_UWBIOT_SR150_v04.06.05_MCUx/UWBIOT_SR150_v04.06.05_MCUx/uwbiot-top/se_mw/sss/src/se05x/fsl_sss_se05x_apis.c:6565:14:sss_se05x_mac_validate_one_go	48	static
/Users/liam/Documents/nezami_project/code/murata-sdk/Type2BP_SDK_UWBIOT_SR150_v04.06.05_MCUx/UWBIOT_SR150_v04.06.05_MCUx/uwbiot-top/se_mw/sss/src/se05x/fsl_sss_se05x_apis.c:6602:14:sss_se05x_mac_init	1064	static
/Users/liam/Documents/nezami_project/code/murata-sdk/Type2BP_SDK_UWBIOT_SR150_v04.06.05_MCUx/UWBIOT_SR150_v04.06.05_MCUx/uwbiot-top/se_mw/sss/src/se05x/fsl_sss_se05x_apis.c:6690:14:sss_se05x_mac_update	16	static
/Users/liam/Documents/nezami_project/code/murata-sdk/Type2BP_SDK_UWBIOT_SR150_v04.06.05_MCUx/UWBIOT_SR150_v04.06.05_MCUx/uwbiot-top/se_mw/sss/src/se05x/fsl_sss_se05x_apis.c:6705:14:sss_se05x_mac_finish	40	static
/Users/liam/Documents/nezami_project/code/murata-sdk/Type2BP_SDK_UWBIOT_SR150_v04.06.05_MCUx/UWBIOT_SR150_v04.06.05_MCUx/uwbiot-top/se_mw/sss/src/se05x/fsl_sss_se05x_apis.c:6736:6:sss_se05x_mac_context_free	8	static
/Users/liam/Documents/nezami_project/code/murata-sdk/Type2BP_SDK_UWBIOT_SR150_v04.06.05_MCUx/UWBIOT_SR150_v04.06.05_MCUx/uwbiot-top/se_mw/sss/src/se05x/fsl_sss_se05x_apis.c:6754:14:sss_se05x_digest_context_init	0	static
/Users/liam/Documents/nezami_project/code/murata-sdk/Type2BP_SDK_UWBIOT_SR150_v04.06.05_MCUx/UWBIOT_SR150_v04.06.05_MCUx/uwbiot-top/se_mw/sss/src/se05x/fsl_sss_se05x_apis.c:6784:14:sss_se05x_digest_init	1064	static
/Users/liam/Documents/nezami_project/code/murata-sdk/Type2BP_SDK_UWBIOT_SR150_v04.06.05_MCUx/UWBIOT_SR150_v04.06.05_MCUx/uwbiot-top/se_mw/sss/src/se05x/fsl_sss_se05x_apis.c:6853:14:sss_se05x_digest_update	16	static
/Users/liam/Documents/nezami_project/code/murata-sdk/Type2BP_SDK_UWBIOT_SR150_v04.06.05_MCUx/UWBIOT_SR150_v04.06.05_MCUx/uwbiot-top/se_mw/sss/src/se05x/fsl_sss_se05x_apis.c:6866:14:sss_se05x_digest_finish	16	static
/Users/liam/Documents/nezami_project/code/murata-sdk/Type2BP_SDK_UWBIOT_SR150_v04.06.05_MCUx/UWBIOT_SR150_v04.06.05_MCUx/uwbiot-top/se_mw/sss/src/se05x/fsl_sss_se05x_apis.c:6879:6:sss_se05x_digest_context_free	8	static
/Users/liam/Documents/nezami_project/code/murata-sdk/Type2BP_SDK_UWBIOT_SR150_v04.06.05_MCUx/UWBIOT_SR150_v04.06.05_MCUx/uwbiot-top/se_mw/sss/src/se05x/fsl_sss_se05x_apis.c:6897:14:sss_se05x_rng_context_init	0	static
/Users/liam/Documents/nezami_project/code/murata-sdk/Type2BP_SDK_UWBIOT_SR150_v04.06.05_MCUx/UWBIOT_SR150_v04.06.05_MCUx/uwbiot-top/se_mw/sss/src/se05x/fsl_sss_se05x_apis.c:6904:14:sss_se05x_rng_get_random	40	static
/Users/liam/Documents/nezami_project/code/murata-sdk/Type2BP_SDK_UWBIOT_SR150_v04.06.05_MCUx/UWBIOT_SR150_v04.06.05_MCUx/uwbiot-top/se_mw/sss/src/se05x/fsl_sss_se05x_apis.c:6932:14:sss_se05x_rng_context_free	8	static
/Users/liam/Documents/nezami_project/code/murata-sdk/Type2BP_SDK_UWBIOT_SR150_v04.06.05_MCUx/UWBIOT_SR150_v04.06.05_MCUx/uwbiot-top/se_mw/sss/src/se05x/fsl_sss_se05x_apis.c:6940:14:sss_se05x_tunnel_context_init	8	static
/Users/liam/Documents/nezami_project/code/murata-sdk/Type2BP_SDK_UWBIOT_SR150_v04.06.05_MCUx/UWBIOT_SR150_v04.06.05_MCUx/uwbiot-top/se_mw/sss/src/se05x/fsl_sss_se05x_apis.c:6962:14:sss_se05x_tunnel	0	static
/Users/liam/Documents/nezami_project/code/murata-sdk/Type2BP_SDK_UWBIOT_SR150_v04.06.05_MCUx/UWBIOT_SR150_v04.06.05_MCUx/uwbiot-top/se_mw/sss/src/se05x/fsl_sss_se05x_apis.c:6979:6:sss_se05x_tunnel_context_free	8	static
/Users/liam/Documents/nezami_project/code/murata-sdk/Type2BP_SDK_UWBIOT_SR150_v04.06.05_MCUx/UWBIOT_SR150_v04.06.05_MCUx/uwbiot-top/se_mw/sss/src/se05x/fsl_sss_se05x_apis.c:7147:14:sss_se05x_key_store_create_curve	8	static
/Users/liam/Documents/nezami_project/code/murata-sdk/Type2BP_SDK_UWBIOT_SR150_v04.06.05_MCUx/UWBIOT_SR150_v04.06.05_MCUx/uwbiot-top/se_mw/sss/src/se05x/fsl_sss_se05x_apis.c:7162:14:sss_se05x_set_feature	72	static
/Users/liam/Documents/nezami_project/code/murata-sdk/Type2BP_SDK_UWBIOT_SR150_v04.06.05_MCUx/UWBIOT_SR150_v04.06.05_MCUx/uwbiot-top/se_mw/sss/src/se05x/fsl_sss_se05x_apis.c:7891:20:se05x_get_sha_algo	0	static
/Users/liam/Documents/nezami_project/code/murata-sdk/Type2BP_SDK_UWBIOT_SR150_v04.06.05_MCUx/UWBIOT_SR150_v04.06.05_MCUx/uwbiot-top/se_mw/sss/src/se05x/fsl_sss_se05x_apis.c:1305:14:sss_se05x_derive_key_go	1096	static
/Users/liam/Documents/nezami_project/code/murata-sdk/Type2BP_SDK_UWBIOT_SR150_v04.06.05_MCUx/UWBIOT_SR150_v04.06.05_MCUx/uwbiot-top/se_mw/sss/src/se05x/fsl_sss_se05x_apis.c:1362:14:sss_se05x_derive_key_one_go	1112	static
/Users/liam/Documents/nezami_project/code/murata-sdk/Type2BP_SDK_UWBIOT_SR150_v04.06.05_MCUx/UWBIOT_SR150_v04.06.05_MCUx/uwbiot-top/se_mw/sss/src/se05x/fsl_sss_se05x_apis.c:1428:14:sss_se05x_derive_key_sobj_one_go	1112	static
/Users/liam/Documents/nezami_project/code/murata-sdk/Type2BP_SDK_UWBIOT_SR150_v04.06.05_MCUx/UWBIOT_SR150_v04.06.05_MCUx/uwbiot-top/se_mw/sss/src/se05x/fsl_sss_se05x_apis.c:6764:14:sss_se05x_digest_one_go	32	static
