C:/Users/lr228/UWBIOT_SR150_LiamRoth/uwbiot-top/ext/boards/qn9090/bluetooth/framework/Flash/Flash_Adapter.c:320:10:NV_ReadSweep	192	static
C:/Users/lr228/UWBIOT_SR150_LiamRoth/uwbiot-top/ext/boards/qn9090/bluetooth/framework/Flash/Flash_Adapter.c:115:13:NV_Flash_WaitForCSEndAndDisableInterrupts	16	static
C:/Users/lr228/UWBIOT_SR150_LiamRoth/uwbiot-top/ext/boards/qn9090/bluetooth/framework/Flash/Flash_Adapter.c:346:10:NV_SafeReadFromFlash	48	static
C:/Users/lr228/UWBIOT_SR150_LiamRoth/uwbiot-top/ext/boards/qn9090/bluetooth/framework/Flash/Flash_Adapter.c:364:6:NV_FlashPerformAudit	24	static
C:/Users/lr228/UWBIOT_SR150_LiamRoth/uwbiot-top/ext/boards/qn9090/bluetooth/framework/Flash/Flash_Adapter.c:419:5:PsectorUpdateFlashAudit	16	static
C:/Users/lr228/UWBIOT_SR150_LiamRoth/uwbiot-top/ext/boards/qn9090/bluetooth/framework/Flash/Flash_Adapter.c:437:5:psector_FlashAudit	8	static
C:/Users/lr228/UWBIOT_SR150_LiamRoth/uwbiot-top/ext/boards/qn9090/bluetooth/framework/Flash/Flash_Adapter.c:469:6:NV_Init	8	static
C:/Users/lr228/UWBIOT_SR150_LiamRoth/uwbiot-top/ext/boards/qn9090/bluetooth/framework/Flash/Flash_Adapter.c:520:6:NV_Flash_SetCriticalSection	8	static
C:/Users/lr228/UWBIOT_SR150_LiamRoth/uwbiot-top/ext/boards/qn9090/bluetooth/framework/Flash/Flash_Adapter.c:539:6:NV_Flash_ClearCriticalSection	16	static
C:/Users/lr228/UWBIOT_SR150_LiamRoth/uwbiot-top/ext/boards/qn9090/bluetooth/framework/Flash/Flash_Adapter.c:580:10:NV_FlashVerifyErase	16	static
C:/Users/lr228/UWBIOT_SR150_LiamRoth/uwbiot-top/ext/boards/qn9090/bluetooth/framework/Flash/Flash_Adapter.c:715:10:NV_FlashEraseSector	16	static
C:/Users/lr228/UWBIOT_SR150_LiamRoth/uwbiot-top/ext/boards/qn9090/bluetooth/framework/Flash/Flash_Adapter.c:164:17:NV_FlashProgramAdaptation	544	static
C:/Users/lr228/UWBIOT_SR150_LiamRoth/uwbiot-top/ext/boards/qn9090/bluetooth/framework/Flash/Flash_Adapter.c:606:10:NV_FlashProgram	8	static
C:/Users/lr228/UWBIOT_SR150_LiamRoth/uwbiot-top/ext/boards/qn9090/bluetooth/framework/Flash/Flash_Adapter.c:625:10:NV_FlashProgramUnaligned	544	static
