C:/Users/lr228/UWBIOT_SR150_LiamRoth/uwbiot-top/ext/mbedtls/library/aes.c:513:6:mbedtls_aes_init	8	static
C:/Users/lr228/UWBIOT_SR150_LiamRoth/uwbiot-top/ext/mbedtls/library/aes.c:520:6:mbedtls_aes_free	8	static
C:/Users/lr228/UWBIOT_SR150_LiamRoth/uwbiot-top/ext/mbedtls/library/aes.c:551:5:mbedtls_aes_setkey_enc	12	static
C:/Users/lr228/UWBIOT_SR150_LiamRoth/uwbiot-top/ext/mbedtls/library/aes.c:667:5:mbedtls_aes_setkey_dec	336	static
C:/Users/lr228/UWBIOT_SR150_LiamRoth/uwbiot-top/ext/mbedtls/library/aes.c:864:5:mbedtls_internal_aes_encrypt	88	static
C:/Users/lr228/UWBIOT_SR150_LiamRoth/uwbiot-top/ext/mbedtls/library/aes.c:925:6:mbedtls_aes_encrypt	8	static
C:/Users/lr228/UWBIOT_SR150_LiamRoth/uwbiot-top/ext/mbedtls/library/aes.c:937:5:mbedtls_internal_aes_decrypt	88	static
C:/Users/lr228/UWBIOT_SR150_LiamRoth/uwbiot-top/ext/mbedtls/library/aes.c:998:6:mbedtls_aes_decrypt	8	static
C:/Users/lr228/UWBIOT_SR150_LiamRoth/uwbiot-top/ext/mbedtls/library/aes.c:1009:5:mbedtls_aes_crypt_ecb	8	static
C:/Users/lr228/UWBIOT_SR150_LiamRoth/uwbiot-top/ext/mbedtls/library/aes.c:1047:5:mbedtls_aes_crypt_cbc	64	static
C:/Users/lr228/UWBIOT_SR150_LiamRoth/uwbiot-top/ext/mbedtls/library/aes.c:1286:5:mbedtls_aes_crypt_cfb128	40	static
C:/Users/lr228/UWBIOT_SR150_LiamRoth/uwbiot-top/ext/mbedtls/library/aes.c:1345:5:mbedtls_aes_crypt_cfb8	64	static
C:/Users/lr228/UWBIOT_SR150_LiamRoth/uwbiot-top/ext/mbedtls/library/aes.c:1385:5:mbedtls_aes_crypt_ofb	40	static
C:/Users/lr228/UWBIOT_SR150_LiamRoth/uwbiot-top/ext/mbedtls/library/aes.c:1430:5:mbedtls_aes_crypt_ctr	48	static
