/Users/liam/Documents/nezami_project/code/murata-sdk/Type2BP_SDK_UWBIOT_SR150_v04.06.05_MCUx/UWBIOT_SR150_LiamRoth/uwbiot-top/ext/mbedtls/library/base64.c:147:22:mbedtls_base64_table_lookup	8	static
/Users/liam/Documents/nezami_project/code/murata-sdk/Type2BP_SDK_UWBIOT_SR150_v04.06.05_MCUx/UWBIOT_SR150_LiamRoth/uwbiot-top/ext/mbedtls/library/base64.c:164:5:mbedtls_base64_encode	64	static
/Users/liam/Documents/nezami_project/code/murata-sdk/Type2BP_SDK_UWBIOT_SR150_v04.06.05_MCUx/UWBIOT_SR150_LiamRoth/uwbiot-top/ext/mbedtls/library/base64.c:242:5:mbedtls_base64_decode	56	static
