C:/Users/lr228/UWBIOT_SR150_LiamRoth/uwbiot-top/ext/mbedtls/library/bignum.c:452:12:mpi_get_digit	0	static
C:/Users/lr228/UWBIOT_SR150_LiamRoth/uwbiot-top/ext/mbedtls/library/bignum.c:1358:25:mpi_sub_hlp	16	static
C:/Users/lr228/UWBIOT_SR150_LiamRoth/uwbiot-top/ext/mbedtls/library/bignum.c:1559:6:mpi_mul_hlp	12	static
C:/Users/lr228/UWBIOT_SR150_LiamRoth/uwbiot-top/ext/mbedtls/library/bignum.c:2053:13:mpi_montmul	64	static
C:/Users/lr228/UWBIOT_SR150_LiamRoth/uwbiot-top/ext/mbedtls/library/bignum.c:811:13:mpi_bigendian_to_host	0	static
C:/Users/lr228/UWBIOT_SR150_LiamRoth/uwbiot-top/ext/mbedtls/library/bignum.c:84:6:mbedtls_mpi_init	0	static
C:/Users/lr228/UWBIOT_SR150_LiamRoth/uwbiot-top/ext/mbedtls/library/bignum.c:96:6:mbedtls_mpi_free	8	static
C:/Users/lr228/UWBIOT_SR150_LiamRoth/uwbiot-top/ext/mbedtls/library/bignum.c:115:5:mbedtls_mpi_grow	16	static
C:/Users/lr228/UWBIOT_SR150_LiamRoth/uwbiot-top/ext/mbedtls/library/bignum.c:146:5:mbedtls_mpi_shrink	16	static
C:/Users/lr228/UWBIOT_SR150_LiamRoth/uwbiot-top/ext/mbedtls/library/bignum.c:187:5:mbedtls_mpi_copy	16	static
C:/Users/lr228/UWBIOT_SR150_LiamRoth/uwbiot-top/ext/mbedtls/library/bignum.c:229:6:mbedtls_mpi_swap	32	static
C:/Users/lr228/UWBIOT_SR150_LiamRoth/uwbiot-top/ext/mbedtls/library/bignum.c:261:5:mbedtls_mpi_safe_cond_assign	24	static
C:/Users/lr228/UWBIOT_SR150_LiamRoth/uwbiot-top/ext/mbedtls/library/bignum.c:290:5:mbedtls_mpi_safe_cond_swap	24	static
C:/Users/lr228/UWBIOT_SR150_LiamRoth/uwbiot-top/ext/mbedtls/library/bignum.c:326:5:mbedtls_mpi_lset	16	static
C:/Users/lr228/UWBIOT_SR150_LiamRoth/uwbiot-top/ext/mbedtls/library/bignum.c:345:5:mbedtls_mpi_get_bit	0	static
C:/Users/lr228/UWBIOT_SR150_LiamRoth/uwbiot-top/ext/mbedtls/library/bignum.c:362:5:mbedtls_mpi_set_bit	24	static
C:/Users/lr228/UWBIOT_SR150_LiamRoth/uwbiot-top/ext/mbedtls/library/bignum.c:391:8:mbedtls_mpi_lsb	16	static
C:/Users/lr228/UWBIOT_SR150_LiamRoth/uwbiot-top/ext/mbedtls/library/bignum.c:425:8:mbedtls_mpi_bitlen	0	static
C:/Users/lr228/UWBIOT_SR150_LiamRoth/uwbiot-top/ext/mbedtls/library/bignum.c:444:8:mbedtls_mpi_size	8	static
C:/Users/lr228/UWBIOT_SR150_LiamRoth/uwbiot-top/ext/mbedtls/library/bignum.c:843:5:mbedtls_mpi_read_binary_le	24	static
C:/Users/lr228/UWBIOT_SR150_LiamRoth/uwbiot-top/ext/mbedtls/library/bignum.c:876:5:mbedtls_mpi_read_binary	24	static
C:/Users/lr228/UWBIOT_SR150_LiamRoth/uwbiot-top/ext/mbedtls/library/bignum.c:918:5:mbedtls_mpi_write_binary_le	24	static
C:/Users/lr228/UWBIOT_SR150_LiamRoth/uwbiot-top/ext/mbedtls/library/bignum.c:957:5:mbedtls_mpi_write_binary	16	static
C:/Users/lr228/UWBIOT_SR150_LiamRoth/uwbiot-top/ext/mbedtls/library/bignum.c:1003:5:mbedtls_mpi_shift_l	24	static
C:/Users/lr228/UWBIOT_SR150_LiamRoth/uwbiot-top/ext/mbedtls/library/bignum.c:1054:5:mbedtls_mpi_shift_r	16	static
C:/Users/lr228/UWBIOT_SR150_LiamRoth/uwbiot-top/ext/mbedtls/library/bignum.c:1098:5:mbedtls_mpi_cmp_abs	4	static
C:/Users/lr228/UWBIOT_SR150_LiamRoth/uwbiot-top/ext/mbedtls/library/bignum.c:1130:5:mbedtls_mpi_cmp_mpi	8	static
C:/Users/lr228/UWBIOT_SR150_LiamRoth/uwbiot-top/ext/mbedtls/library/bignum.c:1200:5:mbedtls_mpi_lt_mpi_ct	24	static
C:/Users/lr228/UWBIOT_SR150_LiamRoth/uwbiot-top/ext/mbedtls/library/bignum.c:1266:5:mbedtls_mpi_cmp_int	24	static
C:/Users/lr228/UWBIOT_SR150_LiamRoth/uwbiot-top/ext/mbedtls/library/bignum.c:1286:5:mbedtls_mpi_add_abs	24	static
C:/Users/lr228/UWBIOT_SR150_LiamRoth/uwbiot-top/ext/mbedtls/library/bignum.c:1380:5:mbedtls_mpi_sub_abs	40	static
C:/Users/lr228/UWBIOT_SR150_LiamRoth/uwbiot-top/ext/mbedtls/library/bignum.c:1445:5:mbedtls_mpi_add_mpi	24	static
C:/Users/lr228/UWBIOT_SR150_LiamRoth/uwbiot-top/ext/mbedtls/library/bignum.c:1480:5:mbedtls_mpi_sub_mpi	24	static
C:/Users/lr228/UWBIOT_SR150_LiamRoth/uwbiot-top/ext/mbedtls/library/bignum.c:1515:5:mbedtls_mpi_add_int	24	static
C:/Users/lr228/UWBIOT_SR150_LiamRoth/uwbiot-top/ext/mbedtls/library/bignum.c:1533:5:mbedtls_mpi_sub_int	24	static
C:/Users/lr228/UWBIOT_SR150_LiamRoth/uwbiot-top/ext/mbedtls/library/bignum.c:1626:5:mbedtls_mpi_mul_mpi	56	static
C:/Users/lr228/UWBIOT_SR150_LiamRoth/uwbiot-top/ext/mbedtls/library/bignum.c:1667:5:mbedtls_mpi_mul_int	24	static
C:/Users/lr228/UWBIOT_SR150_LiamRoth/uwbiot-top/ext/mbedtls/library/bignum.c:469:5:mbedtls_mpi_read_string	48	static
C:/Users/lr228/UWBIOT_SR150_LiamRoth/uwbiot-top/ext/mbedtls/library/bignum.c:1781:5:mbedtls_mpi_div_mpi	152	static
C:/Users/lr228/UWBIOT_SR150_LiamRoth/uwbiot-top/ext/mbedtls/library/bignum.c:1909:5:mbedtls_mpi_div_int	24	static
C:/Users/lr228/UWBIOT_SR150_LiamRoth/uwbiot-top/ext/mbedtls/library/bignum.c:1931:5:mbedtls_mpi_mod_mpi	24	static
C:/Users/lr228/UWBIOT_SR150_LiamRoth/uwbiot-top/ext/mbedtls/library/bignum.c:1958:5:mbedtls_mpi_mod_int	12	static
C:/Users/lr228/UWBIOT_SR150_LiamRoth/uwbiot-top/ext/mbedtls/library/bignum.c:582:5:mbedtls_mpi_write_string	64	static
C:/Users/lr228/UWBIOT_SR150_LiamRoth/uwbiot-top/ext/mbedtls/library/bignum.c:2577:12:mpi_check_small_factors	24	static
C:/Users/lr228/UWBIOT_SR150_LiamRoth/uwbiot-top/ext/mbedtls/library/bignum.c:2123:5:mbedtls_mpi_exp_mod	136	static
C:/Users/lr228/UWBIOT_SR150_LiamRoth/uwbiot-top/ext/mbedtls/library/bignum.c:2348:5:mbedtls_mpi_gcd	48	static
C:/Users/lr228/UWBIOT_SR150_LiamRoth/uwbiot-top/ext/mbedtls/library/bignum.c:2409:5:mbedtls_mpi_fill_random	32	static
C:/Users/lr228/UWBIOT_SR150_LiamRoth/uwbiot-top/ext/mbedtls/library/bignum.c:2604:12:mpi_miller_rabin	120	static
C:/Users/lr228/UWBIOT_SR150_LiamRoth/uwbiot-top/ext/mbedtls/library/bignum.c:2445:5:mbedtls_mpi_inv_mod	136	static
C:/Users/lr228/UWBIOT_SR150_LiamRoth/uwbiot-top/ext/mbedtls/library/bignum.c:2697:5:mbedtls_mpi_is_prime_ext	32	static
C:/Users/lr228/UWBIOT_SR150_LiamRoth/uwbiot-top/ext/mbedtls/library/bignum.c:2737:5:mbedtls_mpi_is_prime	8	static
C:/Users/lr228/UWBIOT_SR150_LiamRoth/uwbiot-top/ext/mbedtls/library/bignum.c:2761:5:mbedtls_mpi_gen_prime	72	static
