/Users/liam/Documents/nezami_project/code/murata-sdk/Type2BP_SDK_UWBIOT_SR150_v04.06.05_MCUx/UWBIOT_SR150_LiamRoth/uwbiot-top/ext/mbedtls/library/cipher.c:749:13:add_pkcs_padding	0	static
/Users/liam/Documents/nezami_project/code/murata-sdk/Type2BP_SDK_UWBIOT_SR150_v04.06.05_MCUx/UWBIOT_SR150_LiamRoth/uwbiot-top/ext/mbedtls/library/cipher.c:759:12:get_pkcs_padding	12	static
/Users/liam/Documents/nezami_project/code/murata-sdk/Type2BP_SDK_UWBIOT_SR150_v04.06.05_MCUx/UWBIOT_SR150_LiamRoth/uwbiot-top/ext/mbedtls/library/cipher.c:789:13:add_one_and_zeros_padding	4	static
/Users/liam/Documents/nezami_project/code/murata-sdk/Type2BP_SDK_UWBIOT_SR150_v04.06.05_MCUx/UWBIOT_SR150_LiamRoth/uwbiot-top/ext/mbedtls/library/cipher.c:800:12:get_one_and_zeros_padding	8	static
/Users/liam/Documents/nezami_project/code/murata-sdk/Type2BP_SDK_UWBIOT_SR150_v04.06.05_MCUx/UWBIOT_SR150_LiamRoth/uwbiot-top/ext/mbedtls/library/cipher.c:828:13:add_zeros_and_len_padding	8	static
/Users/liam/Documents/nezami_project/code/murata-sdk/Type2BP_SDK_UWBIOT_SR150_v04.06.05_MCUx/UWBIOT_SR150_LiamRoth/uwbiot-top/ext/mbedtls/library/cipher.c:839:12:get_zeros_and_len_padding	8	static
/Users/liam/Documents/nezami_project/code/murata-sdk/Type2BP_SDK_UWBIOT_SR150_v04.06.05_MCUx/UWBIOT_SR150_LiamRoth/uwbiot-top/ext/mbedtls/library/cipher.c:868:13:add_zeros_padding	0	static
/Users/liam/Documents/nezami_project/code/murata-sdk/Type2BP_SDK_UWBIOT_SR150_v04.06.05_MCUx/UWBIOT_SR150_LiamRoth/uwbiot-top/ext/mbedtls/library/cipher.c:877:12:get_zeros_padding	8	static
/Users/liam/Documents/nezami_project/code/murata-sdk/Type2BP_SDK_UWBIOT_SR150_v04.06.05_MCUx/UWBIOT_SR150_LiamRoth/uwbiot-top/ext/mbedtls/library/cipher.c:904:12:get_no_padding	0	static
/Users/liam/Documents/nezami_project/code/murata-sdk/Type2BP_SDK_UWBIOT_SR150_v04.06.05_MCUx/UWBIOT_SR150_LiamRoth/uwbiot-top/ext/mbedtls/library/cipher.c:1294:12:mbedtls_cipher_aead_encrypt	40	static
/Users/liam/Documents/nezami_project/code/murata-sdk/Type2BP_SDK_UWBIOT_SR150_v04.06.05_MCUx/UWBIOT_SR150_LiamRoth/uwbiot-top/ext/mbedtls/library/cipher.c:1374:12:mbedtls_cipher_aead_decrypt	32	static
/Users/liam/Documents/nezami_project/code/murata-sdk/Type2BP_SDK_UWBIOT_SR150_v04.06.05_MCUx/UWBIOT_SR150_LiamRoth/uwbiot-top/ext/mbedtls/library/cipher.c:100:12:mbedtls_cipher_list	0	static
/Users/liam/Documents/nezami_project/code/murata-sdk/Type2BP_SDK_UWBIOT_SR150_v04.06.05_MCUx/UWBIOT_SR150_LiamRoth/uwbiot-top/ext/mbedtls/library/cipher.c:121:30:mbedtls_cipher_info_from_type	0	static
/Users/liam/Documents/nezami_project/code/murata-sdk/Type2BP_SDK_UWBIOT_SR150_v04.06.05_MCUx/UWBIOT_SR150_LiamRoth/uwbiot-top/ext/mbedtls/library/cipher.c:133:30:mbedtls_cipher_info_from_string	16	static
/Users/liam/Documents/nezami_project/code/murata-sdk/Type2BP_SDK_UWBIOT_SR150_v04.06.05_MCUx/UWBIOT_SR150_LiamRoth/uwbiot-top/ext/mbedtls/library/cipher.c:148:30:mbedtls_cipher_info_from_values	4	static
/Users/liam/Documents/nezami_project/code/murata-sdk/Type2BP_SDK_UWBIOT_SR150_v04.06.05_MCUx/UWBIOT_SR150_LiamRoth/uwbiot-top/ext/mbedtls/library/cipher.c:164:6:mbedtls_cipher_init	8	static
/Users/liam/Documents/nezami_project/code/murata-sdk/Type2BP_SDK_UWBIOT_SR150_v04.06.05_MCUx/UWBIOT_SR150_LiamRoth/uwbiot-top/ext/mbedtls/library/cipher.c:170:6:mbedtls_cipher_free	8	static
/Users/liam/Documents/nezami_project/code/murata-sdk/Type2BP_SDK_UWBIOT_SR150_v04.06.05_MCUx/UWBIOT_SR150_LiamRoth/uwbiot-top/ext/mbedtls/library/cipher.c:273:5:mbedtls_cipher_setkey	8	static
/Users/liam/Documents/nezami_project/code/murata-sdk/Type2BP_SDK_UWBIOT_SR150_v04.06.05_MCUx/UWBIOT_SR150_LiamRoth/uwbiot-top/ext/mbedtls/library/cipher.c:371:5:mbedtls_cipher_set_iv	16	static
/Users/liam/Documents/nezami_project/code/murata-sdk/Type2BP_SDK_UWBIOT_SR150_v04.06.05_MCUx/UWBIOT_SR150_LiamRoth/uwbiot-top/ext/mbedtls/library/cipher.c:427:5:mbedtls_cipher_reset	0	static
/Users/liam/Documents/nezami_project/code/murata-sdk/Type2BP_SDK_UWBIOT_SR150_v04.06.05_MCUx/UWBIOT_SR150_LiamRoth/uwbiot-top/ext/mbedtls/library/cipher.c:448:5:mbedtls_cipher_update_ad	16	static
/Users/liam/Documents/nezami_project/code/murata-sdk/Type2BP_SDK_UWBIOT_SR150_v04.06.05_MCUx/UWBIOT_SR150_LiamRoth/uwbiot-top/ext/mbedtls/library/cipher.c:499:5:mbedtls_cipher_update	56	static
/Users/liam/Documents/nezami_project/code/murata-sdk/Type2BP_SDK_UWBIOT_SR150_v04.06.05_MCUx/UWBIOT_SR150_LiamRoth/uwbiot-top/ext/mbedtls/library/cipher.c:916:5:mbedtls_cipher_finish	32	static
/Users/liam/Documents/nezami_project/code/murata-sdk/Type2BP_SDK_UWBIOT_SR150_v04.06.05_MCUx/UWBIOT_SR150_LiamRoth/uwbiot-top/ext/mbedtls/library/cipher.c:1017:5:mbedtls_cipher_set_padding_mode	0	static
/Users/liam/Documents/nezami_project/code/murata-sdk/Type2BP_SDK_UWBIOT_SR150_v04.06.05_MCUx/UWBIOT_SR150_LiamRoth/uwbiot-top/ext/mbedtls/library/cipher.c:213:5:mbedtls_cipher_setup	16	static
/Users/liam/Documents/nezami_project/code/murata-sdk/Type2BP_SDK_UWBIOT_SR150_v04.06.05_MCUx/UWBIOT_SR150_LiamRoth/uwbiot-top/ext/mbedtls/library/cipher.c:1080:5:mbedtls_cipher_write_tag	8	static
/Users/liam/Documents/nezami_project/code/murata-sdk/Type2BP_SDK_UWBIOT_SR150_v04.06.05_MCUx/UWBIOT_SR150_LiamRoth/uwbiot-top/ext/mbedtls/library/cipher.c:1122:5:mbedtls_cipher_check_tag	32	static
/Users/liam/Documents/nezami_project/code/murata-sdk/Type2BP_SDK_UWBIOT_SR150_v04.06.05_MCUx/UWBIOT_SR150_LiamRoth/uwbiot-top/ext/mbedtls/library/cipher.c:1198:5:mbedtls_cipher_crypt	32	static
/Users/liam/Documents/nezami_project/code/murata-sdk/Type2BP_SDK_UWBIOT_SR150_v04.06.05_MCUx/UWBIOT_SR150_LiamRoth/uwbiot-top/ext/mbedtls/library/cipher.c:1476:5:mbedtls_cipher_auth_encrypt	40	static
/Users/liam/Documents/nezami_project/code/murata-sdk/Type2BP_SDK_UWBIOT_SR150_v04.06.05_MCUx/UWBIOT_SR150_LiamRoth/uwbiot-top/ext/mbedtls/library/cipher.c:1499:5:mbedtls_cipher_auth_decrypt	40	static
/Users/liam/Documents/nezami_project/code/murata-sdk/Type2BP_SDK_UWBIOT_SR150_v04.06.05_MCUx/UWBIOT_SR150_LiamRoth/uwbiot-top/ext/mbedtls/library/cipher.c:1525:5:mbedtls_cipher_auth_encrypt_ext	56	static
/Users/liam/Documents/nezami_project/code/murata-sdk/Type2BP_SDK_UWBIOT_SR150_v04.06.05_MCUx/UWBIOT_SR150_LiamRoth/uwbiot-top/ext/mbedtls/library/cipher.c:1581:5:mbedtls_cipher_auth_decrypt_ext	48	static
