C:/Users/lr228/UWBIOT_SR150_LiamRoth/uwbiot-top/ext/mbedtls/library/ctr_drbg.c:125:12:block_cipher_df	840	static
C:/Users/lr228/UWBIOT_SR150_LiamRoth/uwbiot-top/ext/mbedtls/library/ctr_drbg.c:256:12:ctr_drbg_update_internal	80	static
C:/Users/lr228/UWBIOT_SR150_LiamRoth/uwbiot-top/ext/mbedtls/library/ctr_drbg.c:364:12:mbedtls_ctr_drbg_reseed_internal	408	static
C:/Users/lr228/UWBIOT_SR150_LiamRoth/uwbiot-top/ext/mbedtls/library/ctr_drbg.c:51:6:mbedtls_ctr_drbg_init	8	static
C:/Users/lr228/UWBIOT_SR150_LiamRoth/uwbiot-top/ext/mbedtls/library/ctr_drbg.c:65:6:mbedtls_ctr_drbg_free	8	static
C:/Users/lr228/UWBIOT_SR150_LiamRoth/uwbiot-top/ext/mbedtls/library/ctr_drbg.c:81:6:mbedtls_ctr_drbg_set_prediction_resistance	0	static
C:/Users/lr228/UWBIOT_SR150_LiamRoth/uwbiot-top/ext/mbedtls/library/ctr_drbg.c:87:6:mbedtls_ctr_drbg_set_entropy_len	0	static
C:/Users/lr228/UWBIOT_SR150_LiamRoth/uwbiot-top/ext/mbedtls/library/ctr_drbg.c:93:5:mbedtls_ctr_drbg_set_nonce_len	0	static
C:/Users/lr228/UWBIOT_SR150_LiamRoth/uwbiot-top/ext/mbedtls/library/ctr_drbg.c:119:6:mbedtls_ctr_drbg_set_reseed_interval	0	static
C:/Users/lr228/UWBIOT_SR150_LiamRoth/uwbiot-top/ext/mbedtls/library/ctr_drbg.c:318:5:mbedtls_ctr_drbg_update_ret	64	static
C:/Users/lr228/UWBIOT_SR150_LiamRoth/uwbiot-top/ext/mbedtls/library/ctr_drbg.c:339:6:mbedtls_ctr_drbg_update	8	static
C:/Users/lr228/UWBIOT_SR150_LiamRoth/uwbiot-top/ext/mbedtls/library/ctr_drbg.c:420:5:mbedtls_ctr_drbg_reseed	8	static
C:/Users/lr228/UWBIOT_SR150_LiamRoth/uwbiot-top/ext/mbedtls/library/ctr_drbg.c:450:5:mbedtls_ctr_drbg_seed	56	static
C:/Users/lr228/UWBIOT_SR150_LiamRoth/uwbiot-top/ext/mbedtls/library/ctr_drbg.c:517:5:mbedtls_ctr_drbg_random_with_add	96	static
C:/Users/lr228/UWBIOT_SR150_LiamRoth/uwbiot-top/ext/mbedtls/library/ctr_drbg.c:594:5:mbedtls_ctr_drbg_random	16	static
