C:/Users/lr228/UWBIOT_SR150_LiamRoth/uwbiot-top/ext/mbedtls/library/des.c:306:6:mbedtls_des_init	8	static
C:/Users/lr228/UWBIOT_SR150_LiamRoth/uwbiot-top/ext/mbedtls/library/des.c:311:6:mbedtls_des_free	8	static
C:/Users/lr228/UWBIOT_SR150_LiamRoth/uwbiot-top/ext/mbedtls/library/des.c:319:6:mbedtls_des3_init	8	static
C:/Users/lr228/UWBIOT_SR150_LiamRoth/uwbiot-top/ext/mbedtls/library/des.c:324:6:mbedtls_des3_free	8	static
C:/Users/lr228/UWBIOT_SR150_LiamRoth/uwbiot-top/ext/mbedtls/library/des.c:343:6:mbedtls_des_key_set_parity	0	static
C:/Users/lr228/UWBIOT_SR150_LiamRoth/uwbiot-top/ext/mbedtls/library/des.c:354:5:mbedtls_des_key_check_key_parity	4	static
C:/Users/lr228/UWBIOT_SR150_LiamRoth/uwbiot-top/ext/mbedtls/library/des.c:409:5:mbedtls_des_key_check_weak	24	static
C:/Users/lr228/UWBIOT_SR150_LiamRoth/uwbiot-top/ext/mbedtls/library/des.c:421:6:mbedtls_des_setkey	28	static
C:/Users/lr228/UWBIOT_SR150_LiamRoth/uwbiot-top/ext/mbedtls/library/des.c:519:13:des3_set2key	16	static
C:/Users/lr228/UWBIOT_SR150_LiamRoth/uwbiot-top/ext/mbedtls/library/des.c:572:13:des3_set3key	16	static
C:/Users/lr228/UWBIOT_SR150_LiamRoth/uwbiot-top/ext/mbedtls/library/des.c:494:5:mbedtls_des_setkey_enc	8	static
C:/Users/lr228/UWBIOT_SR150_LiamRoth/uwbiot-top/ext/mbedtls/library/des.c:504:5:mbedtls_des_setkey_dec	8	static
C:/Users/lr228/UWBIOT_SR150_LiamRoth/uwbiot-top/ext/mbedtls/library/des.c:547:5:mbedtls_des3_set2key_enc	392	static
C:/Users/lr228/UWBIOT_SR150_LiamRoth/uwbiot-top/ext/mbedtls/library/des.c:561:5:mbedtls_des3_set2key_dec	392	static
C:/Users/lr228/UWBIOT_SR150_LiamRoth/uwbiot-top/ext/mbedtls/library/des.c:598:5:mbedtls_des3_set3key_enc	392	static
C:/Users/lr228/UWBIOT_SR150_LiamRoth/uwbiot-top/ext/mbedtls/library/des.c:612:5:mbedtls_des3_set3key_dec	392	static
C:/Users/lr228/UWBIOT_SR150_LiamRoth/uwbiot-top/ext/mbedtls/library/des.c:627:5:mbedtls_des_crypt_ecb	48	static
C:/Users/lr228/UWBIOT_SR150_LiamRoth/uwbiot-top/ext/mbedtls/library/des.c:660:5:mbedtls_des_crypt_cbc	40	static
C:/Users/lr228/UWBIOT_SR150_LiamRoth/uwbiot-top/ext/mbedtls/library/des.c:714:5:mbedtls_des3_crypt_ecb	56	static
C:/Users/lr228/UWBIOT_SR150_LiamRoth/uwbiot-top/ext/mbedtls/library/des.c:759:5:mbedtls_des3_crypt_cbc	40	static
