/Users/liam/Documents/nezami_project/code/murata-sdk/Type2BP_SDK_UWBIOT_SR150_v04.06.05_MCUx/UWBIOT_SR150_LiamRoth/uwbiot-top/ext/mbedtls/library/hmac_drbg.c:52:6:mbedtls_hmac_drbg_init	8	static
/Users/liam/Documents/nezami_project/code/murata-sdk/Type2BP_SDK_UWBIOT_SR150_v04.06.05_MCUx/UWBIOT_SR150_LiamRoth/uwbiot-top/ext/mbedtls/library/hmac_drbg.c:62:5:mbedtls_hmac_drbg_update_ret	112	static
/Users/liam/Documents/nezami_project/code/murata-sdk/Type2BP_SDK_UWBIOT_SR150_v04.06.05_MCUx/UWBIOT_SR150_LiamRoth/uwbiot-top/ext/mbedtls/library/hmac_drbg.c:153:12:hmac_drbg_reseed_core	408	static
/Users/liam/Documents/nezami_project/code/murata-sdk/Type2BP_SDK_UWBIOT_SR150_v04.06.05_MCUx/UWBIOT_SR150_LiamRoth/uwbiot-top/ext/mbedtls/library/hmac_drbg.c:108:6:mbedtls_hmac_drbg_update	8	static
/Users/liam/Documents/nezami_project/code/murata-sdk/Type2BP_SDK_UWBIOT_SR150_v04.06.05_MCUx/UWBIOT_SR150_LiamRoth/uwbiot-top/ext/mbedtls/library/hmac_drbg.c:119:5:mbedtls_hmac_drbg_seed_buf	24	static
/Users/liam/Documents/nezami_project/code/murata-sdk/Type2BP_SDK_UWBIOT_SR150_v04.06.05_MCUx/UWBIOT_SR150_LiamRoth/uwbiot-top/ext/mbedtls/library/hmac_drbg.c:232:5:mbedtls_hmac_drbg_reseed	8	static
/Users/liam/Documents/nezami_project/code/murata-sdk/Type2BP_SDK_UWBIOT_SR150_v04.06.05_MCUx/UWBIOT_SR150_LiamRoth/uwbiot-top/ext/mbedtls/library/hmac_drbg.c:244:5:mbedtls_hmac_drbg_seed	24	static
/Users/liam/Documents/nezami_project/code/murata-sdk/Type2BP_SDK_UWBIOT_SR150_v04.06.05_MCUx/UWBIOT_SR150_LiamRoth/uwbiot-top/ext/mbedtls/library/hmac_drbg.c:302:6:mbedtls_hmac_drbg_set_prediction_resistance	0	static
/Users/liam/Documents/nezami_project/code/murata-sdk/Type2BP_SDK_UWBIOT_SR150_v04.06.05_MCUx/UWBIOT_SR150_LiamRoth/uwbiot-top/ext/mbedtls/library/hmac_drbg.c:311:6:mbedtls_hmac_drbg_set_entropy_len	0	static
/Users/liam/Documents/nezami_project/code/murata-sdk/Type2BP_SDK_UWBIOT_SR150_v04.06.05_MCUx/UWBIOT_SR150_LiamRoth/uwbiot-top/ext/mbedtls/library/hmac_drbg.c:319:6:mbedtls_hmac_drbg_set_reseed_interval	0	static
/Users/liam/Documents/nezami_project/code/murata-sdk/Type2BP_SDK_UWBIOT_SR150_v04.06.05_MCUx/UWBIOT_SR150_LiamRoth/uwbiot-top/ext/mbedtls/library/hmac_drbg.c:328:5:mbedtls_hmac_drbg_random_with_add	40	static
/Users/liam/Documents/nezami_project/code/murata-sdk/Type2BP_SDK_UWBIOT_SR150_v04.06.05_MCUx/UWBIOT_SR150_LiamRoth/uwbiot-top/ext/mbedtls/library/hmac_drbg.c:399:5:mbedtls_hmac_drbg_random	16	static
/Users/liam/Documents/nezami_project/code/murata-sdk/Type2BP_SDK_UWBIOT_SR150_v04.06.05_MCUx/UWBIOT_SR150_LiamRoth/uwbiot-top/ext/mbedtls/library/hmac_drbg.c:423:6:mbedtls_hmac_drbg_free	8	static
