C:/Users/lr228/UWBIOT_SR150_LiamRoth/uwbiot-top/ext/mbedtls/library/pem.c:54:12:pem_get_iv	16	static
C:/Users/lr228/UWBIOT_SR150_LiamRoth/uwbiot-top/ext/mbedtls/library/pem.c:76:12:pem_pbkdf1	128	static
C:/Users/lr228/UWBIOT_SR150_LiamRoth/uwbiot-top/ext/mbedtls/library/pem.c:166:12:pem_des3_decrypt	440	static
C:/Users/lr228/UWBIOT_SR150_LiamRoth/uwbiot-top/ext/mbedtls/library/pem.c:196:12:pem_aes_decrypt	344	static
C:/Users/lr228/UWBIOT_SR150_LiamRoth/uwbiot-top/ext/mbedtls/library/pem.c:44:6:mbedtls_pem_init	8	static
C:/Users/lr228/UWBIOT_SR150_LiamRoth/uwbiot-top/ext/mbedtls/library/pem.c:225:5:mbedtls_pem_read_buffer	200	static
C:/Users/lr228/UWBIOT_SR150_LiamRoth/uwbiot-top/ext/mbedtls/library/pem.c:419:6:mbedtls_pem_free	8	static
C:/Users/lr228/UWBIOT_SR150_LiamRoth/uwbiot-top/ext/mbedtls/library/pem.c:433:5:mbedtls_pem_write_buffer	56	static
