C:/Users/lr228/UWBIOT_SR150_LiamRoth/uwbiot-top/ext/mbedtls/library/ssl_ciphersuites.c:2230:34:mbedtls_ssl_ciphersuite_from_string	16	static
C:/Users/lr228/UWBIOT_SR150_LiamRoth/uwbiot-top/ext/mbedtls/library/ssl_ciphersuites.c:2249:34:mbedtls_ssl_ciphersuite_from_id	0	static
C:/Users/lr228/UWBIOT_SR150_LiamRoth/uwbiot-top/ext/mbedtls/library/ssl_ciphersuites.c:2199:12:mbedtls_ssl_list_ciphersuites	24	static
C:/Users/lr228/UWBIOT_SR150_LiamRoth/uwbiot-top/ext/mbedtls/library/ssl_ciphersuites.c:2264:13:mbedtls_ssl_get_ciphersuite_name	8	static
C:/Users/lr228/UWBIOT_SR150_LiamRoth/uwbiot-top/ext/mbedtls/library/ssl_ciphersuites.c:2276:5:mbedtls_ssl_get_ciphersuite_id	8	static
C:/Users/lr228/UWBIOT_SR150_LiamRoth/uwbiot-top/ext/mbedtls/library/ssl_ciphersuites.c:2289:19:mbedtls_ssl_get_ciphersuite_sig_pk_alg	0	static
C:/Users/lr228/UWBIOT_SR150_LiamRoth/uwbiot-top/ext/mbedtls/library/ssl_ciphersuites.c:2311:19:mbedtls_ssl_get_ciphersuite_sig_alg	0	static
C:/Users/lr228/UWBIOT_SR150_LiamRoth/uwbiot-top/ext/mbedtls/library/ssl_ciphersuites.c:2332:5:mbedtls_ssl_ciphersuite_uses_ec	0	static
C:/Users/lr228/UWBIOT_SR150_LiamRoth/uwbiot-top/ext/mbedtls/library/ssl_ciphersuites.c:2351:5:mbedtls_ssl_ciphersuite_uses_psk	0	static
