C:/Users/lr228/UWBIOT_SR150_LiamRoth/uwbiot-top/ext/mbedtls/library/ssl_tls.c:164:21:ssl_mfl_code_to_length	0	static
C:/Users/lr228/UWBIOT_SR150_LiamRoth/uwbiot-top/ext/mbedtls/library/ssl_tls.c:3803:12:ssl_cookie_write_dummy	0	static
C:/Users/lr228/UWBIOT_SR150_LiamRoth/uwbiot-top/ext/mbedtls/library/ssl_tls.c:3816:12:ssl_cookie_check_dummy	0	static
C:/Users/lr228/UWBIOT_SR150_LiamRoth/uwbiot-top/ext/mbedtls/library/ssl_tls.c:5314:12:ssl_session_save	32	static
C:/Users/lr228/UWBIOT_SR150_LiamRoth/uwbiot-top/ext/mbedtls/library/ssl_tls.c:4233:12:ssl_append_key_cert	24	static
C:/Users/lr228/UWBIOT_SR150_LiamRoth/uwbiot-top/ext/mbedtls/library/ssl_tls.c:641:12:tls_prf_generic	136	static
C:/Users/lr228/UWBIOT_SR150_LiamRoth/uwbiot-top/ext/mbedtls/library/ssl_tls.c:714:12:tls_prf_sha256	24	static
C:/Users/lr228/UWBIOT_SR150_LiamRoth/uwbiot-top/ext/mbedtls/library/ssl_tls.c:725:12:tls_prf_sha384	24	static
C:/Users/lr228/UWBIOT_SR150_LiamRoth/uwbiot-top/ext/mbedtls/library/ssl_tls.c:396:12:tls1_prf	88	static
C:/Users/lr228/UWBIOT_SR150_LiamRoth/uwbiot-top/ext/mbedtls/library/ssl_tls.c:4363:13:ssl_conf_remove_psk	8	static
C:/Users/lr228/UWBIOT_SR150_LiamRoth/uwbiot-top/ext/mbedtls/library/ssl_tls.c:3191:13:ssl_calc_finished_tls_sha256	184	static
C:/Users/lr228/UWBIOT_SR150_LiamRoth/uwbiot-top/ext/mbedtls/library/ssl_tls.c:1820:6:ssl_calc_verify_tls_sha256	128	static
C:/Users/lr228/UWBIOT_SR150_LiamRoth/uwbiot-top/ext/mbedtls/library/ssl_tls.c:3270:13:ssl_calc_finished_tls_sha384	304	static
C:/Users/lr228/UWBIOT_SR150_LiamRoth/uwbiot-top/ext/mbedtls/library/ssl_tls.c:1869:6:ssl_calc_verify_tls_sha384	232	static
C:/Users/lr228/UWBIOT_SR150_LiamRoth/uwbiot-top/ext/mbedtls/library/ssl_tls.c:3131:13:ssl_calc_finished_tls	256	static
C:/Users/lr228/UWBIOT_SR150_LiamRoth/uwbiot-top/ext/mbedtls/library/ssl_tls.c:1788:6:ssl_calc_verify_tls	200	static
C:/Users/lr228/UWBIOT_SR150_LiamRoth/uwbiot-top/ext/mbedtls/library/ssl_tls.c:893:12:ssl_populate_transform	328	static
C:/Users/lr228/UWBIOT_SR150_LiamRoth/uwbiot-top/ext/mbedtls/library/ssl_tls.c:2078:13:ssl_clear_peer_cert	8	static
C:/Users/lr228/UWBIOT_SR150_LiamRoth/uwbiot-top/ext/mbedtls/library/ssl_tls.c:5523:12:ssl_session_load	24	static
C:/Users/lr228/UWBIOT_SR150_LiamRoth/uwbiot-top/ext/mbedtls/library/ssl_tls.c:3021:13:ssl_update_checksum_sha256	8	static
C:/Users/lr228/UWBIOT_SR150_LiamRoth/uwbiot-top/ext/mbedtls/library/ssl_tls.c:3033:13:ssl_update_checksum_sha384	8	static
C:/Users/lr228/UWBIOT_SR150_LiamRoth/uwbiot-top/ext/mbedtls/library/ssl_tls.c:3011:13:ssl_update_checksum_md5sha1	16	static
C:/Users/lr228/UWBIOT_SR150_LiamRoth/uwbiot-top/ext/mbedtls/library/ssl_tls.c:2983:13:ssl_update_checksum_start	16	static
C:/Users/lr228/UWBIOT_SR150_LiamRoth/uwbiot-top/ext/mbedtls/library/ssl_tls.c:826:6:mbedtls_ssl_tls_prf	24	static
C:/Users/lr228/UWBIOT_SR150_LiamRoth/uwbiot-top/ext/mbedtls/library/ssl_tls.c:1644:5:mbedtls_ssl_derive_keys	120	static
C:/Users/lr228/UWBIOT_SR150_LiamRoth/uwbiot-top/ext/mbedtls/library/ssl_tls.c:1919:5:mbedtls_ssl_psk_derive_premaster	40	static
C:/Users/lr228/UWBIOT_SR150_LiamRoth/uwbiot-top/ext/mbedtls/library/ssl_tls.c:2050:5:mbedtls_ssl_resend_hello_request	8	static
C:/Users/lr228/UWBIOT_SR150_LiamRoth/uwbiot-top/ext/mbedtls/library/ssl_tls.c:2144:5:mbedtls_ssl_write_certificate	24	static
C:/Users/lr228/UWBIOT_SR150_LiamRoth/uwbiot-top/ext/mbedtls/library/ssl_tls.c:2927:6:mbedtls_ssl_optimize_checksum	0	static
C:/Users/lr228/UWBIOT_SR150_LiamRoth/uwbiot-top/ext/mbedtls/library/ssl_tls.c:2956:6:mbedtls_ssl_reset_checksum	8	static
C:/Users/lr228/UWBIOT_SR150_LiamRoth/uwbiot-top/ext/mbedtls/library/ssl_tls.c:3438:5:mbedtls_ssl_write_finished	16	static
C:/Users/lr228/UWBIOT_SR150_LiamRoth/uwbiot-top/ext/mbedtls/library/ssl_tls.c:3562:5:mbedtls_ssl_parse_finished	32	static
C:/Users/lr228/UWBIOT_SR150_LiamRoth/uwbiot-top/ext/mbedtls/library/ssl_tls.c:3708:6:mbedtls_ssl_transform_init	8	static
C:/Users/lr228/UWBIOT_SR150_LiamRoth/uwbiot-top/ext/mbedtls/library/ssl_tls.c:3721:6:mbedtls_ssl_session_init	8	static
C:/Users/lr228/UWBIOT_SR150_LiamRoth/uwbiot-top/ext/mbedtls/library/ssl_tls.c:3833:6:mbedtls_ssl_init	8	static
C:/Users/lr228/UWBIOT_SR150_LiamRoth/uwbiot-top/ext/mbedtls/library/ssl_tls.c:4060:6:mbedtls_ssl_conf_endpoint	0	static
C:/Users/lr228/UWBIOT_SR150_LiamRoth/uwbiot-top/ext/mbedtls/library/ssl_tls.c:4065:6:mbedtls_ssl_conf_transport	0	static
C:/Users/lr228/UWBIOT_SR150_LiamRoth/uwbiot-top/ext/mbedtls/library/ssl_tls.c:4071:6:mbedtls_ssl_conf_dtls_anti_replay	0	static
C:/Users/lr228/UWBIOT_SR150_LiamRoth/uwbiot-top/ext/mbedtls/library/ssl_tls.c:4078:6:mbedtls_ssl_conf_dtls_badmac_limit	0	static
C:/Users/lr228/UWBIOT_SR150_LiamRoth/uwbiot-top/ext/mbedtls/library/ssl_tls.c:4086:6:mbedtls_ssl_set_datagram_packing	0	static
C:/Users/lr228/UWBIOT_SR150_LiamRoth/uwbiot-top/ext/mbedtls/library/ssl_tls.c:4092:6:mbedtls_ssl_conf_handshake_timeout	0	static
C:/Users/lr228/UWBIOT_SR150_LiamRoth/uwbiot-top/ext/mbedtls/library/ssl_tls.c:4100:6:mbedtls_ssl_conf_authmode	0	static
C:/Users/lr228/UWBIOT_SR150_LiamRoth/uwbiot-top/ext/mbedtls/library/ssl_tls.c:4106:6:mbedtls_ssl_conf_verify	0	static
C:/Users/lr228/UWBIOT_SR150_LiamRoth/uwbiot-top/ext/mbedtls/library/ssl_tls.c:4115:6:mbedtls_ssl_conf_rng	0	static
C:/Users/lr228/UWBIOT_SR150_LiamRoth/uwbiot-top/ext/mbedtls/library/ssl_tls.c:4123:6:mbedtls_ssl_conf_dbg	0	static
C:/Users/lr228/UWBIOT_SR150_LiamRoth/uwbiot-top/ext/mbedtls/library/ssl_tls.c:4131:6:mbedtls_ssl_set_bio	0	static
C:/Users/lr228/UWBIOT_SR150_LiamRoth/uwbiot-top/ext/mbedtls/library/ssl_tls.c:4144:6:mbedtls_ssl_set_mtu	0	static
C:/Users/lr228/UWBIOT_SR150_LiamRoth/uwbiot-top/ext/mbedtls/library/ssl_tls.c:4150:6:mbedtls_ssl_conf_read_timeout	0	static
C:/Users/lr228/UWBIOT_SR150_LiamRoth/uwbiot-top/ext/mbedtls/library/ssl_tls.c:4155:6:mbedtls_ssl_set_timer_cb	8	static
C:/Users/lr228/UWBIOT_SR150_LiamRoth/uwbiot-top/ext/mbedtls/library/ssl_tls.c:4169:6:mbedtls_ssl_conf_session_cache	0	static
C:/Users/lr228/UWBIOT_SR150_LiamRoth/uwbiot-top/ext/mbedtls/library/ssl_tls.c:4203:6:mbedtls_ssl_conf_ciphersuites	0	static
C:/Users/lr228/UWBIOT_SR150_LiamRoth/uwbiot-top/ext/mbedtls/library/ssl_tls.c:4212:6:mbedtls_ssl_conf_ciphersuites_for_version	0	static
C:/Users/lr228/UWBIOT_SR150_LiamRoth/uwbiot-top/ext/mbedtls/library/ssl_tls.c:4226:6:mbedtls_ssl_conf_cert_profile	0	static
C:/Users/lr228/UWBIOT_SR150_LiamRoth/uwbiot-top/ext/mbedtls/library/ssl_tls.c:4263:5:mbedtls_ssl_conf_own_cert	8	static
C:/Users/lr228/UWBIOT_SR150_LiamRoth/uwbiot-top/ext/mbedtls/library/ssl_tls.c:4270:6:mbedtls_ssl_conf_ca_chain	0	static
C:/Users/lr228/UWBIOT_SR150_LiamRoth/uwbiot-top/ext/mbedtls/library/ssl_tls.c:4302:5:mbedtls_ssl_set_hs_own_cert	8	static
C:/Users/lr228/UWBIOT_SR150_LiamRoth/uwbiot-top/ext/mbedtls/library/ssl_tls.c:4310:6:mbedtls_ssl_set_hs_ca_chain	0	static
C:/Users/lr228/UWBIOT_SR150_LiamRoth/uwbiot-top/ext/mbedtls/library/ssl_tls.c:4318:6:mbedtls_ssl_set_hs_authmode	0	static
C:/Users/lr228/UWBIOT_SR150_LiamRoth/uwbiot-top/ext/mbedtls/library/ssl_tls.c:4326:6:mbedtls_ssl_set_verify	0	static
C:/Users/lr228/UWBIOT_SR150_LiamRoth/uwbiot-top/ext/mbedtls/library/ssl_tls.c:4423:5:mbedtls_ssl_conf_psk	24	static
C:/Users/lr228/UWBIOT_SR150_LiamRoth/uwbiot-top/ext/mbedtls/library/ssl_tls.c:4470:5:mbedtls_ssl_set_hs_psk	24	static
C:/Users/lr228/UWBIOT_SR150_LiamRoth/uwbiot-top/ext/mbedtls/library/ssl_tls.c:4527:6:mbedtls_ssl_conf_psk_cb	0	static
C:/Users/lr228/UWBIOT_SR150_LiamRoth/uwbiot-top/ext/mbedtls/library/ssl_tls.c:4540:5:mbedtls_ssl_conf_dh_param	24	static
C:/Users/lr228/UWBIOT_SR150_LiamRoth/uwbiot-top/ext/mbedtls/library/ssl_tls.c:4556:5:mbedtls_ssl_conf_dh_param_bin	24	static
C:/Users/lr228/UWBIOT_SR150_LiamRoth/uwbiot-top/ext/mbedtls/library/ssl_tls.c:4573:5:mbedtls_ssl_conf_dh_param_ctx	24	static
C:/Users/lr228/UWBIOT_SR150_LiamRoth/uwbiot-top/ext/mbedtls/library/ssl_tls.c:4593:6:mbedtls_ssl_conf_dhm_min_bitlen	0	static
C:/Users/lr228/UWBIOT_SR150_LiamRoth/uwbiot-top/ext/mbedtls/library/ssl_tls.c:4604:6:mbedtls_ssl_conf_sig_hashes	0	static
C:/Users/lr228/UWBIOT_SR150_LiamRoth/uwbiot-top/ext/mbedtls/library/ssl_tls.c:4615:6:mbedtls_ssl_conf_curves	0	static
C:/Users/lr228/UWBIOT_SR150_LiamRoth/uwbiot-top/ext/mbedtls/library/ssl_tls.c:4623:5:mbedtls_ssl_set_hostname	24	static
C:/Users/lr228/UWBIOT_SR150_LiamRoth/uwbiot-top/ext/mbedtls/library/ssl_tls.c:4669:6:mbedtls_ssl_conf_sni	0	static
C:/Users/lr228/UWBIOT_SR150_LiamRoth/uwbiot-top/ext/mbedtls/library/ssl_tls.c:4680:5:mbedtls_ssl_conf_alpn_protocols	24	static
C:/Users/lr228/UWBIOT_SR150_LiamRoth/uwbiot-top/ext/mbedtls/library/ssl_tls.c:4707:13:mbedtls_ssl_get_alpn_protocol	0	static
C:/Users/lr228/UWBIOT_SR150_LiamRoth/uwbiot-top/ext/mbedtls/library/ssl_tls.c:4793:6:mbedtls_ssl_conf_max_version	0	static
C:/Users/lr228/UWBIOT_SR150_LiamRoth/uwbiot-top/ext/mbedtls/library/ssl_tls.c:4799:6:mbedtls_ssl_conf_min_version	0	static
C:/Users/lr228/UWBIOT_SR150_LiamRoth/uwbiot-top/ext/mbedtls/library/ssl_tls.c:4806:6:mbedtls_ssl_conf_fallback	0	static
C:/Users/lr228/UWBIOT_SR150_LiamRoth/uwbiot-top/ext/mbedtls/library/ssl_tls.c:4813:6:mbedtls_ssl_conf_cert_req_ca_list	0	static
C:/Users/lr228/UWBIOT_SR150_LiamRoth/uwbiot-top/ext/mbedtls/library/ssl_tls.c:4821:6:mbedtls_ssl_conf_encrypt_then_mac	0	static
C:/Users/lr228/UWBIOT_SR150_LiamRoth/uwbiot-top/ext/mbedtls/library/ssl_tls.c:4828:6:mbedtls_ssl_conf_extended_master_secret	0	static
C:/Users/lr228/UWBIOT_SR150_LiamRoth/uwbiot-top/ext/mbedtls/library/ssl_tls.c:4842:5:mbedtls_ssl_conf_max_frag_len	16	static
C:/Users/lr228/UWBIOT_SR150_LiamRoth/uwbiot-top/ext/mbedtls/library/ssl_tls.c:4857:6:mbedtls_ssl_conf_truncated_hmac	0	static
C:/Users/lr228/UWBIOT_SR150_LiamRoth/uwbiot-top/ext/mbedtls/library/ssl_tls.c:4864:6:mbedtls_ssl_conf_cbc_record_splitting	0	static
C:/Users/lr228/UWBIOT_SR150_LiamRoth/uwbiot-top/ext/mbedtls/library/ssl_tls.c:4870:6:mbedtls_ssl_conf_legacy_renegotiation	0	static
C:/Users/lr228/UWBIOT_SR150_LiamRoth/uwbiot-top/ext/mbedtls/library/ssl_tls.c:4876:6:mbedtls_ssl_conf_renegotiation	0	static
C:/Users/lr228/UWBIOT_SR150_LiamRoth/uwbiot-top/ext/mbedtls/library/ssl_tls.c:4881:6:mbedtls_ssl_conf_renegotiation_enforced	0	static
C:/Users/lr228/UWBIOT_SR150_LiamRoth/uwbiot-top/ext/mbedtls/library/ssl_tls.c:4886:6:mbedtls_ssl_conf_renegotiation_period	8	static
C:/Users/lr228/UWBIOT_SR150_LiamRoth/uwbiot-top/ext/mbedtls/library/ssl_tls.c:4895:6:mbedtls_ssl_conf_session_tickets	0	static
C:/Users/lr228/UWBIOT_SR150_LiamRoth/uwbiot-top/ext/mbedtls/library/ssl_tls.c:4902:6:mbedtls_ssl_conf_session_tickets_cb	0	static
C:/Users/lr228/UWBIOT_SR150_LiamRoth/uwbiot-top/ext/mbedtls/library/ssl_tls.c:4915:6:mbedtls_ssl_conf_export_keys_cb	0	static
C:/Users/lr228/UWBIOT_SR150_LiamRoth/uwbiot-top/ext/mbedtls/library/ssl_tls.c:4923:6:mbedtls_ssl_conf_export_keys_ext_cb	0	static
C:/Users/lr228/UWBIOT_SR150_LiamRoth/uwbiot-top/ext/mbedtls/library/ssl_tls.c:4972:10:mbedtls_ssl_get_verify_result	0	static
C:/Users/lr228/UWBIOT_SR150_LiamRoth/uwbiot-top/ext/mbedtls/library/ssl_tls.c:4983:13:mbedtls_ssl_get_ciphersuite	8	static
C:/Users/lr228/UWBIOT_SR150_LiamRoth/uwbiot-top/ext/mbedtls/library/ssl_tls.c:4991:13:mbedtls_ssl_get_version	0	static
C:/Users/lr228/UWBIOT_SR150_LiamRoth/uwbiot-top/ext/mbedtls/library/ssl_tls.c:5030:8:mbedtls_ssl_get_input_max_frag_len	16	static
C:/Users/lr228/UWBIOT_SR150_LiamRoth/uwbiot-top/ext/mbedtls/library/ssl_tls.c:5065:8:mbedtls_ssl_get_output_max_frag_len	16	static
C:/Users/lr228/UWBIOT_SR150_LiamRoth/uwbiot-top/ext/mbedtls/library/ssl_tls.c:5092:8:mbedtls_ssl_get_max_frag_len	8	static
C:/Users/lr228/UWBIOT_SR150_LiamRoth/uwbiot-top/ext/mbedtls/library/ssl_tls.c:5100:8:mbedtls_ssl_get_current_mtu	0	static
C:/Users/lr228/UWBIOT_SR150_LiamRoth/uwbiot-top/ext/mbedtls/library/ssl_tls.c:5119:5:mbedtls_ssl_get_max_out_record_payload	16	static
C:/Users/lr228/UWBIOT_SR150_LiamRoth/uwbiot-top/ext/mbedtls/library/ssl_tls.c:5165:25:mbedtls_ssl_get_peer_cert	0	static
C:/Users/lr228/UWBIOT_SR150_LiamRoth/uwbiot-top/ext/mbedtls/library/ssl_tls.c:5194:28:mbedtls_ssl_get_session_pointer	0	static
C:/Users/lr228/UWBIOT_SR150_LiamRoth/uwbiot-top/ext/mbedtls/library/ssl_tls.c:5509:5:mbedtls_ssl_session_save	16	static
C:/Users/lr228/UWBIOT_SR150_LiamRoth/uwbiot-top/ext/mbedtls/library/ssl_tls.c:5764:5:mbedtls_ssl_handshake_step	8	static
C:/Users/lr228/UWBIOT_SR150_LiamRoth/uwbiot-top/ext/mbedtls/library/ssl_tls.c:5786:5:mbedtls_ssl_handshake	8	static
C:/Users/lr228/UWBIOT_SR150_LiamRoth/uwbiot-top/ext/mbedtls/library/ssl_tls.c:5965:6:mbedtls_ssl_handshake_free	16	static
C:/Users/lr228/UWBIOT_SR150_LiamRoth/uwbiot-top/ext/mbedtls/library/ssl_tls.c:3351:6:mbedtls_ssl_handshake_wrapup_free_hs_transform	8	static
C:/Users/lr228/UWBIOT_SR150_LiamRoth/uwbiot-top/ext/mbedtls/library/ssl_tls.c:6088:6:mbedtls_ssl_session_free	8	static
C:/Users/lr228/UWBIOT_SR150_LiamRoth/uwbiot-top/ext/mbedtls/library/ssl_tls.c:184:5:mbedtls_ssl_session_copy	16	static
C:/Users/lr228/UWBIOT_SR150_LiamRoth/uwbiot-top/ext/mbedtls/library/ssl_tls.c:4181:5:mbedtls_ssl_set_session	8	static
C:/Users/lr228/UWBIOT_SR150_LiamRoth/uwbiot-top/ext/mbedtls/library/ssl_tls.c:5179:5:mbedtls_ssl_get_session	8	static
C:/Users/lr228/UWBIOT_SR150_LiamRoth/uwbiot-top/ext/mbedtls/library/ssl_tls.c:3376:6:mbedtls_ssl_handshake_wrapup	16	static
C:/Users/lr228/UWBIOT_SR150_LiamRoth/uwbiot-top/ext/mbedtls/library/ssl_tls.c:5749:5:mbedtls_ssl_session_load	16	static
C:/Users/lr228/UWBIOT_SR150_LiamRoth/uwbiot-top/ext/mbedtls/library/ssl_tls.c:3726:12:ssl_handshake_init	24	static
C:/Users/lr228/UWBIOT_SR150_LiamRoth/uwbiot-top/ext/mbedtls/library/ssl_tls.c:3842:5:mbedtls_ssl_setup	16	static
C:/Users/lr228/UWBIOT_SR150_LiamRoth/uwbiot-top/ext/mbedtls/library/ssl_tls.c:5857:5:mbedtls_ssl_start_renegotiation	8	static
C:/Users/lr228/UWBIOT_SR150_LiamRoth/uwbiot-top/ext/mbedtls/library/ssl_tls.c:5897:5:mbedtls_ssl_renegotiate	8	static
C:/Users/lr228/UWBIOT_SR150_LiamRoth/uwbiot-top/ext/mbedtls/library/ssl_tls.c:3926:5:mbedtls_ssl_session_reset_int	16	static
C:/Users/lr228/UWBIOT_SR150_LiamRoth/uwbiot-top/ext/mbedtls/library/ssl_tls.c:4052:5:mbedtls_ssl_session_reset	8	static
C:/Users/lr228/UWBIOT_SR150_LiamRoth/uwbiot-top/ext/mbedtls/library/ssl_tls.c:6192:5:mbedtls_ssl_context_save	56	static
C:/Users/lr228/UWBIOT_SR150_LiamRoth/uwbiot-top/ext/mbedtls/library/ssl_tls.c:6748:6:mbedtls_ssl_free	16	static
C:/Users/lr228/UWBIOT_SR150_LiamRoth/uwbiot-top/ext/mbedtls/library/ssl_tls.c:6732:5:mbedtls_ssl_context_load	64	static
C:/Users/lr228/UWBIOT_SR150_LiamRoth/uwbiot-top/ext/mbedtls/library/ssl_tls.c:6841:6:mbedtls_ssl_config_init	8	static
C:/Users/lr228/UWBIOT_SR150_LiamRoth/uwbiot-top/ext/mbedtls/library/ssl_tls.c:6892:5:mbedtls_ssl_config_defaults	296	static
C:/Users/lr228/UWBIOT_SR150_LiamRoth/uwbiot-top/ext/mbedtls/library/ssl_tls.c:7056:6:mbedtls_ssl_config_free	16	static
C:/Users/lr228/UWBIOT_SR150_LiamRoth/uwbiot-top/ext/mbedtls/library/ssl_tls.c:7093:15:mbedtls_ssl_sig_from_pk	8	static
C:/Users/lr228/UWBIOT_SR150_LiamRoth/uwbiot-top/ext/mbedtls/library/ssl_tls.c:7106:15:mbedtls_ssl_sig_from_pk_alg	0	static
C:/Users/lr228/UWBIOT_SR150_LiamRoth/uwbiot-top/ext/mbedtls/library/ssl_tls.c:7119:19:mbedtls_ssl_pk_alg_from_sig	0	static
C:/Users/lr228/UWBIOT_SR150_LiamRoth/uwbiot-top/ext/mbedtls/library/ssl_tls.c:7141:19:mbedtls_ssl_sig_hash_set_find	0	static
C:/Users/lr228/UWBIOT_SR150_LiamRoth/uwbiot-top/ext/mbedtls/library/ssl_tls.c:7156:6:mbedtls_ssl_sig_hash_set_add	0	static
C:/Users/lr228/UWBIOT_SR150_LiamRoth/uwbiot-top/ext/mbedtls/library/ssl_tls.c:7178:6:mbedtls_ssl_sig_hash_set_const_hash	0	static
C:/Users/lr228/UWBIOT_SR150_LiamRoth/uwbiot-top/ext/mbedtls/library/ssl_tls.c:7191:19:mbedtls_ssl_md_alg_from_hash	0	static
C:/Users/lr228/UWBIOT_SR150_LiamRoth/uwbiot-top/ext/mbedtls/library/ssl_tls.c:7223:15:mbedtls_ssl_hash_from_md_alg	0	static
C:/Users/lr228/UWBIOT_SR150_LiamRoth/uwbiot-top/ext/mbedtls/library/ssl_tls.c:7257:5:mbedtls_ssl_check_curve	0	static
C:/Users/lr228/UWBIOT_SR150_LiamRoth/uwbiot-top/ext/mbedtls/library/ssl_tls.c:7277:5:mbedtls_ssl_check_sig_hash	0	static
C:/Users/lr228/UWBIOT_SR150_LiamRoth/uwbiot-top/ext/mbedtls/library/ssl_tls.c:7294:5:mbedtls_ssl_check_cert_usage	24	static
C:/Users/lr228/UWBIOT_SR150_LiamRoth/uwbiot-top/ext/mbedtls/library/ssl_tls.c:2777:5:mbedtls_ssl_parse_certificate	64	static
C:/Users/lr228/UWBIOT_SR150_LiamRoth/uwbiot-top/ext/mbedtls/library/ssl_tls.c:7384:5:mbedtls_ssl_set_calc_verify_md	0	static
C:/Users/lr228/UWBIOT_SR150_LiamRoth/uwbiot-top/ext/mbedtls/library/ssl_tls.c:7428:5:mbedtls_ssl_get_key_exchange_md_ssl_tls	208	static
C:/Users/lr228/UWBIOT_SR150_LiamRoth/uwbiot-top/ext/mbedtls/library/ssl_tls.c:7578:5:mbedtls_ssl_get_key_exchange_md_tls1_2	40	static
