/Users/liam/Documents/nezami_project/code/murata-sdk/Type2BP_SDK_UWBIOT_SR150_v04.06.05_MCUx/UWBIOT_SR150_v04.06.05_MCUx/uwbiot-top/ext/mbedtls/library/ssl_cache.c:41:6:mbedtls_ssl_cache_init	8	static
/Users/liam/Documents/nezami_project/code/murata-sdk/Type2BP_SDK_UWBIOT_SR150_v04.06.05_MCUx/UWBIOT_SR150_v04.06.05_MCUx/uwbiot-top/ext/mbedtls/library/ssl_cache.c:53:5:mbedtls_ssl_cache_get	16	static
/Users/liam/Documents/nezami_project/code/murata-sdk/Type2BP_SDK_UWBIOT_SR150_v04.06.05_MCUx/UWBIOT_SR150_v04.06.05_MCUx/uwbiot-top/ext/mbedtls/library/ssl_cache.c:140:5:mbedtls_ssl_cache_set	24	static
/Users/liam/Documents/nezami_project/code/murata-sdk/Type2BP_SDK_UWBIOT_SR150_v04.06.05_MCUx/UWBIOT_SR150_v04.06.05_MCUx/uwbiot-top/ext/mbedtls/library/ssl_cache.c:313:6:mbedtls_ssl_cache_set_max_entries	0	static
/Users/liam/Documents/nezami_project/code/murata-sdk/Type2BP_SDK_UWBIOT_SR150_v04.06.05_MCUx/UWBIOT_SR150_v04.06.05_MCUx/uwbiot-top/ext/mbedtls/library/ssl_cache.c:320:6:mbedtls_ssl_cache_free	16	static
