C:/Users/lr228/UWBIOT_SR150_LiamRoth/uwbiot-top/ext/mbedtls/library/ssl_ticket.c:69:12:ssl_ticket_gen_key	48	static
C:/Users/lr228/UWBIOT_SR150_LiamRoth/uwbiot-top/ext/mbedtls/library/ssl_ticket.c:42:6:mbedtls_ssl_ticket_init	8	static
C:/Users/lr228/UWBIOT_SR150_LiamRoth/uwbiot-top/ext/mbedtls/library/ssl_ticket.c:127:5:mbedtls_ssl_ticket_setup	16	static
C:/Users/lr228/UWBIOT_SR150_LiamRoth/uwbiot-top/ext/mbedtls/library/ssl_ticket.c:198:5:mbedtls_ssl_ticket_write	80	static
C:/Users/lr228/UWBIOT_SR150_LiamRoth/uwbiot-top/ext/mbedtls/library/ssl_ticket.c:298:5:mbedtls_ssl_ticket_parse	64	static
C:/Users/lr228/UWBIOT_SR150_LiamRoth/uwbiot-top/ext/mbedtls/library/ssl_ticket.c:393:6:mbedtls_ssl_ticket_free	8	static
