C:/Users/lr228/UWBIOT_SR150_LiamRoth/uwbiot-top/ext/mbedtls/library/x509_crl.c:625:5:mbedtls_x509_crl_info	72	static
C:/Users/lr228/UWBIOT_SR150_LiamRoth/uwbiot-top/ext/mbedtls/library/x509_crl.c:700:6:mbedtls_x509_crl_init	8	static
C:/Users/lr228/UWBIOT_SR150_LiamRoth/uwbiot-top/ext/mbedtls/library/x509_crl.c:708:6:mbedtls_x509_crl_free	32	static
C:/Users/lr228/UWBIOT_SR150_LiamRoth/uwbiot-top/ext/mbedtls/library/x509_crl.c:295:5:mbedtls_x509_crl_parse_der	96	static
C:/Users/lr228/UWBIOT_SR150_LiamRoth/uwbiot-top/ext/mbedtls/library/x509_crl.c:534:5:mbedtls_x509_crl_parse	64	static
