C:/Users/lr228/UWBIOT_SR150_LiamRoth/uwbiot-top/ext/mbedtls/library/x509_crt.c:179:12:x509_profile_check_pk_alg	0	static
C:/Users/lr228/UWBIOT_SR150_LiamRoth/uwbiot-top/ext/mbedtls/library/x509_crt.c:233:12:x509_memcasecmp	4	static
C:/Users/lr228/UWBIOT_SR150_LiamRoth/uwbiot-top/ext/mbedtls/library/x509_crt.c:328:12:x509_name_cmp	16	static
C:/Users/lr228/UWBIOT_SR150_LiamRoth/uwbiot-top/ext/mbedtls/library/x509_crt.c:195:12:x509_profile_check_key	16	static
C:/Users/lr228/UWBIOT_SR150_LiamRoth/uwbiot-top/ext/mbedtls/library/x509_crt.c:2991:12:x509_crt_check_cn	16	static
C:/Users/lr228/UWBIOT_SR150_LiamRoth/uwbiot-top/ext/mbedtls/library/x509_crt.c:1883:5:mbedtls_x509_parse_subject_alt_name	64	static
C:/Users/lr228/UWBIOT_SR150_LiamRoth/uwbiot-top/ext/mbedtls/library/x509_crt.c:2058:5:mbedtls_x509_crt_info	128	static
C:/Users/lr228/UWBIOT_SR150_LiamRoth/uwbiot-top/ext/mbedtls/library/x509_crt.c:2230:5:mbedtls_x509_crt_verify_info	48	static
C:/Users/lr228/UWBIOT_SR150_LiamRoth/uwbiot-top/ext/mbedtls/library/x509_crt.c:2259:5:mbedtls_x509_crt_check_key_usage	0	static
C:/Users/lr228/UWBIOT_SR150_LiamRoth/uwbiot-top/ext/mbedtls/library/x509_crt.c:2284:5:mbedtls_x509_crt_check_extended_key_usage	24	static
C:/Users/lr228/UWBIOT_SR150_LiamRoth/uwbiot-top/ext/mbedtls/library/x509_crt.c:2319:5:mbedtls_x509_crt_is_revoked	16	static
C:/Users/lr228/UWBIOT_SR150_LiamRoth/uwbiot-top/ext/mbedtls/library/x509_crt.c:3113:12:x509_crt_verify_restartable_ca_cb	256	static
C:/Users/lr228/UWBIOT_SR150_LiamRoth/uwbiot-top/ext/mbedtls/library/x509_crt.c:3201:5:mbedtls_x509_crt_verify	40	static
C:/Users/lr228/UWBIOT_SR150_LiamRoth/uwbiot-top/ext/mbedtls/library/x509_crt.c:3218:5:mbedtls_x509_crt_verify_with_profile	40	static
C:/Users/lr228/UWBIOT_SR150_LiamRoth/uwbiot-top/ext/mbedtls/library/x509_crt.c:3252:5:mbedtls_x509_crt_verify_restartable	40	static
C:/Users/lr228/UWBIOT_SR150_LiamRoth/uwbiot-top/ext/mbedtls/library/x509_crt.c:3271:6:mbedtls_x509_crt_init	8	static
C:/Users/lr228/UWBIOT_SR150_LiamRoth/uwbiot-top/ext/mbedtls/library/x509_crt.c:3279:6:mbedtls_x509_crt_free	32	static
C:/Users/lr228/UWBIOT_SR150_LiamRoth/uwbiot-top/ext/mbedtls/library/x509_crt.c:1336:12:mbedtls_x509_crt_parse_der_internal	192	static
C:/Users/lr228/UWBIOT_SR150_LiamRoth/uwbiot-top/ext/mbedtls/library/x509_crt.c:1388:5:mbedtls_x509_crt_parse_der_nocopy	16	static
C:/Users/lr228/UWBIOT_SR150_LiamRoth/uwbiot-top/ext/mbedtls/library/x509_crt.c:1395:5:mbedtls_x509_crt_parse_der_with_ext_cb	16	static
C:/Users/lr228/UWBIOT_SR150_LiamRoth/uwbiot-top/ext/mbedtls/library/x509_crt.c:1405:5:mbedtls_x509_crt_parse_der	16	static
C:/Users/lr228/UWBIOT_SR150_LiamRoth/uwbiot-top/ext/mbedtls/library/x509_crt.c:1416:5:mbedtls_x509_crt_parse	80	static
