/Users/liam/Documents/nezami_project/code/murata-sdk/Type2BP_SDK_UWBIOT_SR150_v04.06.05_MCUx/UWBIOT_SR150_v04.06.05_MCUx/uwbiot-top/libs/uwb-iot/uwb_api/PrintUtility/PrintUtility.c:20:14:printGenericErrorStatus	0	static
/Users/liam/Documents/nezami_project/code/murata-sdk/Type2BP_SDK_UWBIOT_SR150_v04.06.05_MCUx/UWBIOT_SR150_v04.06.05_MCUx/uwbiot-top/libs/uwb-iot/uwb_api/PrintUtility/PrintUtility.c:27:14:printSessionStatusData	8	static
/Users/liam/Documents/nezami_project/code/murata-sdk/Type2BP_SDK_UWBIOT_SR150_v04.06.05_MCUx/UWBIOT_SR150_v04.06.05_MCUx/uwbiot-top/libs/uwb-iot/uwb_api/PrintUtility/PrintUtility.c:39:14:printUwbSessionData	40	static
/Users/liam/Documents/nezami_project/code/murata-sdk/Type2BP_SDK_UWBIOT_SR150_v04.06.05_MCUx/UWBIOT_SR150_v04.06.05_MCUx/uwbiot-top/libs/uwb-iot/uwb_api/PrintUtility/PrintUtility.c:56:14:printMulticastListStatus	40	static
/Users/liam/Documents/nezami_project/code/murata-sdk/Type2BP_SDK_UWBIOT_SR150_v04.06.05_MCUx/UWBIOT_SR150_v04.06.05_MCUx/uwbiot-top/libs/uwb-iot/uwb_api/PrintUtility/PrintUtility.c:83:14:printRangingParams	0	static
/Users/liam/Documents/nezami_project/code/murata-sdk/Type2BP_SDK_UWBIOT_SR150_v04.06.05_MCUx/UWBIOT_SR150_v04.06.05_MCUx/uwbiot-top/libs/uwb-iot/uwb_api/PrintUtility/PrintUtility.c:106:14:printRangingData	40	static
/Users/liam/Documents/nezami_project/code/murata-sdk/Type2BP_SDK_UWBIOT_SR150_v04.06.05_MCUx/UWBIOT_SR150_v04.06.05_MCUx/uwbiot-top/libs/uwb-iot/uwb_api/PrintUtility/PrintUtility.c:401:14:printTransmitStatus	8	static
/Users/liam/Documents/nezami_project/code/murata-sdk/Type2BP_SDK_UWBIOT_SR150_v04.06.05_MCUx/UWBIOT_SR150_v04.06.05_MCUx/uwbiot-top/libs/uwb-iot/uwb_api/PrintUtility/PrintUtility.c:418:14:printRcvDataStatus	16	static
/Users/liam/Documents/nezami_project/code/murata-sdk/Type2BP_SDK_UWBIOT_SR150_v04.06.05_MCUx/UWBIOT_SR150_v04.06.05_MCUx/uwbiot-top/libs/uwb-iot/uwb_api/PrintUtility/PrintUtility.c:474:14:printWiFiCoExIndNtf	0	static
/Users/liam/Documents/nezami_project/code/murata-sdk/Type2BP_SDK_UWBIOT_SR150_v04.06.05_MCUx/UWBIOT_SR150_v04.06.05_MCUx/uwbiot-top/libs/uwb-iot/uwb_api/PrintUtility/PrintUtility.c:485:14:printAliroRangingData	0	static
/Users/liam/Documents/nezami_project/code/murata-sdk/Type2BP_SDK_UWBIOT_SR150_v04.06.05_MCUx/UWBIOT_SR150_v04.06.05_MCUx/uwbiot-top/libs/uwb-iot/uwb_api/PrintUtility/PrintUtility.c:537:14:printDataTxPhaseCfgNtf	8	static
