C:/Users/lr228/UWBIOT_SR150_LiamRoth/uwbiot-top/boards/Host/Rhodes4/UWBT_Config.c:43:13:UWBT_CfgReadBleName	8	static
C:/Users/lr228/UWBIOT_SR150_LiamRoth/uwbiot-top/boards/Host/Rhodes4/UWBT_Config.c:52:10:UWBT_CfgReadBleInterval	8	static
C:/Users/lr228/UWBIOT_SR150_LiamRoth/uwbiot-top/boards/Host/Rhodes4/UWBT_Config.c:62:6:UWBT_CfgWriteBleName	16	static
C:/Users/lr228/UWBIOT_SR150_LiamRoth/uwbiot-top/boards/Host/Rhodes4/UWBT_Config.c:77:6:UWBT_CfgWriteBleInterval	16	static
C:/Users/lr228/UWBIOT_SR150_LiamRoth/uwbiot-top/boards/Host/Rhodes4/UWBT_Config.c:102:6:UWBT_CfgInit	8	static
